Component: ARM Compiler 5.06 update 7 (build 960) Tool: armlink [4d3601]

==============================================================================

Section Cross References

    startup_stm32f10x_md.o(RESET) refers to startup_stm32f10x_md.o(STACK) for __initial_sp
    startup_stm32f10x_md.o(RESET) refers to startup_stm32f10x_md.o(.text) for Reset_Handler
    startup_stm32f10x_md.o(RESET) refers to stm32f10x_it.o(i.NMI_Handler) for NMI_Handler
    startup_stm32f10x_md.o(RESET) refers to stm32f10x_it.o(i.HardFault_Handler) for HardFault_Handler
    startup_stm32f10x_md.o(RESET) refers to stm32f10x_it.o(i.MemManage_Handler) for MemManage_Handler
    startup_stm32f10x_md.o(RESET) refers to stm32f10x_it.o(i.BusFault_Handler) for BusFault_Handler
    startup_stm32f10x_md.o(RESET) refers to stm32f10x_it.o(i.UsageFault_Handler) for UsageFault_Handler
    startup_stm32f10x_md.o(RESET) refers to port.o(.emb_text) for SVC_Handler
    startup_stm32f10x_md.o(RESET) refers to stm32f10x_it.o(i.DebugMon_Handler) for DebugMon_Handler
    startup_stm32f10x_md.o(RESET) refers to stm32f10x_it.o(i.SysTick_Handler) for SysTick_Handler
    startup_stm32f10x_md.o(RESET) refers to stm32f10x_it.o(i.EXTI9_5_IRQHandler) for EXTI9_5_IRQHandler
    startup_stm32f10x_md.o(RESET) refers to stm32f10x_it.o(i.TIM1_UP_IRQHandler) for TIM1_UP_IRQHandler
    startup_stm32f10x_md.o(RESET) refers to stm32f10x_it.o(i.TIM3_IRQHandler) for TIM3_IRQHandler
    startup_stm32f10x_md.o(RESET) refers to stm32f10x_it.o(i.USART1_IRQHandler) for USART1_IRQHandler
    startup_stm32f10x_md.o(.text) refers to system_stm32f10x.o(i.SystemInit) for SystemInit
    startup_stm32f10x_md.o(.text) refers to entry.o(.ARM.Collect$$$$00000000) for __main
    stm32f10x_adc.o(i.ADC_DeInit) refers to stm32f10x_rcc.o(i.RCC_APB2PeriphResetCmd) for RCC_APB2PeriphResetCmd
    stm32f10x_bkp.o(i.BKP_DeInit) refers to stm32f10x_rcc.o(i.RCC_BackupResetCmd) for RCC_BackupResetCmd
    stm32f10x_can.o(i.CAN_DeInit) refers to stm32f10x_rcc.o(i.RCC_APB1PeriphResetCmd) for RCC_APB1PeriphResetCmd
    stm32f10x_can.o(i.CAN_GetITStatus) refers to stm32f10x_can.o(i.CheckITStatus) for CheckITStatus
    stm32f10x_cec.o(i.CEC_DeInit) refers to stm32f10x_rcc.o(i.RCC_APB1PeriphResetCmd) for RCC_APB1PeriphResetCmd
    stm32f10x_dac.o(i.DAC_DeInit) refers to stm32f10x_rcc.o(i.RCC_APB1PeriphResetCmd) for RCC_APB1PeriphResetCmd
    stm32f10x_flash.o(i.FLASH_EnableWriteProtection) refers to stm32f10x_flash.o(i.FLASH_WaitForLastOperation) for FLASH_WaitForLastOperation
    stm32f10x_flash.o(i.FLASH_EraseAllBank1Pages) refers to stm32f10x_flash.o(i.FLASH_WaitForLastBank1Operation) for FLASH_WaitForLastBank1Operation
    stm32f10x_flash.o(i.FLASH_EraseAllPages) refers to stm32f10x_flash.o(i.FLASH_WaitForLastOperation) for FLASH_WaitForLastOperation
    stm32f10x_flash.o(i.FLASH_EraseOptionBytes) refers to stm32f10x_flash.o(i.FLASH_GetReadOutProtectionStatus) for FLASH_GetReadOutProtectionStatus
    stm32f10x_flash.o(i.FLASH_EraseOptionBytes) refers to stm32f10x_flash.o(i.FLASH_WaitForLastOperation) for FLASH_WaitForLastOperation
    stm32f10x_flash.o(i.FLASH_ErasePage) refers to stm32f10x_flash.o(i.FLASH_WaitForLastOperation) for FLASH_WaitForLastOperation
    stm32f10x_flash.o(i.FLASH_ProgramHalfWord) refers to stm32f10x_flash.o(i.FLASH_WaitForLastOperation) for FLASH_WaitForLastOperation
    stm32f10x_flash.o(i.FLASH_ProgramOptionByteData) refers to stm32f10x_flash.o(i.FLASH_WaitForLastOperation) for FLASH_WaitForLastOperation
    stm32f10x_flash.o(i.FLASH_ProgramWord) refers to stm32f10x_flash.o(i.FLASH_WaitForLastOperation) for FLASH_WaitForLastOperation
    stm32f10x_flash.o(i.FLASH_ReadOutProtection) refers to stm32f10x_flash.o(i.FLASH_WaitForLastOperation) for FLASH_WaitForLastOperation
    stm32f10x_flash.o(i.FLASH_UserOptionByteConfig) refers to stm32f10x_flash.o(i.FLASH_WaitForLastOperation) for FLASH_WaitForLastOperation
    stm32f10x_flash.o(i.FLASH_WaitForLastBank1Operation) refers to stm32f10x_flash.o(i.FLASH_GetBank1Status) for FLASH_GetBank1Status
    stm32f10x_flash.o(i.FLASH_WaitForLastOperation) refers to stm32f10x_flash.o(i.FLASH_GetBank1Status) for FLASH_GetBank1Status
    stm32f10x_gpio.o(i.GPIO_AFIODeInit) refers to stm32f10x_rcc.o(i.RCC_APB2PeriphResetCmd) for RCC_APB2PeriphResetCmd
    stm32f10x_gpio.o(i.GPIO_DeInit) refers to stm32f10x_rcc.o(i.RCC_APB2PeriphResetCmd) for RCC_APB2PeriphResetCmd
    stm32f10x_i2c.o(i.I2C_DeInit) refers to stm32f10x_rcc.o(i.RCC_APB1PeriphResetCmd) for RCC_APB1PeriphResetCmd
    stm32f10x_i2c.o(i.I2C_Init) refers to stm32f10x_rcc.o(i.RCC_GetClocksFreq) for RCC_GetClocksFreq
    stm32f10x_pwr.o(i.PWR_DeInit) refers to stm32f10x_rcc.o(i.RCC_APB1PeriphResetCmd) for RCC_APB1PeriphResetCmd
    stm32f10x_rcc.o(i.RCC_GetClocksFreq) refers to stm32f10x_rcc.o(.data) for APBAHBPrescTable
    stm32f10x_rcc.o(i.RCC_WaitForHSEStartUp) refers to stm32f10x_rcc.o(i.RCC_GetFlagStatus) for RCC_GetFlagStatus
[...]
    ..\Library\STM32F10x_StdPeriph_Driver\src\stm32f10x_iwdg.c 0x00000000   Number         0  stm32f10x_iwdg.o ABSOLUTE
    ..\Library\STM32F10x_StdPeriph_Driver\src\stm32f10x_pwr.c 0x00000000   Number         0  stm32f10x_pwr.o ABSOLUTE
    ..\Library\STM32F10x_StdPeriph_Driver\src\stm32f10x_rcc.c 0x00000000   Number         0  stm32f10x_rcc.o ABSOLUTE
    ..\Library\STM32F10x_StdPeriph_Driver\src\stm32f10x_rtc.c 0x00000000   Number         0  stm32f10x_rtc.o ABSOLUTE
    ..\Library\STM32F10x_StdPeriph_Driver\src\stm32f10x_sdio.c 0x00000000   Number         0  stm32f10x_sdio.o ABSOLUTE
    ..\Library\STM32F10x_StdPeriph_Driver\src\stm32f10x_spi.c 0x00000000   Number         0  stm32f10x_spi.o ABSOLUTE
    ..\Library\STM32F10x_StdPeriph_Driver\src\stm32f10x_tim.c 0x00000000   Number         0  stm32f10x_tim.o ABSOLUTE
    ..\Library\STM32F10x_StdPeriph_Driver\src\stm32f10x_usart.c 0x00000000   Number         0  stm32f10x_usart.o ABSOLUTE
    ..\Library\STM32F10x_StdPeriph_Driver\src\stm32f10x_wwdg.c 0x00000000   Number         0  stm32f10x_wwdg.o ABSOLUTE
    ..\User\delay-FreeRTOS\bsp_delay.c       0x00000000   Number         0  bsp_delay.o ABSOLUTE
    ..\User\main.c                           0x00000000   Number         0  main.o ABSOLUTE
    ..\User\stm32f10x_it.c                   0x00000000   Number         0  stm32f10x_it.o ABSOLUTE
    ..\\FreeRtos\\portable\\ARM_CM3\\port.c  0x00000000   Number         0  port.o ABSOLUTE
    ..\\Library\\CMSIS\\core_cm3.c           0x00000000   Number         0  core_cm3.o ABSOLUTE
    cdcmple.s                                0x00000000   Number         0  cdcmple.o ABSOLUTE
    cdrcmple.s                               0x00000000   Number         0  cdrcmple.o ABSOLUTE
    dc.s                                     0x00000000   Number         0  dc.o ABSOLUTE
    handlers.s                               0x00000000   Number         0  handlers.o ABSOLUTE
    init.s                                   0x00000000   Number         0  init.o ABSOLUTE
    RESET                                    0x08000000   Section      236  startup_stm32f10x_md.o(RESET)
    .ARM.Collect$$$$00000000                 0x080000ec   Section        0  entry.o(.ARM.Collect$$$$00000000)
    .ARM.Collect$$$$00000001                 0x080000ec   Section        4  entry2.o(.ARM.Collect$$$$00000001)
    .ARM.Collect$$$$00000004                 0x080000f0   Section        4  entry5.o(.ARM.Collect$$$$00000004)
    .ARM.Collect$$$$00000008                 0x080000f4   Section        0  entry7b.o(.ARM.Collect$$$$00000008)
    .ARM.Collect$$$$0000000A                 0x080000f4   Section        0  entry8b.o(.ARM.Collect$$$$0000000A)
    .ARM.Collect$$$$0000000B                 0x080000f4   Section        8  entry9a.o(.ARM.Collect$$$$0000000B)
    .ARM.Collect$$$$0000000E                 0x080000fc   Section        4  entry12b.o(.ARM.Collect$$$$0000000E)
    .ARM.Collect$$$$0000000F                 0x08000100   Section        0  entry10a.o(.ARM.Collect$$$$0000000F)
    .ARM.Collect$$$$00000011                 0x08000100   Section        0  entry11a.o(.ARM.Collect$$$$00000011)
    .ARM.Collect$$$$00002712                 0x08000100   Section        4  entry2.o(.ARM.Collect$$$$00002712)
    __lit__00000000                          0x08000100   Data           4  entry2.o(.ARM.Collect$$$$00002712)
    .emb_text                                0x08000104   Section      150  port.o(.emb_text)
    .text                                    0x0800019c   Section       36  startup_stm32f10x_md.o(.text)
    .text                                    0x080001c0   Section        0  memcpya.o(.text)
    .text                                    0x080001e4   Section        0  memseta.o(.text)
    .text                                    0x08000208   Section        0  uidiv.o(.text)
    .text                                    0x08000234   Section       36  init.o(.text)
    i.ASCII_12X24_ADDR                       0x08000258   Section        0  gt30l32s4w.o(i.ASCII_12X24_ADDR)
    i.ASCII_16X32_ADDR                       0x0800027c   Section        0  gt30l32s4w.o(i.ASCII_16X32_ADDR)
    i.ASCII_6X12_ADDR                        0x0800029c   Section        0  gt30l32s4w.o(i.ASCII_6X12_ADDR)
    i.ASCII_8X16_ADDR                        0x080002c0   Section        0  gt30l32s4w.o(i.ASCII_8X16_ADDR)
    i.ASCII_Addr_Tans                        0x080002e0   Section        0  gt30l32s4w.o(i.ASCII_Addr_Tans)
    i.AppTaskCreate                          0x08000330   Section        0  main.o(i.AppTaskCreate)
    AppTaskCreate                            0x08000331   Thumb Code   316  main.o(i.AppTaskCreate)
    i.BEEP_GPIO_Config                       0x08000654   Section        0  bsp_beep.o(i.BEEP_GPIO_Config)
    i.BSP_Init                               0x08000688   Section        0  main.o(i.BSP_Init)
    BSP_Init                                 0x08000689   Thumb Code   144  main.o(i.BSP_Init)
    i.Backtrack_Fun                          0x08000728   Section        0  bsp_button.o(i.Backtrack_Fun)
    i.BusFault_Handler                       0x080007b0   Section        0  stm32f10x_it.o(i.BusFault_Handler)
    i.Button_Dealing                         0x080007b4   Section        0  bsp_button.o(i.Button_Dealing)
    i.Button_Draw                            0x080008f8   Section        0  bsp_button.o(i.Button_Draw)
    i.Button_Init                            0x080009c8   Section        0  bsp_button.o(i.Button_Init)
    i.Connection_Count_Show                  0x08000b8c   Section        0  bsp_interface.o(i.Connection_Count_Show)
    i.DebugMon_Handler                       0x08000bf8   Section        0  stm32f10x_it.o(i.DebugMon_Handler)
    i.Determine_Fun                          0x08000bfc   Section        0  bsp_button.o(i.Determine_Fun)
    i.Down_Fun                               0x08000cb8   Section        0  bsp_button.o(i.Down_Fun)
    i.EXTI9_5_IRQHandler                     0x08000d58   Section        0  stm32f10x_it.o(i.EXTI9_5_IRQHandler)
    i.EXTIX_DealTask                         0x08000d9c   Section        0  main.o(i.EXTIX_DealTask)
    EXTIX_DealTask                           0x08000d9d   Thumb Code   452  main.o(i.EXTIX_DealTask)
    i.EXTI_ClearITPendingBit                 0x08000fa8   Section        0  stm32f10x_exti.o(i.EXTI_ClearITPendingBit)
    i.EXTI_GetITStatus                       0x08000fb4   Section        0  stm32f10x_exti.o(i.EXTI_GetITStatus)
    i.EXTI_Init                              0x08000fdc   Section        0  stm32f10x_exti.o(i.EXTI_Init)
    i.Empty_Fun                              0x08001070   Section        0  bsp_button.o(i.Empty_Fun)
    i.Empty_Insure                           0x08001078   Section        0  bsp_interface.o(i.Empty_Insure)
    i.Empty_Records                          0x080010d4   Section        0  bsp_interface.o(i.Empty_Records)
    i.Exti_Close                             0x080011c0   Section        0  bsp_exti.o(i.Exti_Close)
    i.Exti_Init                              0x080011dc   Section        0  bsp_exti.o(i.Exti_Init)
    i.Exti_Open                              0x0800124c   Section        0  bsp_exti.o(i.Exti_Open)
    i.Face_SwitchTask                        0x08001268   Section        0  main.o(i.Face_SwitchTask)
    Face_SwitchTask                          0x08001269   Thumb Code   154  main.o(i.Face_SwitchTask)
    i.GB2312_12X12_ADDR                      0x08001320   Section        0  gt30l32s4w.o(i.GB2312_12X12_ADDR)
    i.GB2312_15X16_ADDR                      0x08001388   Section        0  gt30l32s4w.o(i.GB2312_15X16_ADDR)
    i.GB2312_24X24_ADDR                      0x080013f4   Section        0  gt30l32s4w.o(i.GB2312_24X24_ADDR)
    i.GB2312_32X32_ADDR                      0x08001468   Section        0  gt30l32s4w.o(i.GB2312_32X32_ADDR)
    i.GB2312_6X12_ADDR                       0x080014d4   Section        0  gt30l32s4w.o(i.GB2312_6X12_ADDR)
    i.GB2312_8X16_ADDR                       0x0800152c   Section        0  gt30l32s4w.o(i.GB2312_8X16_ADDR)
    i.GB2312_Addr_Tans                       0x0800157c   Section        0  gt30l32s4w.o(i.GB2312_Addr_Tans)
    i.GPIO_EXTILineConfig                    0x080015dc   Section        0  stm32f10x_gpio.o(i.GPIO_EXTILineConfig)
    i.GPIO_Init                              0x0800161c   Section        0  stm32f10x_gpio.o(i.GPIO_Init)
    i.GPIO_ReadInputDataBit                  0x08001732   Section        0  stm32f10x_gpio.o(i.GPIO_ReadInputDataBit)
    i.GPIO_ResetBits                         0x08001744   Section        0  stm32f10x_gpio.o(i.GPIO_ResetBits)
    i.GPIO_SetBits                           0x08001748   Section        0  stm32f10x_gpio.o(i.GPIO_SetBits)
    i.GT30L32S4W_Init                        0x0800174c   Section        0  gt30l32s4w.o(i.GT30L32S4W_Init)
    i.GT30L32S4W_Read                        0x08001770   Section        0  gt30l32s4w.o(i.GT30L32S4W_Read)
    i.HardFault_Handler                      0x0800181c   Section        0  stm32f10x_it.o(i.HardFault_Handler)
    i.ILI9486_clear_screen                   0x08001820   Section        0  ili9486.o(i.ILI9486_clear_screen)
    i.ILI9486_draw_line                      0x08001860   Section        0  ili9486.o(i.ILI9486_draw_line)
    i.ILI9486_draw_rectangle                 0x08001900   Section        0  ili9486.o(i.ILI9486_draw_rectangle)
    i.ILI9486_open_window                    0x08001954   Section        0  ili9486.o(i.ILI9486_open_window)
    i.ILI9486_putpixel                       0x080019bc   Section        0  ili9486.o(i.ILI9486_putpixel)
    i.ILI9486_showchar_Ch                    0x08001a14   Section        0  ili9486.o(i.ILI9486_showchar_Ch)
    i.ILI9486_showchar_En                    0x08001ae6   Section        0  ili9486.o(i.ILI9486_showchar_En)
    i.ILI9486_showstring_Ch                  0x08001bac   Section        0  ili9486.o(i.ILI9486_showstring_Ch)
    i.ILI9486_showstring_En                  0x08001c70   Section        0  ili9486.o(i.ILI9486_showstring_En)
    i.ILI9486_tftlcd_gpio_config             0x08001d1c   Section        0  ili9486.o(i.ILI9486_tftlcd_gpio_config)
    i.ILI9486_tftlcd_init                    0x08001d9c   Section        0  ili9486.o(i.ILI9486_tftlcd_init)
    i.ILI9486_write_cmd                      0x08001f50   Section        0  ili9486.o(i.ILI9486_write_cmd)
    i.ILI9486_write_cmd_data                 0x08001f78   Section        0  ili9486.o(i.ILI9486_write_cmd_data)
    i.ILI9486_write_data                     0x08001fa0   Section        0  ili9486.o(i.ILI9486_write_data)
    i.KeyScan_Task                           0x08001fd8   Section        0  main.o(i.KeyScan_Task)
    KeyScan_Task                             0x08001fd9   Thumb Code    30  main.o(i.KeyScan_Task)
    i.Key_Init                               0x08001ff8   Section        0  bsp_key.o(i.Key_Init)
    i.Key_Scan                               0x08002050   Section        0  bsp_key.o(i.Key_Scan)
    i.Lap_Test_Menu                          0x08002124   Section        0  bsp_interface.o(i.Lap_Test_Menu)
    i.MainMenu                               0x080021f4   Section        0  bsp_interface.o(i.MainMenu)
    i.MemManage_Handler                      0x080022b8   Section        0  stm32f10x_it.o(i.MemManage_Handler)
    i.Multi_slave_function_interface         0x080022bc   Section        0  bsp_interface.o(i.Multi_slave_function_interface)
    i.NMI_Handler                            0x080023c4   Section        0  stm32f10x_it.o(i.NMI_Handler)
    i.NVIC_Init                              0x080023c8   Section        0  misc.o(i.NVIC_Init)
    i.NVIC_PriorityGroupConfig               0x08002438   Section        0  misc.o(i.NVIC_PriorityGroupConfig)
    i.Page_Down                              0x0800244c   Section        0  bsp_interface.o(i.Page_Down)
    i.Page_Up                                0x080026a0   Section        0  bsp_interface.o(i.Page_Up)
    i.RCC_APB1PeriphClockCmd                 0x08002910   Section        0  stm32f10x_rcc.o(i.RCC_APB1PeriphClockCmd)
    i.RCC_APB2PeriphClockCmd                 0x08002930   Section        0  stm32f10x_rcc.o(i.RCC_APB2PeriphClockCmd)
    i.RCC_GetClocksFreq                      0x08002950   Section        0  stm32f10x_rcc.o(i.RCC_GetClocksFreq)
    i.Ready_Fun                              0x08002a24   Section        0  bsp_button.o(i.Ready_Fun)
    i.SPI_Cmd                                0x08002a88   Section        0  stm32f10x_spi.o(i.SPI_Cmd)
    i.SPI_Config                             0x08002aa0   Section        0  bsp_spi.o(i.SPI_Config)
    i.SPI_GPIO_Config                        0x08002af0   Section        0  bsp_spi.o(i.SPI_GPIO_Config)
    i.SPI_I2S_GetFlagStatus                  0x08002b5c   Section        0  stm32f10x_spi.o(i.SPI_I2S_GetFlagStatus)
    i.SPI_I2S_ReceiveData                    0x08002b6e   Section        0  stm32f10x_spi.o(i.SPI_I2S_ReceiveData)
    i.SPI_I2S_SendData                       0x08002b74   Section        0  stm32f10x_spi.o(i.SPI_I2S_SendData)
    i.SPI_ILI9486_Init                       0x08002b78   Section        0  bsp_spi.o(i.SPI_ILI9486_Init)
    i.SPI_Init                               0x08002b84   Section        0  stm32f10x_spi.o(i.SPI_Init)
    i.SPI_SendByte                           0x08002bc0   Section        0  bsp_spi.o(i.SPI_SendByte)
    i.SPI_TIMEOUT_UsertCallback              0x08002c38   Section        0  bsp_spi.o(i.SPI_TIMEOUT_UsertCallback)
    SPI_TIMEOUT_UsertCallback                0x08002c39   Thumb Code    16  bsp_spi.o(i.SPI_TIMEOUT_UsertCallback)
    i.SetSysClock                            0x08002c78   Section        0  system_stm32f10x.o(i.SetSysClock)
    SetSysClock                              0x08002c79   Thumb Code     8  system_stm32f10x.o(i.SetSysClock)
    i.SetSysClockTo72                        0x08002c80   Section        0  system_stm32f10x.o(i.SetSysClockTo72)
    SetSysClockTo72                          0x08002c81   Thumb Code   214  system_stm32f10x.o(i.SetSysClockTo72)
    i.Show_AcceleratedRecords                0x08002d60   Section        0  bsp_interface.o(i.Show_AcceleratedRecords)
    i.Show_Data                              0x08002f14   Section        0  bsp_interface.o(i.Show_Data)
    i.Show_LapRecords                        0x08002fa4   Section        0  bsp_interface.o(i.Show_LapRecords)
    i.Slaver_Check_Interface                 0x08003160   Section        0  bsp_interface.o(i.Slaver_Check_Interface)
    i.SysTick_Handler                        0x080031c0   Section        0  stm32f10x_it.o(i.SysTick_Handler)
    i.SystemInit                             0x080031d0   Section        0  system_stm32f10x.o(i.SystemInit)
    i.TIM1_UP_IRQHandler                     0x08003230   Section        0  stm32f10x_it.o(i.TIM1_UP_IRQHandler)
    i.TIM3_IRQHandler                        0x080032a0   Section        0  stm32f10x_it.o(i.TIM3_IRQHandler)
    i.TIMER1_Init                            0x080032dc   Section        0  bsp_timer.o(i.TIMER1_Init)
    i.TIMER2_Init                            0x0800333c   Section        0  bsp_timer.o(i.TIMER2_Init)
    i.TIMER3_Init                            0x08003398   Section        0  bsp_timer.o(i.TIMER3_Init)
    i.TIM_ClearITPendingBit                  0x080033f8   Section        0  stm32f10x_tim.o(i.TIM_ClearITPendingBit)
    i.TIM_Cmd                                0x080033fe   Section        0  stm32f10x_tim.o(i.TIM_Cmd)
    i.TIM_GetITStatus                        0x08003416   Section        0  stm32f10x_tim.o(i.TIM_GetITStatus)
    i.TIM_ITConfig                           0x08003438   Section        0  stm32f10x_tim.o(i.TIM_ITConfig)
    i.TIM_SetCounter                         0x0800344a   Section        0  stm32f10x_tim.o(i.TIM_SetCounter)
    i.TIM_TimeBaseInit                       0x08003450   Section        0  stm32f10x_tim.o(i.TIM_TimeBaseInit)
    i.TestData_Save                          0x080034f4   Section        0  main.o(i.TestData_Save)
    TestData_Save                            0x080034f5   Thumb Code    56  main.o(i.TestData_Save)
    i.Timer1_Off                             0x08003540   Section        0  bsp_timer.o(i.Timer1_Off)
    i.Timer1_Open                            0x08003558   Section        0  bsp_timer.o(i.Timer1_Open)
    i.Timer3_Off                             0x0800357c   Section        0  bsp_timer.o(i.Timer3_Off)
    i.Timer3_Open                            0x08003594   Section        0  bsp_timer.o(i.Timer3_Open)
    i.USART1_IRQHandler                      0x080035ac   Section        0  stm32f10x_it.o(i.USART1_IRQHandler)
    i.USART2_DealTask                        0x080035f8   Section        0  main.o(i.USART2_DealTask)
    USART2_DealTask                          0x080035f9   Thumb Code   504  main.o(i.USART2_DealTask)
    i.USART_ClearITPendingBit                0x0800385c   Section        0  stm32f10x_usart.o(i.USART_ClearITPendingBit)
    i.USART_Cmd                              0x0800387a   Section        0  stm32f10x_usart.o(i.USART_Cmd)
    i.USART_GetITStatus                      0x08003892   Section        0  stm32f10x_usart.o(i.USART_GetITStatus)
    i.USART_ITConfig                         0x080038e6   Section        0  stm32f10x_usart.o(i.USART_ITConfig)
    i.USART_Init                             0x08003930   Section        0  stm32f10x_usart.o(i.USART_Init)
    i.USART_ReceiveData                      0x08003a08   Section        0  stm32f10x_usart.o(i.USART_ReceiveData)
    i.USART_SendData                         0x08003a12   Section        0  stm32f10x_usart.o(i.USART_SendData)
    i.Up_Fun                                 0x08003a1c   Section        0  bsp_button.o(i.Up_Fun)
    i.UsageFault_Handler                     0x08003abc   Section        0  stm32f10x_it.o(i.UsageFault_Handler)
    i.View_Fun                               0x08003ac0   Section        0  bsp_button.o(i.View_Fun)
    i.__0printf$6                            0x08003b0c   Section        0  printf6.o(i.__0printf$6)
    i.__0sprintf$6                           0x08003b2c   Section        0  printf6.o(i.__0sprintf$6)
    i.__scatterload_copy                     0x08003b54   Section       14  handlers.o(i.__scatterload_copy)
    i.__scatterload_null                     0x08003b62   Section        2  handlers.o(i.__scatterload_null)
    i.__scatterload_zeroinit                 0x08003b64   Section       14  handlers.o(i.__scatterload_zeroinit)
    i._printf_core                           0x08003b74   Section        0  printf6.o(i._printf_core)
    _printf_core                             0x08003b75   Thumb Code   748  printf6.o(i._printf_core)
    i._printf_post_padding                   0x08003e64   Section        0  printf6.o(i._printf_post_padding)
    _printf_post_padding                     0x08003e65   Thumb Code    36  printf6.o(i._printf_post_padding)
    i._printf_pre_padding                    0x08003e88   Section        0  printf6.o(i._printf_pre_padding)
    _printf_pre_padding                      0x08003e89   Thumb Code    46  printf6.o(i._printf_pre_padding)
    i._sputc                                 0x08003eb6   Section        0  printf6.o(i._sputc)
    _sputc                                   0x08003eb7   Thumb Code    10  printf6.o(i._sputc)
    i.delay_us                               0x08003ec0   Section        0  bsp_delay.o(i.delay_us)
    i.delay_xms                              0x08003f08   Section        0  bsp_delay.o(i.delay_xms)
    i.fputc                                  0x08003f20   Section        0  bsp_usart.o(i.fputc)
    i.main                                   0x08003f3c   Section        0  main.o(i.main)
    i.prvAddCurrentTaskToDelayedList         0x08003fc8   Section        0  tasks.o(i.prvAddCurrentTaskToDelayedList)
    prvAddCurrentTaskToDelayedList           0x08003fc9   Thumb Code   124  tasks.o(i.prvAddCurrentTaskToDelayedList)
    i.prvAddNewTaskToReadyList               0x08004060   Section        0  tasks.o(i.prvAddNewTaskToReadyList)
    prvAddNewTaskToReadyList                 0x08004061   Thumb Code   150  tasks.o(i.prvAddNewTaskToReadyList)
    i.prvCheckTasksWaitingTermination        0x08004114   Section        0  tasks.o(i.prvCheckTasksWaitingTermination)
    prvCheckTasksWaitingTermination          0x08004115   Thumb Code    86  tasks.o(i.prvCheckTasksWaitingTermination)
    i.prvCopyDataFromQueue                   0x08004178   Section        0  queue.o(i.prvCopyDataFromQueue)
    prvCopyDataFromQueue                     0x08004179   Thumb Code    42  queue.o(i.prvCopyDataFromQueue)
    i.prvCopyDataToQueue                     0x080041a2   Section        0  queue.o(i.prvCopyDataToQueue)
    prvCopyDataToQueue                       0x080041a3   Thumb Code   106  queue.o(i.prvCopyDataToQueue)
    i.prvDeleteTCB                           0x0800420c   Section        0  tasks.o(i.prvDeleteTCB)
    prvDeleteTCB                             0x0800420d   Thumb Code    40  tasks.o(i.prvDeleteTCB)
    i.prvHeapInit                            0x08004234   Section        0  heap_4.o(i.prvHeapInit)
    prvHeapInit                              0x08004235   Thumb Code    98  heap_4.o(i.prvHeapInit)
    i.prvIdleTask                            0x080042b0   Section        0  tasks.o(i.prvIdleTask)
    prvIdleTask                              0x080042b1   Thumb Code    32  tasks.o(i.prvIdleTask)
    i.prvInitialiseNewQueue                  0x080042d8   Section        0  queue.o(i.prvInitialiseNewQueue)
    prvInitialiseNewQueue                    0x080042d9   Thumb Code    38  queue.o(i.prvInitialiseNewQueue)
    i.prvInitialiseNewTask                   0x080042fe   Section        0  tasks.o(i.prvInitialiseNewTask)
    prvInitialiseNewTask                     0x080042ff   Thumb Code   128  tasks.o(i.prvInitialiseNewTask)
    i.prvInitialiseTaskLists                 0x08004380   Section        0  tasks.o(i.prvInitialiseTaskLists)
    prvInitialiseTaskLists                   0x08004381   Thumb Code    70  tasks.o(i.prvInitialiseTaskLists)
    i.prvInsertBlockIntoFreeList             0x080043e8   Section        0  heap_4.o(i.prvInsertBlockIntoFreeList)
    prvInsertBlockIntoFreeList               0x080043e9   Thumb Code    96  heap_4.o(i.prvInsertBlockIntoFreeList)
    i.prvIsQueueEmpty                        0x08004450   Section        0  queue.o(i.prvIsQueueEmpty)
    prvIsQueueEmpty                          0x08004451   Thumb Code    26  queue.o(i.prvIsQueueEmpty)
    i.prvIsQueueFull                         0x0800446a   Section        0  queue.o(i.prvIsQueueFull)
    prvIsQueueFull                           0x0800446b   Thumb Code    30  queue.o(i.prvIsQueueFull)
    i.prvResetNextTaskUnblockTime            0x08004488   Section        0  tasks.o(i.prvResetNextTaskUnblockTime)
    prvResetNextTaskUnblockTime              0x08004489   Thumb Code    42  tasks.o(i.prvResetNextTaskUnblockTime)
    i.prvTaskExitError                       0x080044bc   Section        0  port.o(i.prvTaskExitError)
    prvTaskExitError                         0x080044bd   Thumb Code    22  port.o(i.prvTaskExitError)
    i.prvUnlockQueue                         0x080044d2   Section        0  queue.o(i.prvUnlockQueue)
    prvUnlockQueue                           0x080044d3   Thumb Code   126  queue.o(i.prvUnlockQueue)
    i.pvPortMalloc                           0x08004550   Section        0  heap_4.o(i.pvPortMalloc)
    i.pxPortInitialiseStack                  0x08004620   Section        0  port.o(i.pxPortInitialiseStack)
    i.uart1_init                             0x08004644   Section        0  bsp_usart.o(i.uart1_init)
    i.uart2_init                             0x080046e8   Section        0  bsp_usart.o(i.uart2_init)
    i.uxListRemove                           0x0800478c   Section        0  list.o(i.uxListRemove)
    i.vApplicationGetIdleTaskMemory          0x080047b4   Section        0  main.o(i.vApplicationGetIdleTaskMemory)
    i.vListInitialise                        0x080047cc   Section        0  list.o(i.vListInitialise)
    i.vListInitialiseItem                    0x080047e6   Section        0  list.o(i.vListInitialiseItem)
    i.vListInsert                            0x080047ec   Section        0  list.o(i.vListInsert)
    i.vListInsertEnd                         0x08004820   Section        0  list.o(i.vListInsertEnd)
    i.vPortEnterCritical                     0x08004838   Section        0  port.o(i.vPortEnterCritical)
    i.vPortExitCritical                      0x0800485c   Section        0  port.o(i.vPortExitCritical)
    i.vPortFree                              0x0800487c   Section        0  heap_4.o(i.vPortFree)
    i.vPortSetupTimerInterrupt               0x080048c4   Section        0  port.o(i.vPortSetupTimerInterrupt)
    i.vTaskDelay                             0x080048d8   Section        0  tasks.o(i.vTaskDelay)
    i.vTaskDelete                            0x0800490c   Section        0  tasks.o(i.vTaskDelete)
    i.vTaskMissedYield                       0x080049d8   Section        0  tasks.o(i.vTaskMissedYield)
    i.vTaskPlaceOnEventList                  0x080049e4   Section        0  tasks.o(i.vTaskPlaceOnEventList)
    i.vTaskSetTimeOutState                   0x08004a04   Section        0  tasks.o(i.vTaskSetTimeOutState)
    i.vTaskStartScheduler                    0x08004a1c   Section        0  tasks.o(i.vTaskStartScheduler)
    i.vTaskSuspendAll                        0x08004aa8   Section        0  tasks.o(i.vTaskSuspendAll)
    i.vTaskSwitchContext                     0x08004ab8   Section        0  tasks.o(i.vTaskSwitchContext)
    i.xPortStartScheduler                    0x08004b18   Section        0  port.o(i.xPortStartScheduler)
    i.xPortSysTickHandler                    0x08004b4c   Section        0  port.o(i.xPortSysTickHandler)
    i.xQueueGenericCreate                    0x08004b80   Section        0  queue.o(i.xQueueGenericCreate)
    i.xQueueGenericReceive                   0x08004bc0   Section        0  queue.o(i.xQueueGenericReceive)
    i.xQueueGenericReset                     0x08004cfc   Section        0  queue.o(i.xQueueGenericReset)
    i.xQueueGenericSend                      0x08004d7c   Section        0  queue.o(i.xQueueGenericSend)
    i.xQueueGiveFromISR                      0x08004e94   Section        0  queue.o(i.xQueueGiveFromISR)
    i.xTaskCheckForTimeOut                   0x08004f0c   Section        0  tasks.o(i.xTaskCheckForTimeOut)
    i.xTaskCreate                            0x08004f68   Section        0  tasks.o(i.xTaskCreate)
    i.xTaskCreateStatic                      0x08004fcc   Section        0  tasks.o(i.xTaskCreateStatic)
    i.xTaskGetSchedulerState                 0x0800501c   Section        0  tasks.o(i.xTaskGetSchedulerState)
    i.xTaskIncrementTick                     0x0800503c   Section        0  tasks.o(i.xTaskIncrementTick)
    i.xTaskRemoveFromEventList               0x08005158   Section        0  tasks.o(i.xTaskRemoveFromEventList)
    i.xTaskResumeAll                         0x080051d8   Section        0  tasks.o(i.xTaskResumeAll)
    .data                                    0x20000000   Section       20  stm32f10x_rcc.o(.data)
    APBAHBPrescTable                         0x20000000   Data          16  stm32f10x_rcc.o(.data)
    ADCPrescTable                            0x20000010   Data           4  stm32f10x_rcc.o(.data)
    .data                                    0x20000014   Section       43  main.o(.data)
    AppTaskCreate_Handle                     0x20000020   Data           4  main.o(.data)
    KEY_Task_Handle                          0x20000024   Data           4  main.o(.data)
    EXTIX_DealTask_Handler                   0x20000028   Data           4  main.o(.data)
    USART2_DealTask_Handler                  0x2000002c   Data           4  main.o(.data)
    Face_SwitchTask_Handler                  0x20000030   Data           4  main.o(.data)
    i                                        0x2000003e   Data           1  main.o(.data)
    .data                                    0x20000040   Section        5  stm32f10x_it.o(.data)
    .data                                    0x20000046   Section        4  bsp_delay.o(.data)
    fac_us                                   0x20000046   Data           1  bsp_delay.o(.data)
    fac_ms                                   0x20000048   Data           2  bsp_delay.o(.data)
    .data                                    0x2000004a   Section        1  bsp_key.o(.data)
    key_up                                   0x2000004a   Data           1  bsp_key.o(.data)
    .data                                    0x2000004c   Section        9  bsp_interface.o(.data)
    .data                                    0x20000058   Section       12  ili9486.o(.data)
    current_txt_color                        0x2000005c   Data           4  ili9486.o(.data)
    current_back_color                       0x20000060   Data           4  ili9486.o(.data)
    .data                                    0x20000064   Section        4  bsp_spi.o(.data)
    SPITimeout                               0x20000064   Data           4  bsp_spi.o(.data)
    .data                                    0x20000068   Section       60  tasks.o(.data)
    pxDelayedTaskList                        0x2000006c   Data           4  tasks.o(.data)
    pxOverflowDelayedTaskList                0x20000070   Data           4  tasks.o(.data)
    uxDeletedTasksWaitingCleanUp             0x20000074   Data           4  tasks.o(.data)
    uxCurrentNumberOfTasks                   0x20000078   Data           4  tasks.o(.data)
    xTickCount                               0x2000007c   Data           4  tasks.o(.data)
    uxTopReadyPriority                       0x20000080   Data           4  tasks.o(.data)
    xSchedulerRunning                        0x20000084   Data           4  tasks.o(.data)
    uxPendedTicks                            0x20000088   Data           4  tasks.o(.data)
    xYieldPending                            0x2000008c   Data           4  tasks.o(.data)
    xNumOfOverflows                          0x20000090   Data           4  tasks.o(.data)
    uxTaskNumber                             0x20000094   Data           4  tasks.o(.data)
    xNextTaskUnblockTime                     0x20000098   Data           4  tasks.o(.data)
    xIdleTaskHandle                          0x2000009c   Data           4  tasks.o(.data)
    uxSchedulerSuspended                     0x200000a0   Data           4  tasks.o(.data)
    .data                                    0x200000a4   Section        4  port.o(.data)
    uxCriticalNesting                        0x200000a4   Data           4  port.o(.data)
    .data                                    0x200000a8   Section       24  heap_4.o(.data)
    xStart                                   0x200000a8   Data           8  heap_4.o(.data)
    pxEnd                                    0x200000b0   Data           4  heap_4.o(.data)
    xFreeBytesRemaining                      0x200000b4   Data           4  heap_4.o(.data)
    xMinimumEverFreeBytesRemaining           0x200000b8   Data           4  heap_4.o(.data)
    xBlockAllocatedBit                       0x200000bc   Data           4  heap_4.o(.data)
    .data                                    0x200000c0   Section        4  stdout.o(.data)
    .bss                                     0x200000c4   Section     6768  main.o(.bss)
    Idle_Task_Stack                          0x200000c4   Data         512  main.o(.bss)
    Timer_Task_Stack                         0x200002c4   Data        1024  main.o(.bss)
    AppTaskCreate_Stack                      0x200006c4   Data         512  main.o(.bss)
    KEY_Task_Stack                           0x200008c4   Data         256  main.o(.bss)
    Idle_Task_TCB                            0x200009c4   Data          92  main.o(.bss)
    Timer_Task_TCB                           0x20000a20   Data          92  main.o(.bss)
    AppTaskCreate_TCB                        0x20000a7c   Data          92  main.o(.bss)
    KEY_Task_TCB                             0x20000ad8   Data          92  main.o(.bss)
    .bss                                     0x20001b34   Section      140  bsp_button.o(.bss)
    .bss                                     0x20001bc0   Section      740  tasks.o(.bss)
    pxReadyTasksLists                        0x20001bc0   Data         640  tasks.o(.bss)
    xDelayedTaskList1                        0x20001e40   Data          20  tasks.o(.bss)
    xDelayedTaskList2                        0x20001e54   Data          20  tasks.o(.bss)
    xPendingReadyList                        0x20001e68   Data          20  tasks.o(.bss)
    xTasksWaitingTermination                 0x20001e7c   Data          20  tasks.o(.bss)
    xSuspendedTaskList                       0x20001e90   Data          20  tasks.o(.bss)
    .bss                                     0x20001ea4   Section    10240  heap_4.o(.bss)
    ucHeap                                   0x20001ea4   Data       10240  heap_4.o(.bss)
    STACK                                    0x200046a8   Section     1024  startup_stm32f10x_md.o(STACK)

    Global Symbols

    Symbol Name                              Value     Ov Type        Size  Object(Section)

    BuildAttributes$$THM_ISAv4$P$D$K$B$S$PE$A:L22UL41UL21$X:L11$S22US41US21$IEEE1$IW$USESV6$~STKCKD$USESV7$~SHL$OSPACE$ROPI$EBA8$MICROLIB$REQ8$PRES8$EABIv2 0x00000000   Number         0  anon$$obj.o ABSOLUTE
    __ARM_use_no_argv                        0x00000000   Number         0  main.o ABSOLUTE
    _printf_a                                0x00000000   Number         0  stubs.o ABSOLUTE
    _printf_c                                0x00000000   Number         0  stubs.o ABSOLUTE
    _printf_charcount                        0x00000000   Number         0  stubs.o ABSOLUTE
    _printf_d                                0x00000000   Number         0  stubs.o ABSOLUTE
    _printf_e                                0x00000000   Number         0  stubs.o ABSOLUTE
    _printf_f                                0x00000000   Number         0  stubs.o ABSOLUTE
    _printf_flags                            0x00000000   Number         0  stubs.o ABSOLUTE
    _printf_fp_dec                           0x00000000   Number         0  stubs.o ABSOLUTE
    _printf_fp_hex                           0x00000000   Number         0  stubs.o ABSOLUTE
    _printf_g                                0x00000000   Number         0  stubs.o ABSOLUTE
    _printf_i                                0x00000000   Number         0  stubs.o ABSOLUTE
    _printf_int_dec                          0x00000000   Number         0  stubs.o ABSOLUTE
    _printf_l                                0x00000000   Number         0  stubs.o ABSOLUTE
    _printf_lc                               0x00000000   Number         0  stubs.o ABSOLUTE
    _printf_ll                               0x00000000   Number         0  stubs.o ABSOLUTE
    _printf_lld                              0x00000000   Number         0  stubs.o ABSOLUTE
    _printf_lli                              0x00000000   Number         0  stubs.o ABSOLUTE
    _printf_llo                              0x00000000   Number         0  stubs.o ABSOLUTE
    _printf_llu                              0x00000000   Number         0  stubs.o ABSOLUTE
    _printf_llx                              0x00000000   Number         0  stubs.o ABSOLUTE
    _printf_longlong_dec                     0x00000000   Number         0  stubs.o ABSOLUTE
    _printf_longlong_hex                     0x00000000   Number         0  stubs.o ABSOLUTE
    _printf_longlong_oct                     0x00000000   Number         0  stubs.o ABSOLUTE
    _printf_ls                               0x00000000   Number         0  stubs.o ABSOLUTE
    _printf_mbtowc                           0x00000000   Number         0  stubs.o ABSOLUTE
    _printf_n                                0x00000000   Number         0  stubs.o ABSOLUTE
    _printf_o                                0x00000000   Number         0  stubs.o ABSOLUTE
    _printf_p                                0x00000000   Number         0  stubs.o ABSOLUTE
    _printf_percent                          0x00000000   Number         0  stubs.o ABSOLUTE
    _printf_pre_padding                      0x00000000   Number         0  stubs.o ABSOLUTE
    _printf_return_value                     0x00000000   Number         0  stubs.o ABSOLUTE
    _printf_s                                0x00000000   Number         0  stubs.o ABSOLUTE
    _printf_sizespec                         0x00000000   Number         0  stubs.o ABSOLUTE
    _printf_str                              0x00000000   Number         0  stubs.o ABSOLUTE
    _printf_truncate_signed                  0x00000000   Number         0  stubs.o ABSOLUTE
    _printf_truncate_unsigned                0x00000000   Number         0  stubs.o ABSOLUTE
    _printf_u                                0x00000000   Number         0  stubs.o ABSOLUTE
    _printf_wc                               0x00000000   Number         0  stubs.o ABSOLUTE
    _printf_wctomb                           0x00000000   Number         0  stubs.o ABSOLUTE
    _printf_widthprec                        0x00000000   Number         0  stubs.o ABSOLUTE
    _printf_x                                0x00000000   Number         0  stubs.o ABSOLUTE
    __arm_fini_                               - Undefined Weak Reference
    __cpp_initialize__aeabi_                  - Undefined Weak Reference
    __cxa_finalize                            - Undefined Weak Reference
    __decompress                              - Undefined Weak Reference
    _clock_init                               - Undefined Weak Reference
    _microlib_exit                            - Undefined Weak Reference
    __Vectors_Size                           0x000000ec   Number         0  startup_stm32f10x_md.o ABSOLUTE
    __Vectors                                0x08000000   Data           4  startup_stm32f10x_md.o(RESET)
    __Vectors_End                            0x080000ec   Data           0  startup_stm32f10x_md.o(RESET)
    __main                                   0x080000ed   Thumb Code     0  entry.o(.ARM.Collect$$$$00000000)
    _main_stk                                0x080000ed   Thumb Code     0  entry2.o(.ARM.Collect$$$$00000001)
    _main_scatterload                        0x080000f1   Thumb Code     0  entry5.o(.ARM.Collect$$$$00000004)
    __main_after_scatterload                 0x080000f5   Thumb Code     0  entry5.o(.ARM.Collect$$$$00000004)
    _main_clock                              0x080000f5   Thumb Code     0  entry7b.o(.ARM.Collect$$$$00000008)
    _main_cpp_init                           0x080000f5   Thumb Code     0  entry8b.o(.ARM.Collect$$$$0000000A)
    _main_init                               0x080000f5   Thumb Code     0  entry9a.o(.ARM.Collect$$$$0000000B)
    __rt_lib_shutdown_fini                   0x080000fd   Thumb Code     0  entry12b.o(.ARM.Collect$$$$0000000E)
    __rt_final_cpp                           0x08000101   Thumb Code     0  entry10a.o(.ARM.Collect$$$$0000000F)
    __rt_final_exit                          0x08000101   Thumb Code     0  entry11a.o(.ARM.Collect$$$$00000011)
    SVC_Handler                              0x08000105   Thumb Code    32  port.o(.emb_text)
    __asm___6_port_c_39a90d8d__prvStartFirstTask 0x08000129   Thumb Code    28  port.o(.emb_text)
    PendSV_Handler                           0x08000149   Thumb Code    72  port.o(.emb_text)
    vPortGetIPSR                             0x08000195   Thumb Code     6  port.o(.emb_text)
    Reset_Handler                            0x0800019d   Thumb Code     8  startup_stm32f10x_md.o(.text)
    ADC1_2_IRQHandler                        0x080001b7   Thumb Code     0  startup_stm32f10x_md.o(.text)
    CAN1_RX1_IRQHandler                      0x080001b7   Thumb Code     0  startup_stm32f10x_md.o(.text)
    CAN1_SCE_IRQHandler                      0x080001b7   Thumb Code     0  startup_stm32f10x_md.o(.text)
    DMA1_Channel1_IRQHandler                 0x080001b7   Thumb Code     0  startup_stm32f10x_md.o(.text)
    DMA1_Channel2_IRQHandler                 0x080001b7   Thumb Code     0  startup_stm32f10x_md.o(.text)
    DMA1_Channel3_IRQHandler                 0x080001b7   Thumb Code     0  startup_stm32f10x_md.o(.text)
    DMA1_Channel4_IRQHandler                 0x080001b7   Thumb Code     0  startup_stm32f10x_md.o(.text)
    DMA1_Channel5_IRQHandler                 0x080001b7   Thumb Code     0  startup_stm32f10x_md.o(.text)
    DMA1_Channel6_IRQHandler                 0x080001b7   Thumb Code     0  startup_stm32f10x_md.o(.text)
    DMA1_Channel7_IRQHandler                 0x080001b7   Thumb Code     0  startup_stm32f10x_md.o(.text)
    EXTI0_IRQHandler                         0x080001b7   Thumb Code     0  startup_stm32f10x_md.o(.text)
    EXTI15_10_IRQHandler                     0x080001b7   Thumb Code     0  startup_stm32f10x_md.o(.text)
    EXTI1_IRQHandler                         0x080001b7   Thumb Code     0  startup_stm32f10x_md.o(.text)
    EXTI2_IRQHandler                         0x080001b7   Thumb Code     0  startup_stm32f10x_md.o(.text)
    EXTI3_IRQHandler                         0x080001b7   Thumb Code     0  startup_stm32f10x_md.o(.text)
    EXTI4_IRQHandler                         0x080001b7   Thumb Code     0  startup_stm32f10x_md.o(.text)
    FLASH_IRQHandler                         0x080001b7   Thumb Code     0  startup_stm32f10x_md.o(.text)
    I2C1_ER_IRQHandler                       0x080001b7   Thumb Code     0  startup_stm32f10x_md.o(.text)
    I2C1_EV_IRQHandler                       0x080001b7   Thumb Code     0  startup_stm32f10x_md.o(.text)
    I2C2_ER_IRQHandler                       0x080001b7   Thumb Code     0  startup_stm32f10x_md.o(.text)
    I2C2_EV_IRQHandler                       0x080001b7   Thumb Code     0  startup_stm32f10x_md.o(.text)
    PVD_IRQHandler                           0x080001b7   Thumb Code     0  startup_stm32f10x_md.o(.text)
    RCC_IRQHandler                           0x080001b7   Thumb Code     0  startup_stm32f10x_md.o(.text)
    RTCAlarm_IRQHandler                      0x080001b7   Thumb Code     0  startup_stm32f10x_md.o(.text)
    RTC_IRQHandler                           0x080001b7   Thumb Code     0  startup_stm32f10x_md.o(.text)
    SPI1_IRQHandler                          0x080001b7   Thumb Code     0  startup_stm32f10x_md.o(.text)
    SPI2_IRQHandler                          0x080001b7   Thumb Code     0  startup_stm32f10x_md.o(.text)
    TAMPER_IRQHandler                        0x080001b7   Thumb Code     0  startup_stm32f10x_md.o(.text)
    TIM1_BRK_IRQHandler                      0x080001b7   Thumb Code     0  startup_stm32f10x_md.o(.text)
    TIM1_CC_IRQHandler                       0x080001b7   Thumb Code     0  startup_stm32f10x_md.o(.text)
    TIM1_TRG_COM_IRQHandler                  0x080001b7   Thumb Code     0  startup_stm32f10x_md.o(.text)
    TIM2_IRQHandler                          0x080001b7   Thumb Code     0  startup_stm32f10x_md.o(.text)
    TIM4_IRQHandler                          0x080001b7   Thumb Code     0  startup_stm32f10x_md.o(.text)
    USART2_IRQHandler                        0x080001b7   Thumb Code     0  startup_stm32f10x_md.o(.text)
    USART3_IRQHandler                        0x080001b7   Thumb Code     0  startup_stm32f10x_md.o(.text)
    USBWakeUp_IRQHandler                     0x080001b7   Thumb Code     0  startup_stm32f10x_md.o(.text)
    USB_HP_CAN1_TX_IRQHandler                0x080001b7   Thumb Code     0  startup_stm32f10x_md.o(.text)
    USB_LP_CAN1_RX0_IRQHandler               0x080001b7   Thumb Code     0  startup_stm32f10x_md.o(.text)
    WWDG_IRQHandler                          0x080001b7   Thumb Code     0  startup_stm32f10x_md.o(.text)
    __aeabi_memcpy                           0x080001c1   Thumb Code    36  memcpya.o(.text)
    __aeabi_memcpy4                          0x080001c1   Thumb Code     0  memcpya.o(.text)
    __aeabi_memcpy8                          0x080001c1   Thumb Code     0  memcpya.o(.text)
    __aeabi_memset                           0x080001e5   Thumb Code    14  memseta.o(.text)
    __aeabi_memset4                          0x080001e5   Thumb Code     0  memseta.o(.text)
    __aeabi_memset8                          0x080001e5   Thumb Code     0  memseta.o(.text)
    __aeabi_memclr                           0x080001f3   Thumb Code     4  memseta.o(.text)
    __aeabi_memclr4                          0x080001f3   Thumb Code     0  memseta.o(.text)
    __aeabi_memclr8                          0x080001f3   Thumb Code     0  memseta.o(.text)
    _memset$wrapper                          0x080001f7   Thumb Code    18  memseta.o(.text)
    __aeabi_uidiv                            0x08000209   Thumb Code     0  uidiv.o(.text)
    __aeabi_uidivmod                         0x08000209   Thumb Code    44  uidiv.o(.text)
    __scatterload                            0x08000235   Thumb Code    28  init.o(.text)
    __scatterload_rt2                        0x08000235   Thumb Code     0  init.o(.text)
    ASCII_12X24_ADDR                         0x08000259   Thumb Code    32  gt30l32s4w.o(i.ASCII_12X24_ADDR)
    ASCII_16X32_ADDR                         0x0800027d   Thumb Code    28  gt30l32s4w.o(i.ASCII_16X32_ADDR)
    ASCII_6X12_ADDR                          0x0800029d   Thumb Code    32  gt30l32s4w.o(i.ASCII_6X12_ADDR)
    ASCII_8X16_ADDR                          0x080002c1   Thumb Code    28  gt30l32s4w.o(i.ASCII_8X16_ADDR)
    ASCII_Addr_Tans                          0x080002e1   Thumb Code    80  gt30l32s4w.o(i.ASCII_Addr_Tans)
    BEEP_GPIO_Config                         0x08000655   Thumb Code    46  bsp_beep.o(i.BEEP_GPIO_Config)
    Backtrack_Fun                            0x08000729   Thumb Code   126  bsp_button.o(i.Backtrack_Fun)
    BusFault_Handler                         0x080007b1   Thumb Code     4  stm32f10x_it.o(i.BusFault_Handler)
    Button_Dealing                           0x080007b5   Thumb Code   316  bsp_button.o(i.Button_Dealing)
    Button_Draw                              0x080008f9   Thumb Code   156  bsp_button.o(i.Button_Draw)
    Button_Init                              0x080009c9   Thumb Code   408  bsp_button.o(i.Button_Init)
    Connection_Count_Show                    0x08000b8d   Thumb Code    78  bsp_interface.o(i.Connection_Count_Show)
    DebugMon_Handler                         0x08000bf9   Thumb Code     2  stm32f10x_it.o(i.DebugMon_Handler)
    Determine_Fun                            0x08000bfd   Thumb Code   164  bsp_button.o(i.Determine_Fun)
    Down_Fun                                 0x08000cb9   Thumb Code   130  bsp_button.o(i.Down_Fun)
    EXTI9_5_IRQHandler                       0x08000d59   Thumb Code    60  stm32f10x_it.o(i.EXTI9_5_IRQHandler)
    EXTI_ClearITPendingBit                   0x08000fa9   Thumb Code     6  stm32f10x_exti.o(i.EXTI_ClearITPendingBit)
    EXTI_GetITStatus                         0x08000fb5   Thumb Code    34  stm32f10x_exti.o(i.EXTI_GetITStatus)
    EXTI_Init                                0x08000fdd   Thumb Code   142  stm32f10x_exti.o(i.EXTI_Init)
    Empty_Fun                                0x08001071   Thumb Code     8  bsp_button.o(i.Empty_Fun)
    Empty_Insure                             0x08001079   Thumb Code    68  bsp_interface.o(i.Empty_Insure)
    Empty_Records                            0x080010d5   Thumb Code   182  bsp_interface.o(i.Empty_Records)
    Exti_Close                               0x080011c1   Thumb Code    24  bsp_exti.o(i.Exti_Close)
    Exti_Init                                0x080011dd   Thumb Code   108  bsp_exti.o(i.Exti_Init)
    Exti_Open                                0x0800124d   Thumb Code    24  bsp_exti.o(i.Exti_Open)
    GB2312_12X12_ADDR                        0x08001321   Thumb Code   104  gt30l32s4w.o(i.GB2312_12X12_ADDR)
    GB2312_15X16_ADDR                        0x08001389   Thumb Code   104  gt30l32s4w.o(i.GB2312_15X16_ADDR)
    GB2312_24X24_ADDR                        0x080013f5   Thumb Code   112  gt30l32s4w.o(i.GB2312_24X24_ADDR)
    GB2312_32X32_ADDR                        0x08001469   Thumb Code   104  gt30l32s4w.o(i.GB2312_32X32_ADDR)
    GB2312_6X12_ADDR                         0x080014d5   Thumb Code    84  gt30l32s4w.o(i.GB2312_6X12_ADDR)
    GB2312_8X16_ADDR                         0x0800152d   Thumb Code    76  gt30l32s4w.o(i.GB2312_8X16_ADDR)
    GB2312_Addr_Tans                         0x0800157d   Thumb Code    96  gt30l32s4w.o(i.GB2312_Addr_Tans)
    GPIO_EXTILineConfig                      0x080015dd   Thumb Code    60  stm32f10x_gpio.o(i.GPIO_EXTILineConfig)
    GPIO_Init                                0x0800161d   Thumb Code   278  stm32f10x_gpio.o(i.GPIO_Init)
    GPIO_ReadInputDataBit                    0x08001733   Thumb Code    18  stm32f10x_gpio.o(i.GPIO_ReadInputDataBit)
    GPIO_ResetBits                           0x08001745   Thumb Code     4  stm32f10x_gpio.o(i.GPIO_ResetBits)
    GPIO_SetBits                             0x08001749   Thumb Code     4  stm32f10x_gpio.o(i.GPIO_SetBits)
    GT30L32S4W_Init                          0x0800174d   Thumb Code    30  gt30l32s4w.o(i.GT30L32S4W_Init)
    GT30L32S4W_Read                          0x08001771   Thumb Code   166  gt30l32s4w.o(i.GT30L32S4W_Read)
    HardFault_Handler                        0x0800181d   Thumb Code     4  stm32f10x_it.o(i.HardFault_Handler)
    ILI9486_clear_screen                     0x08001821   Thumb Code    58  ili9486.o(i.ILI9486_clear_screen)
    ILI9486_draw_line                        0x08001861   Thumb Code   160  ili9486.o(i.ILI9486_draw_line)
    ILI9486_draw_rectangle                   0x08001901   Thumb Code    84  ili9486.o(i.ILI9486_draw_rectangle)
    ILI9486_open_window                      0x08001955   Thumb Code   102  ili9486.o(i.ILI9486_open_window)
    ILI9486_putpixel                         0x080019bd   Thumb Code    82  ili9486.o(i.ILI9486_putpixel)
    ILI9486_showchar_Ch                      0x08001a15   Thumb Code   210  ili9486.o(i.ILI9486_showchar_Ch)
    ILI9486_showchar_En                      0x08001ae7   Thumb Code   196  ili9486.o(i.ILI9486_showchar_En)
    ILI9486_showstring_Ch                    0x08001bad   Thumb Code   186  ili9486.o(i.ILI9486_showstring_Ch)
    ILI9486_showstring_En                    0x08001c71   Thumb Code   164  ili9486.o(i.ILI9486_showstring_En)
    ILI9486_tftlcd_gpio_config               0x08001d1d   Thumb Code   124  ili9486.o(i.ILI9486_tftlcd_gpio_config)
    ILI9486_tftlcd_init                      0x08001d9d   Thumb Code   426  ili9486.o(i.ILI9486_tftlcd_init)
    ILI9486_write_cmd                        0x08001f51   Thumb Code    36  ili9486.o(i.ILI9486_write_cmd)
    ILI9486_write_cmd_data                   0x08001f79   Thumb Code    36  ili9486.o(i.ILI9486_write_cmd_data)
    ILI9486_write_data                       0x08001fa1   Thumb Code    52  ili9486.o(i.ILI9486_write_data)
    Key_Init                                 0x08001ff9   Thumb Code    82  bsp_key.o(i.Key_Init)
    Key_Scan                                 0x08002051   Thumb Code   202  bsp_key.o(i.Key_Scan)
    Lap_Test_Menu                            0x08002125   Thumb Code   138  bsp_interface.o(i.Lap_Test_Menu)
    MainMenu                                 0x080021f5   Thumb Code   138  bsp_interface.o(i.MainMenu)
    MemManage_Handler                        0x080022b9   Thumb Code     4  stm32f10x_it.o(i.MemManage_Handler)
    Multi_slave_function_interface           0x080022bd   Thumb Code   198  bsp_interface.o(i.Multi_slave_function_interface)
    NMI_Handler                              0x080023c5   Thumb Code     2  stm32f10x_it.o(i.NMI_Handler)
    NVIC_Init                                0x080023c9   Thumb Code   100  misc.o(i.NVIC_Init)
    NVIC_PriorityGroupConfig                 0x08002439   Thumb Code    10  misc.o(i.NVIC_PriorityGroupConfig)
    Page_Down                                0x0800244d   Thumb Code   552  bsp_interface.o(i.Page_Down)
    Page_Up                                  0x080026a1   Thumb Code   578  bsp_interface.o(i.Page_Up)
    RCC_APB1PeriphClockCmd                   0x08002911   Thumb Code    26  stm32f10x_rcc.o(i.RCC_APB1PeriphClockCmd)
    RCC_APB2PeriphClockCmd                   0x08002931   Thumb Code    26  stm32f10x_rcc.o(i.RCC_APB2PeriphClockCmd)
    RCC_GetClocksFreq                        0x08002951   Thumb Code   192  stm32f10x_rcc.o(i.RCC_GetClocksFreq)
    Ready_Fun                                0x08002a25   Thumb Code    80  bsp_button.o(i.Ready_Fun)
    SPI_Cmd                                  0x08002a89   Thumb Code    24  stm32f10x_spi.o(i.SPI_Cmd)
    SPI_Config                               0x08002aa1   Thumb Code    76  bsp_spi.o(i.SPI_Config)
    SPI_GPIO_Config                          0x08002af1   Thumb Code   104  bsp_spi.o(i.SPI_GPIO_Config)
    SPI_I2S_GetFlagStatus                    0x08002b5d   Thumb Code    18  stm32f10x_spi.o(i.SPI_I2S_GetFlagStatus)
    SPI_I2S_ReceiveData                      0x08002b6f   Thumb Code     6  stm32f10x_spi.o(i.SPI_I2S_ReceiveData)
    SPI_I2S_SendData                         0x08002b75   Thumb Code     4  stm32f10x_spi.o(i.SPI_I2S_SendData)
    SPI_ILI9486_Init                         0x08002b79   Thumb Code    12  bsp_spi.o(i.SPI_ILI9486_Init)
    SPI_Init                                 0x08002b85   Thumb Code    60  stm32f10x_spi.o(i.SPI_Init)
    SPI_SendByte                             0x08002bc1   Thumb Code   110  bsp_spi.o(i.SPI_SendByte)
    Show_AcceleratedRecords                  0x08002d61   Thumb Code   358  bsp_interface.o(i.Show_AcceleratedRecords)
    Show_Data                                0x08002f15   Thumb Code   142  bsp_interface.o(i.Show_Data)
    Show_LapRecords                          0x08002fa5   Thumb Code   368  bsp_interface.o(i.Show_LapRecords)
    Slaver_Check_Interface                   0x08003161   Thumb Code    64  bsp_interface.o(i.Slaver_Check_Interface)
    SysTick_Handler                          0x080031c1   Thumb Code    16  stm32f10x_it.o(i.SysTick_Handler)
    SystemInit                               0x080031d1   Thumb Code    78  system_stm32f10x.o(i.SystemInit)
    TIM1_UP_IRQHandler                       0x08003231   Thumb Code    90  stm32f10x_it.o(i.TIM1_UP_IRQHandler)
    TIM3_IRQHandler                          0x080032a1   Thumb Code    50  stm32f10x_it.o(i.TIM3_IRQHandler)
    TIMER1_Init                              0x080032dd   Thumb Code    90  bsp_timer.o(i.TIMER1_Init)
    TIMER2_Init                              0x0800333d   Thumb Code    92  bsp_timer.o(i.TIMER2_Init)
    TIMER3_Init                              0x08003399   Thumb Code    90  bsp_timer.o(i.TIMER3_Init)
    TIM_ClearITPendingBit                    0x080033f9   Thumb Code     6  stm32f10x_tim.o(i.TIM_ClearITPendingBit)
    TIM_Cmd                                  0x080033ff   Thumb Code    24  stm32f10x_tim.o(i.TIM_Cmd)
    TIM_GetITStatus                          0x08003417   Thumb Code    34  stm32f10x_tim.o(i.TIM_GetITStatus)
    TIM_ITConfig                             0x08003439   Thumb Code    18  stm32f10x_tim.o(i.TIM_ITConfig)
    TIM_SetCounter                           0x0800344b   Thumb Code     4  stm32f10x_tim.o(i.TIM_SetCounter)
    TIM_TimeBaseInit                         0x08003451   Thumb Code   122  stm32f10x_tim.o(i.TIM_TimeBaseInit)
    Timer1_Off                               0x08003541   Thumb Code    20  bsp_timer.o(i.Timer1_Off)
    Timer1_Open                              0x08003559   Thumb Code    26  bsp_timer.o(i.Timer1_Open)
    Timer3_Off                               0x0800357d   Thumb Code    20  bsp_timer.o(i.Timer3_Off)
    Timer3_Open                              0x08003595   Thumb Code    20  bsp_timer.o(i.Timer3_Open)
    USART1_IRQHandler                        0x080035ad   Thumb Code    64  stm32f10x_it.o(i.USART1_IRQHandler)
    USART_ClearITPendingBit                  0x0800385d   Thumb Code    30  stm32f10x_usart.o(i.USART_ClearITPendingBit)
    USART_Cmd                                0x0800387b   Thumb Code    24  stm32f10x_usart.o(i.USART_Cmd)
    USART_GetITStatus                        0x08003893   Thumb Code    84  stm32f10x_usart.o(i.USART_GetITStatus)
    USART_ITConfig                           0x080038e7   Thumb Code    74  stm32f10x_usart.o(i.USART_ITConfig)
    USART_Init                               0x08003931   Thumb Code   210  stm32f10x_usart.o(i.USART_Init)
    USART_ReceiveData                        0x08003a09   Thumb Code    10  stm32f10x_usart.o(i.USART_ReceiveData)
    USART_SendData                           0x08003a13   Thumb Code     8  stm32f10x_usart.o(i.USART_SendData)
    Up_Fun                                   0x08003a1d   Thumb Code   130  bsp_button.o(i.Up_Fun)
    UsageFault_Handler                       0x08003abd   Thumb Code     4  stm32f10x_it.o(i.UsageFault_Handler)
    View_Fun                                 0x08003ac1   Thumb Code    68  bsp_button.o(i.View_Fun)
    __0printf$6                              0x08003b0d   Thumb Code    22  printf6.o(i.__0printf$6)
    __1printf$6                              0x08003b0d   Thumb Code     0  printf6.o(i.__0printf$6)
    __2printf                                0x08003b0d   Thumb Code     0  printf6.o(i.__0printf$6)
    __0sprintf$6                             0x08003b2d   Thumb Code    34  printf6.o(i.__0sprintf$6)
    __1sprintf$6                             0x08003b2d   Thumb Code     0  printf6.o(i.__0sprintf$6)
    __2sprintf                               0x08003b2d   Thumb Code     0  printf6.o(i.__0sprintf$6)
    __scatterload_copy                       0x08003b55   Thumb Code    14  handlers.o(i.__scatterload_copy)
    __scatterload_null                       0x08003b63   Thumb Code     2  handlers.o(i.__scatterload_null)
    __scatterload_zeroinit                   0x08003b65   Thumb Code    14  handlers.o(i.__scatterload_zeroinit)
    delay_us                                 0x08003ec1   Thumb Code    68  bsp_delay.o(i.delay_us)
    delay_xms                                0x08003f09   Thumb Code    24  bsp_delay.o(i.delay_xms)
    fputc                                    0x08003f21   Thumb Code    24  bsp_usart.o(i.fputc)
    main                                     0x08003f3d   Thumb Code    62  main.o(i.main)
    pvPortMalloc                             0x08004551   Thumb Code   188  heap_4.o(i.pvPortMalloc)
    pxPortInitialiseStack                    0x08004621   Thumb Code    30  port.o(i.pxPortInitialiseStack)
    uart1_init                               0x08004645   Thumb Code   154  bsp_usart.o(i.uart1_init)
    uart2_init                               0x080046e9   Thumb Code   156  bsp_usart.o(i.uart2_init)
    uxListRemove                             0x0800478d   Thumb Code    40  list.o(i.uxListRemove)
    vApplicationGetIdleTaskMemory            0x080047b5   Thumb Code    14  main.o(i.vApplicationGetIdleTaskMemory)
    vListInitialise                          0x080047cd   Thumb Code    26  list.o(i.vListInitialise)
    vListInitialiseItem                      0x080047e7   Thumb Code     6  list.o(i.vListInitialiseItem)
    vListInsert                              0x080047ed   Thumb Code    52  list.o(i.vListInsert)
    vListInsertEnd                           0x08004821   Thumb Code    24  list.o(i.vListInsertEnd)
    vPortEnterCritical                       0x08004839   Thumb Code    30  port.o(i.vPortEnterCritical)
    vPortExitCritical                        0x0800485d   Thumb Code    28  port.o(i.vPortExitCritical)
    vPortFree                                0x0800487d   Thumb Code    64  heap_4.o(i.vPortFree)
    vPortSetupTimerInterrupt                 0x080048c5   Thumb Code    14  port.o(i.vPortSetupTimerInterrupt)
    vTaskDelay                               0x080048d9   Thumb Code    46  tasks.o(i.vTaskDelay)
    vTaskDelete                              0x0800490d   Thumb Code   166  tasks.o(i.vTaskDelete)
    vTaskMissedYield                         0x080049d9   Thumb Code     8  tasks.o(i.vTaskMissedYield)
    vTaskPlaceOnEventList                    0x080049e5   Thumb Code    28  tasks.o(i.vTaskPlaceOnEventList)
    vTaskSetTimeOutState                     0x08004a05   Thumb Code    14  tasks.o(i.vTaskSetTimeOutState)
    vTaskStartScheduler                      0x08004a1d   Thumb Code   110  tasks.o(i.vTaskStartScheduler)
    vTaskSuspendAll                          0x08004aa9   Thumb Code    12  tasks.o(i.vTaskSuspendAll)
    vTaskSwitchContext                       0x08004ab9   Thumb Code    76  tasks.o(i.vTaskSwitchContext)
    xPortStartScheduler                      0x08004b19   Thumb Code    42  port.o(i.xPortStartScheduler)
    xPortSysTickHandler                      0x08004b4d   Thumb Code    46  port.o(i.xPortSysTickHandler)
    xQueueGenericCreate                      0x08004b81   Thumb Code    62  queue.o(i.xQueueGenericCreate)
    xQueueGenericReceive                     0x08004bc1   Thumb Code   312  queue.o(i.xQueueGenericReceive)
    xQueueGenericReset                       0x08004cfd   Thumb Code   122  queue.o(i.xQueueGenericReset)
    xQueueGenericSend                        0x08004d7d   Thumb Code   276  queue.o(i.xQueueGenericSend)
    xQueueGiveFromISR                        0x08004e95   Thumb Code   120  queue.o(i.xQueueGiveFromISR)
    xTaskCheckForTimeOut                     0x08004f0d   Thumb Code    84  tasks.o(i.xTaskCheckForTimeOut)
    xTaskCreate                              0x08004f69   Thumb Code   100  tasks.o(i.xTaskCreate)
    xTaskCreateStatic                        0x08004fcd   Thumb Code    78  tasks.o(i.xTaskCreateStatic)
    xTaskGetSchedulerState                   0x0800501d   Thumb Code    24  tasks.o(i.xTaskGetSchedulerState)
    xTaskIncrementTick                       0x0800503d   Thumb Code   238  tasks.o(i.xTaskIncrementTick)
    xTaskRemoveFromEventList                 0x08005159   Thumb Code   104  tasks.o(i.xTaskRemoveFromEventList)
    xTaskResumeAll                           0x080051d9   Thumb Code   196  tasks.o(i.xTaskResumeAll)
    Region$$Table$$Base                      0x080052c0   Number         0  anon$$obj.o(Region$$Table)
    Region$$Table$$Limit                     0x080052e0   Number         0  anon$$obj.o(Region$$Table)
    BinarySem1_Handle                        0x20000014   Data           4  main.o(.data)
    BinarySem2_Handle                        0x20000018   Data           4  main.o(.data)
    BinarySem3_Handle                        0x2000001c   Data           4  main.o(.data)
    Lap_stflag                               0x20000034   Data           1  main.o(.data)
    Connection_count                         0x20000035   Data           1  main.o(.data)
    bxflag                                   0x20000036   Data           1  main.o(.data)
    Showhigh                                 0x20000038   Data           2  main.o(.data)
    Data1_Count                              0x2000003a   Data           2  main.o(.data)
    Data2_Count                              0x2000003c   Data           2  main.o(.data)
    Time3value                               0x20000040   Data           2  stm32f10x_it.o(.data)
    Time1value                               0x20000042   Data           2  stm32f10x_it.o(.data)
    Timer1flag                               0x20000044   Data           1  stm32f10x_it.o(.data)
    Page_Start                               0x2000004c   Data           2  bsp_interface.o(.data)
    Data1_Seek                               0x2000004e   Data           2  bsp_interface.o(.data)
    Data2_Seek                               0x20000050   Data           2  bsp_interface.o(.data)
    SelectFlag                               0x20000052   Data           1  bsp_interface.o(.data)
    InterfaceFlag                            0x20000053   Data           1  bsp_interface.o(.data)
    StatusFlag                               0x20000054   Data           1  bsp_interface.o(.data)
    screen_x_length                          0x20000058   Data           2  ili9486.o(.data)
    screen_y_length                          0x2000005a   Data           2  ili9486.o(.data)
    pxCurrentTCB                             0x20000068   Data           4  tasks.o(.data)
    __stdout                                 0x200000c0   Data           4  stdout.o(.data)
    DataBuffer1                              0x20000b34   Data        2048  main.o(.bss)
    DataBuffer2                              0x20001334   Data        2048  main.o(.bss)
    button                                   0x20001b34   Data         140  bsp_button.o(.bss)
    __initial_sp                             0x20004aa8   Data           0  startup_stm32f10x_md.o(STACK)



==============================================================================

Memory Map of the image

  Image Entry point : 0x080000ed

  Load Region LR_IROM1 (Base: 0x08000000, Size: 0x000053a4, Max: 0x00010000, ABSOLUTE)

    Execution Region ER_IROM1 (Exec base: 0x08000000, Load base: 0x08000000, Size: 0x000052e0, Max: 0x00010000, ABSOLUTE)

    Exec Addr    Load Addr    Size         Type   Attr      Idx    E Section Name        Object

    0x08000000   0x08000000   0x000000ec   Data   RO            3    RESET               startup_stm32f10x_md.o
    0x080000ec   0x080000ec   0x00000000   Code   RO         4674  * .ARM.Collect$$$$00000000  mc_w.l(entry.o)
    0x080000ec   0x080000ec   0x00000004   Code   RO         4952    .ARM.Collect$$$$00000001  mc_w.l(entry2.o)
    0x080000f0   0x080000f0   0x00000004   Code   RO         4955    .ARM.Collect$$$$00000004  mc_w.l(entry5.o)
    0x080000f4   0x080000f4   0x00000000   Code   RO         4957    .ARM.Collect$$$$00000008  mc_w.l(entry7b.o)
    0x080000f4   0x080000f4   0x00000000   Code   RO         4959    .ARM.Collect$$$$0000000A  mc_w.l(entry8b.o)
    0x080000f4   0x080000f4   0x00000008   Code   RO         4960    .ARM.Collect$$$$0000000B  mc_w.l(entry9a.o)
    0x080000fc   0x080000fc   0x00000004   Code   RO         4967    .ARM.Collect$$$$0000000E  mc_w.l(entry12b.o)
    0x08000100   0x08000100   0x00000000   Code   RO         4962    .ARM.Collect$$$$0000000F  mc_w.l(entry10a.o)
    0x08000100   0x08000100   0x00000000   Code   RO         4964    .ARM.Collect$$$$00000011  mc_w.l(entry11a.o)
    0x08000100   0x08000100   0x00000004   Code   RO         4953    .ARM.Collect$$$$00002712  mc_w.l(entry2.o)
    0x08000104   0x08000104   0x00000096   Code   RO         4554    .emb_text           port.o
    0x0800019a   0x0800019a   0x00000002   PAD
    0x0800019c   0x0800019c   0x00000024   Code   RO            4    .text               startup_stm32f10x_md.o
    0x080001c0   0x080001c0   0x00000024   Code   RO         4677    .text               mc_w.l(memcpya.o)
    0x080001e4   0x080001e4   0x00000024   Code   RO         4679    .text               mc_w.l(memseta.o)
    0x08000208   0x08000208   0x0000002c   Code   RO         4969    .text               mc_w.l(uidiv.o)
    0x08000234   0x08000234   0x00000024   Code   RO         4988    .text               mc_w.l(init.o)
    0x08000258   0x08000258   0x00000024   Code   RO         3842    i.ASCII_12X24_ADDR  gt30l32s4w.o
    0x0800027c   0x0800027c   0x00000020   Code   RO         3843    i.ASCII_16X32_ADDR  gt30l32s4w.o
    0x0800029c   0x0800029c   0x00000024   Code   RO         3844    i.ASCII_6X12_ADDR   gt30l32s4w.o
    0x080002c0   0x080002c0   0x00000020   Code   RO         3845    i.ASCII_8X16_ADDR   gt30l32s4w.o
    0x080002e0   0x080002e0   0x00000050   Code   RO         3846    i.ASCII_Addr_Tans   gt30l32s4w.o
    0x08000330   0x08000330   0x00000324   Code   RO         3108    i.AppTaskCreate     main.o
    0x08000654   0x08000654   0x00000034   Code   RO         3938    i.BEEP_GPIO_Config  bsp_beep.o
    0x08000688   0x08000688   0x000000a0   Code   RO         3109    i.BSP_Init          main.o
    0x08000728   0x08000728   0x00000088   Code   RO         3473    i.Backtrack_Fun     bsp_button.o
    0x080007b0   0x080007b0   0x00000004   Code   RO         3254    i.BusFault_Handler  stm32f10x_it.o
    0x080007b4   0x080007b4   0x00000144   Code   RO         3474    i.Button_Dealing    bsp_button.o
    0x080008f8   0x080008f8   0x000000d0   Code   RO         3475    i.Button_Draw       bsp_button.o
    0x080009c8   0x080009c8   0x000001c4   Code   RO         3476    i.Button_Init       bsp_button.o
    0x08000b8c   0x08000b8c   0x0000006c   Code   RO         3570    i.Connection_Count_Show  bsp_interface.o
    0x08000bf8   0x08000bf8   0x00000002   Code   RO         3255    i.DebugMon_Handler  stm32f10x_it.o
    0x08000bfa   0x08000bfa   0x00000002   PAD
    0x08000bfc   0x08000bfc   0x000000bc   Code   RO         3477    i.Determine_Fun     bsp_button.o
    0x08000cb8   0x08000cb8   0x000000a0   Code   RO         3478    i.Down_Fun          bsp_button.o
    0x08000d58   0x08000d58   0x00000044   Code   RO         3256    i.EXTI9_5_IRQHandler  stm32f10x_it.o
    0x08000d9c   0x08000d9c   0x0000020c   Code   RO         3110    i.EXTIX_DealTask    main.o
    0x08000fa8   0x08000fa8   0x0000000c   Code   RO          895    i.EXTI_ClearITPendingBit  stm32f10x_exti.o
    0x08000fb4   0x08000fb4   0x00000028   Code   RO          899    i.EXTI_GetITStatus  stm32f10x_exti.o
    0x08000fdc   0x08000fdc   0x00000094   Code   RO          900    i.EXTI_Init         stm32f10x_exti.o
    0x08001070   0x08001070   0x00000008   Code   RO         3479    i.Empty_Fun         bsp_button.o
    0x08001078   0x08001078   0x0000005c   Code   RO         3571    i.Empty_Insure      bsp_interface.o
    0x080010d4   0x080010d4   0x000000ec   Code   RO         3572    i.Empty_Records     bsp_interface.o
    0x080011c0   0x080011c0   0x0000001c   Code   RO         3546    i.Exti_Close        bsp_exti.o
    0x080011dc   0x080011dc   0x00000070   Code   RO         3547    i.Exti_Init         bsp_exti.o
    0x0800124c   0x0800124c   0x0000001c   Code   RO         3548    i.Exti_Open         bsp_exti.o
    0x08001268   0x08001268   0x000000b8   Code   RO         3111    i.Face_SwitchTask   main.o
    0x08001320   0x08001320   0x00000068   Code   RO         3847    i.GB2312_12X12_ADDR  gt30l32s4w.o
    0x08001388   0x08001388   0x0000006c   Code   RO         3848    i.GB2312_15X16_ADDR  gt30l32s4w.o
    0x080013f4   0x080013f4   0x00000074   Code   RO         3849    i.GB2312_24X24_ADDR  gt30l32s4w.o
    0x08001468   0x08001468   0x0000006c   Code   RO         3850    i.GB2312_32X32_ADDR  gt30l32s4w.o
    0x080014d4   0x080014d4   0x00000058   Code   RO         3851    i.GB2312_6X12_ADDR  gt30l32s4w.o
    0x0800152c   0x0800152c   0x00000050   Code   RO         3852    i.GB2312_8X16_ADDR  gt30l32s4w.o
    0x0800157c   0x0800157c   0x00000060   Code   RO         3853    i.GB2312_Addr_Tans  gt30l32s4w.o
    0x080015dc   0x080015dc   0x00000040   Code   RO         1245    i.GPIO_EXTILineConfig  stm32f10x_gpio.o
    0x0800161c   0x0800161c   0x00000116   Code   RO         1248    i.GPIO_Init         stm32f10x_gpio.o
    0x08001732   0x08001732   0x00000012   Code   RO         1252    i.GPIO_ReadInputDataBit  stm32f10x_gpio.o
    0x08001744   0x08001744   0x00000004   Code   RO         1255    i.GPIO_ResetBits    stm32f10x_gpio.o
    0x08001748   0x08001748   0x00000004   Code   RO         1256    i.GPIO_SetBits      stm32f10x_gpio.o
    0x0800174c   0x0800174c   0x00000024   Code   RO         3855    i.GT30L32S4W_Init   gt30l32s4w.o
    0x08001770   0x08001770   0x000000ac   Code   RO         3856    i.GT30L32S4W_Read   gt30l32s4w.o
    0x0800181c   0x0800181c   0x00000004   Code   RO         3257    i.HardFault_Handler  stm32f10x_it.o
    0x08001820   0x08001820   0x00000040   Code   RO         3655    i.ILI9486_clear_screen  ili9486.o
    0x08001860   0x08001860   0x000000a0   Code   RO         3659    i.ILI9486_draw_line  ili9486.o
    0x08001900   0x08001900   0x00000054   Code   RO         3660    i.ILI9486_draw_rectangle  ili9486.o
    0x08001954   0x08001954   0x00000066   Code   RO         3662    i.ILI9486_open_window  ili9486.o
    0x080019ba   0x080019ba   0x00000002   PAD
    0x080019bc   0x080019bc   0x00000058   Code   RO         3664    i.ILI9486_putpixel  ili9486.o
    0x08001a14   0x08001a14   0x000000d2   Code   RO         3669    i.ILI9486_showchar_Ch  ili9486.o
    0x08001ae6   0x08001ae6   0x000000c4   Code   RO         3670    i.ILI9486_showchar_En  ili9486.o
    0x08001baa   0x08001baa   0x00000002   PAD
    0x08001bac   0x08001bac   0x000000c4   Code   RO         3671    i.ILI9486_showstring_Ch  ili9486.o
    0x08001c70   0x08001c70   0x000000ac   Code   RO         3672    i.ILI9486_showstring_En  ili9486.o
    0x08001d1c   0x08001d1c   0x00000080   Code   RO         3673    i.ILI9486_tftlcd_gpio_config  ili9486.o
    0x08001d9c   0x08001d9c   0x000001b4   Code   RO         3674    i.ILI9486_tftlcd_init  ili9486.o
    0x08001f50   0x08001f50   0x00000028   Code   RO         3675    i.ILI9486_write_cmd  ili9486.o
    0x08001f78   0x08001f78   0x00000028   Code   RO         3676    i.ILI9486_write_cmd_data  ili9486.o
    0x08001fa0   0x08001fa0   0x00000038   Code   RO         3677    i.ILI9486_write_data  ili9486.o
    0x08001fd8   0x08001fd8   0x0000001e   Code   RO         3112    i.KeyScan_Task      main.o
    0x08001ff6   0x08001ff6   0x00000002   PAD
    0x08001ff8   0x08001ff8   0x00000058   Code   RO         3454    i.Key_Init          bsp_key.o
    0x08002050   0x08002050   0x000000d4   Code   RO         3455    i.Key_Scan          bsp_key.o
    0x08002124   0x08002124   0x000000d0   Code   RO         3573    i.Lap_Test_Menu     bsp_interface.o
    0x080021f4   0x080021f4   0x000000c4   Code   RO         3574    i.MainMenu          bsp_interface.o
    0x080022b8   0x080022b8   0x00000004   Code   RO         3258    i.MemManage_Handler  stm32f10x_it.o
    0x080022bc   0x080022bc   0x00000108   Code   RO         3575    i.Multi_slave_function_interface  bsp_interface.o
    0x080023c4   0x080023c4   0x00000002   Code   RO         3259    i.NMI_Handler       stm32f10x_it.o
    0x080023c6   0x080023c6   0x00000002   PAD
    0x080023c8   0x080023c8   0x00000070   Code   RO           10    i.NVIC_Init         misc.o
    0x08002438   0x08002438   0x00000014   Code   RO           11    i.NVIC_PriorityGroupConfig  misc.o
    0x0800244c   0x0800244c   0x00000254   Code   RO         3576    i.Page_Down         bsp_interface.o
    0x080026a0   0x080026a0   0x00000270   Code   RO         3577    i.Page_Up           bsp_interface.o
    0x08002910   0x08002910   0x00000020   Code   RO         1664    i.RCC_APB1PeriphClockCmd  stm32f10x_rcc.o
    0x08002930   0x08002930   0x00000020   Code   RO         1666    i.RCC_APB2PeriphClockCmd  stm32f10x_rcc.o
    0x08002950   0x08002950   0x000000d4   Code   RO         1674    i.RCC_GetClocksFreq  stm32f10x_rcc.o
    0x08002a24   0x08002a24   0x00000064   Code   RO         3480    i.Ready_Fun         bsp_button.o
    0x08002a88   0x08002a88   0x00000018   Code   RO         2143    i.SPI_Cmd           stm32f10x_spi.o
    0x08002aa0   0x08002aa0   0x00000050   Code   RO         3805    i.SPI_Config        bsp_spi.o
    0x08002af0   0x08002af0   0x0000006c   Code   RO         3806    i.SPI_GPIO_Config   bsp_spi.o
    0x08002b5c   0x08002b5c   0x00000012   Code   RO         2151    i.SPI_I2S_GetFlagStatus  stm32f10x_spi.o
    0x08002b6e   0x08002b6e   0x00000006   Code   RO         2154    i.SPI_I2S_ReceiveData  stm32f10x_spi.o
    0x08002b74   0x08002b74   0x00000004   Code   RO         2155    i.SPI_I2S_SendData  stm32f10x_spi.o
    0x08002b78   0x08002b78   0x0000000c   Code   RO         3807    i.SPI_ILI9486_Init  bsp_spi.o
    0x08002b84   0x08002b84   0x0000003c   Code   RO         2156    i.SPI_Init          stm32f10x_spi.o
    0x08002bc0   0x08002bc0   0x00000078   Code   RO         3808    i.SPI_SendByte      bsp_spi.o
    0x08002c38   0x08002c38   0x00000040   Code   RO         3809    i.SPI_TIMEOUT_UsertCallback  bsp_spi.o
    0x08002c78   0x08002c78   0x00000008   Code   RO         3074    i.SetSysClock       system_stm32f10x.o
    0x08002c80   0x08002c80   0x000000e0   Code   RO         3075    i.SetSysClockTo72   system_stm32f10x.o
    0x08002d60   0x08002d60   0x000001b4   Code   RO         3578    i.Show_AcceleratedRecords  bsp_interface.o
    0x08002f14   0x08002f14   0x0000008e   Code   RO         3579    i.Show_Data         bsp_interface.o
    0x08002fa2   0x08002fa2   0x00000002   PAD
    0x08002fa4   0x08002fa4   0x000001bc   Code   RO         3580    i.Show_LapRecords   bsp_interface.o
    0x08003160   0x08003160   0x00000060   Code   RO         3581    i.Slaver_Check_Interface  bsp_interface.o
    0x080031c0   0x080031c0   0x00000010   Code   RO         3260    i.SysTick_Handler   stm32f10x_it.o
    0x080031d0   0x080031d0   0x00000060   Code   RO         3077    i.SystemInit        system_stm32f10x.o
    0x08003230   0x08003230   0x00000070   Code   RO         3261    i.TIM1_UP_IRQHandler  stm32f10x_it.o
    0x080032a0   0x080032a0   0x0000003c   Code   RO         3262    i.TIM3_IRQHandler   stm32f10x_it.o
    0x080032dc   0x080032dc   0x00000060   Code   RO         3393    i.TIMER1_Init       bsp_timer.o
    0x0800333c   0x0800333c   0x0000005c   Code   RO         3394    i.TIMER2_Init       bsp_timer.o
    0x08003398   0x08003398   0x00000060   Code   RO         3395    i.TIMER3_Init       bsp_timer.o
    0x080033f8   0x080033f8   0x00000006   Code   RO         2293    i.TIM_ClearITPendingBit  stm32f10x_tim.o
    0x080033fe   0x080033fe   0x00000018   Code   RO         2298    i.TIM_Cmd           stm32f10x_tim.o
    0x08003416   0x08003416   0x00000022   Code   RO         2319    i.TIM_GetITStatus   stm32f10x_tim.o
    0x08003438   0x08003438   0x00000012   Code   RO         2323    i.TIM_ITConfig      stm32f10x_tim.o
    0x0800344a   0x0800344a   0x00000004   Code   RO         2363    i.TIM_SetCounter    stm32f10x_tim.o
    0x0800344e   0x0800344e   0x00000002   PAD
    0x08003450   0x08003450   0x000000a4   Code   RO         2369    i.TIM_TimeBaseInit  stm32f10x_tim.o
    0x080034f4   0x080034f4   0x0000004c   Code   RO         3113    i.TestData_Save     main.o
    0x08003540   0x08003540   0x00000018   Code   RO         3396    i.Timer1_Off        bsp_timer.o
    0x08003558   0x08003558   0x00000024   Code   RO         3397    i.Timer1_Open       bsp_timer.o
    0x0800357c   0x0800357c   0x00000018   Code   RO         3400    i.Timer3_Off        bsp_timer.o
    0x08003594   0x08003594   0x00000018   Code   RO         3401    i.Timer3_Open       bsp_timer.o
    0x080035ac   0x080035ac   0x0000004c   Code   RO         3263    i.USART1_IRQHandler  stm32f10x_it.o
    0x080035f8   0x080035f8   0x00000264   Code   RO         3114    i.USART2_DealTask   main.o
    0x0800385c   0x0800385c   0x0000001e   Code   RO         2831    i.USART_ClearITPendingBit  stm32f10x_usart.o
    0x0800387a   0x0800387a   0x00000018   Code   RO         2834    i.USART_Cmd         stm32f10x_usart.o
    0x08003892   0x08003892   0x00000054   Code   RO         2838    i.USART_GetITStatus  stm32f10x_usart.o
    0x080038e6   0x080038e6   0x0000004a   Code   RO         2840    i.USART_ITConfig    stm32f10x_usart.o
    0x08003930   0x08003930   0x000000d8   Code   RO         2841    i.USART_Init        stm32f10x_usart.o
    0x08003a08   0x08003a08   0x0000000a   Code   RO         2848    i.USART_ReceiveData  stm32f10x_usart.o
    0x08003a12   0x08003a12   0x00000008   Code   RO         2851    i.USART_SendData    stm32f10x_usart.o
    0x08003a1a   0x08003a1a   0x00000002   PAD
    0x08003a1c   0x08003a1c   0x000000a0   Code   RO         3481    i.Up_Fun            bsp_button.o
    0x08003abc   0x08003abc   0x00000004   Code   RO         3264    i.UsageFault_Handler  stm32f10x_it.o
    0x08003ac0   0x08003ac0   0x0000004c   Code   RO         3482    i.View_Fun          bsp_button.o
    0x08003b0c   0x08003b0c   0x00000020   Code   RO         4838    i.__0printf$6       mc_w.l(printf6.o)
    0x08003b2c   0x08003b2c   0x00000028   Code   RO         4840    i.__0sprintf$6      mc_w.l(printf6.o)
    0x08003b54   0x08003b54   0x0000000e   Code   RO         4994    i.__scatterload_copy  mc_w.l(handlers.o)
    0x08003b62   0x08003b62   0x00000002   Code   RO         4995    i.__scatterload_null  mc_w.l(handlers.o)
    0x08003b64   0x08003b64   0x0000000e   Code   RO         4996    i.__scatterload_zeroinit  mc_w.l(handlers.o)
    0x08003b72   0x08003b72   0x00000002   PAD
    0x08003b74   0x08003b74   0x000002f0   Code   RO         4845    i._printf_core      mc_w.l(printf6.o)
    0x08003e64   0x08003e64   0x00000024   Code   RO         4846    i._printf_post_padding  mc_w.l(printf6.o)
    0x08003e88   0x08003e88   0x0000002e   Code   RO         4847    i._printf_pre_padding  mc_w.l(printf6.o)
    0x08003eb6   0x08003eb6   0x0000000a   Code   RO         4849    i._sputc            mc_w.l(printf6.o)
    0x08003ec0   0x08003ec0   0x00000048   Code   RO         3335    i.delay_us          bsp_delay.o
    0x08003f08   0x08003f08   0x00000018   Code   RO         3336    i.delay_xms         bsp_delay.o
    0x08003f20   0x08003f20   0x0000001c   Code   RO         3365    i.fputc             bsp_usart.o
    0x08003f3c   0x08003f3c   0x0000008c   Code   RO         3115    i.main              main.o
    0x08003fc8   0x08003fc8   0x00000098   Code   RO         4254    i.prvAddCurrentTaskToDelayedList  tasks.o
    0x08004060   0x08004060   0x000000b4   Code   RO         4255    i.prvAddNewTaskToReadyList  tasks.o
    0x08004114   0x08004114   0x00000064   Code   RO         4256    i.prvCheckTasksWaitingTermination  tasks.o
    0x08004178   0x08004178   0x0000002a   Code   RO         4091    i.prvCopyDataFromQueue  queue.o
    0x080041a2   0x080041a2   0x0000006a   Code   RO         4092    i.prvCopyDataToQueue  queue.o
    0x0800420c   0x0800420c   0x00000028   Code   RO         4257    i.prvDeleteTCB      tasks.o
    0x08004234   0x08004234   0x0000007c   Code   RO         4625    i.prvHeapInit       heap_4.o
    0x080042b0   0x080042b0   0x00000028   Code   RO         4258    i.prvIdleTask       tasks.o
    0x080042d8   0x080042d8   0x00000026   Code   RO         4093    i.prvInitialiseNewQueue  queue.o
    0x080042fe   0x080042fe   0x00000080   Code   RO         4259    i.prvInitialiseNewTask  tasks.o
    0x0800437e   0x0800437e   0x00000002   PAD
    0x08004380   0x08004380   0x00000068   Code   RO         4260    i.prvInitialiseTaskLists  tasks.o
    0x080043e8   0x080043e8   0x00000068   Code   RO         4626    i.prvInsertBlockIntoFreeList  heap_4.o
    0x08004450   0x08004450   0x0000001a   Code   RO         4094    i.prvIsQueueEmpty   queue.o
    0x0800446a   0x0800446a   0x0000001e   Code   RO         4095    i.prvIsQueueFull    queue.o
    0x08004488   0x08004488   0x00000034   Code   RO         4261    i.prvResetNextTaskUnblockTime  tasks.o
    0x080044bc   0x080044bc   0x00000016   Code   RO         4555    i.prvTaskExitError  port.o
    0x080044d2   0x080044d2   0x0000007e   Code   RO         4096    i.prvUnlockQueue    queue.o
    0x08004550   0x08004550   0x000000d0   Code   RO         4627    i.pvPortMalloc      heap_4.o
    0x08004620   0x08004620   0x00000024   Code   RO         4556    i.pxPortInitialiseStack  port.o
    0x08004644   0x08004644   0x000000a4   Code   RO         3366    i.uart1_init        bsp_usart.o
    0x080046e8   0x080046e8   0x000000a4   Code   RO         3367    i.uart2_init        bsp_usart.o
    0x0800478c   0x0800478c   0x00000028   Code   RO         4054    i.uxListRemove      list.o
    0x080047b4   0x080047b4   0x00000018   Code   RO         3116    i.vApplicationGetIdleTaskMemory  main.o
    0x080047cc   0x080047cc   0x0000001a   Code   RO         4055    i.vListInitialise   list.o
    0x080047e6   0x080047e6   0x00000006   Code   RO         4056    i.vListInitialiseItem  list.o
    0x080047ec   0x080047ec   0x00000034   Code   RO         4057    i.vListInsert       list.o
    0x08004820   0x08004820   0x00000018   Code   RO         4058    i.vListInsertEnd    list.o
    0x08004838   0x08004838   0x00000024   Code   RO         4558    i.vPortEnterCritical  port.o
    0x0800485c   0x0800485c   0x00000020   Code   RO         4559    i.vPortExitCritical  port.o
    0x0800487c   0x0800487c   0x00000048   Code   RO         4628    i.vPortFree         heap_4.o
    0x080048c4   0x080048c4   0x00000014   Code   RO         4560    i.vPortSetupTimerInterrupt  port.o
    0x080048d8   0x080048d8   0x00000034   Code   RO         4268    i.vTaskDelay        tasks.o
    0x0800490c   0x0800490c   0x000000cc   Code   RO         4270    i.vTaskDelete       tasks.o
    0x080049d8   0x080049d8   0x0000000c   Code   RO         4272    i.vTaskMissedYield  tasks.o
    0x080049e4   0x080049e4   0x00000020   Code   RO         4274    i.vTaskPlaceOnEventList  tasks.o
    0x08004a04   0x08004a04   0x00000018   Code   RO         4278    i.vTaskSetTimeOutState  tasks.o
    0x08004a1c   0x08004a1c   0x0000008c   Code   RO         4279    i.vTaskStartScheduler  tasks.o
    0x08004aa8   0x08004aa8   0x00000010   Code   RO         4281    i.vTaskSuspendAll   tasks.o
    0x08004ab8   0x08004ab8   0x00000060   Code   RO         4282    i.vTaskSwitchContext  tasks.o
    0x08004b18   0x08004b18   0x00000034   Code   RO         4561    i.xPortStartScheduler  port.o
    0x08004b4c   0x08004b4c   0x00000034   Code   RO         4562    i.xPortSysTickHandler  port.o
    0x08004b80   0x08004b80   0x0000003e   Code   RO         4105    i.xQueueGenericCreate  queue.o
    0x08004bbe   0x08004bbe   0x00000002   PAD
    0x08004bc0   0x08004bc0   0x0000013c   Code   RO         4107    i.xQueueGenericReceive  queue.o
    0x08004cfc   0x08004cfc   0x00000080   Code   RO         4108    i.xQueueGenericReset  queue.o
    0x08004d7c   0x08004d7c   0x00000118   Code   RO         4109    i.xQueueGenericSend  queue.o
    0x08004e94   0x08004e94   0x00000078   Code   RO         4111    i.xQueueGiveFromISR  queue.o
    0x08004f0c   0x08004f0c   0x0000005c   Code   RO         4283    i.xTaskCheckForTimeOut  tasks.o
    0x08004f68   0x08004f68   0x00000064   Code   RO         4284    i.xTaskCreate       tasks.o
    0x08004fcc   0x08004fcc   0x0000004e   Code   RO         4285    i.xTaskCreateStatic  tasks.o
    0x0800501a   0x0800501a   0x00000002   PAD
    0x0800501c   0x0800501c   0x00000020   Code   RO         4288    i.xTaskGetSchedulerState  tasks.o
    0x0800503c   0x0800503c   0x0000011c   Code   RO         4291    i.xTaskIncrementTick  tasks.o
    0x08005158   0x08005158   0x00000080   Code   RO         4294    i.xTaskRemoveFromEventList  tasks.o
    0x080051d8   0x080051d8   0x000000e8   Code   RO         4296    i.xTaskResumeAll    tasks.o
    0x080052c0   0x080052c0   0x00000020   Data   RO         4992    Region$$Table       anon$$obj.o


    Execution Region RW_IRAM1 (Exec base: 0x20000000, Load base: 0x080052e0, Size: 0x00004aa8, Max: 0x00005000, ABSOLUTE)

    Exec Addr    Load Addr    Size         Type   Attr      Idx    E Section Name        Object

    0x20000000   0x080052e0   0x00000014   Data   RW         1694    .data               stm32f10x_rcc.o
    0x20000014   0x080052f4   0x0000002b   Data   RW         3119    .data               main.o
    0x2000003f   0x0800531f   0x00000001   PAD
    0x20000040   0x08005320   0x00000005   Data   RW         3265    .data               stm32f10x_it.o
    0x20000045   0x08005325   0x00000001   PAD
    0x20000046   0x08005326   0x00000004   Data   RW         3337    .data               bsp_delay.o
    0x2000004a   0x0800532a   0x00000001   Data   RW         3456    .data               bsp_key.o
    0x2000004b   0x0800532b   0x00000001   PAD
    0x2000004c   0x0800532c   0x00000009   Data   RW         3582    .data               bsp_interface.o
    0x20000055   0x08005335   0x00000003   PAD
    0x20000058   0x08005338   0x0000000c   Data   RW         3678    .data               ili9486.o
    0x20000064   0x08005344   0x00000004   Data   RW         3810    .data               bsp_spi.o
    0x20000068   0x08005348   0x0000003c   Data   RW         4299    .data               tasks.o
    0x200000a4   0x08005384   0x00000004   Data   RW         4563    .data               port.o
    0x200000a8   0x08005388   0x00000018   Data   RW         4633    .data               heap_4.o
    0x200000c0   0x080053a0   0x00000004   Data   RW         4968    .data               mc_w.l(stdout.o)
    0x200000c4        -       0x00001a70   Zero   RW         3118    .bss                main.o
    0x20001b34        -       0x0000008c   Zero   RW         3483    .bss                bsp_button.o
    0x20001bc0        -       0x000002e4   Zero   RW         4298    .bss                tasks.o
    0x20001ea4        -       0x00002800   Zero   RW         4632    .bss                heap_4.o
    0x200046a4   0x080053a4   0x00000004   PAD
    0x200046a8        -       0x00000400   Zero   RW            1    STACK               startup_stm32f10x_md.o


==============================================================================

Image component sizes


      Code (inc. data)   RO Data    RW Data    ZI Data      Debug   Object Name

        52          6          0          0          0        527   bsp_beep.o
      1812        234          0          0        140       7713   bsp_button.o
        96          4          0          4          0       1495   bsp_delay.o
       168         12          0          0          0       1561   bsp_exti.o
      3442        578          0          9          0      10020   bsp_interface.o
       300         16          0          1          0       1226   bsp_key.o
       384         66          0          4          0       2973   bsp_spi.o
       392         34          0          0          0       3968   bsp_timer.o
       356         22          0          0          0       3242   bsp_usart.o
         0          0          0          0          0      16280   event_groups.o
      1124         64          0          0          0       9229   gt30l32s4w.o
       508         62          0         24      10240       3951   heap_4.o
      1972         68          0         12          0      11648   ili9486.o
       148          0          0          0          0       3278   list.o
      2554        822          0         43       6768      30719   main.o
       132         22          0          0          0     262819   misc.o
       400         50          0          4          0       9124   port.o
      1274         14          0          0          0      10722   queue.o
        36          8        236          0       1024        872   startup_stm32f10x_md.o
       200         18          0          0          0       2368   stm32f10x_exti.o
       368          4          0          0          0       4654   stm32f10x_gpio.o
       352         52          0          5          0       5850   stm32f10x_it.o
       276         32          0         20          0       4742   stm32f10x_rcc.o
       112          0          0          0          0       4214   stm32f10x_spi.o
       250         42          0          0          0       4527   stm32f10x_tim.o
       446          6          0          0          0       6669   stm32f10x_usart.o
       328         28          0          0          0       2037   system_stm32f10x.o
      2318        362          0         60        740      34232   tasks.o

    ----------------------------------------------------------------------
     19824       2626        268        192      18916     460660   Object Totals
         0          0         32          0          0          0   (incl. Generated)
        24          0          0          6          4          0   (incl. Padding)

    ----------------------------------------------------------------------

      Code (inc. data)   RO Data    RW Data    ZI Data      Debug   Library Member Name

         0          0          0          0          0          0   entry.o
         0          0          0          0          0          0   entry10a.o
         0          0          0          0          0          0   entry11a.o
         4          0          0          0          0          0   entry12b.o
         8          4          0          0          0          0   entry2.o
         4          0          0          0          0          0   entry5.o
         0          0          0          0          0          0   entry7b.o
         0          0          0          0          0          0   entry8b.o
         8          4          0          0          0          0   entry9a.o
        30          0          0          0          0          0   handlers.o
        36          8          0          0          0         68   init.o
        36          0          0          0          0         68   memcpya.o
        36          0          0          0          0        108   memseta.o
       916         20          0          0          0        504   printf6.o
         0          0          0          4          0          0   stdout.o
        44          0          0          0          0         80   uidiv.o

    ----------------------------------------------------------------------
      1124         36          0          4          0        828   Library Totals
         2          0          0          0          0          0   (incl. Padding)

    ----------------------------------------------------------------------

      Code (inc. data)   RO Data    RW Data    ZI Data      Debug   Library Name

      1122         36          0          4          0        828   mc_w.l

    ----------------------------------------------------------------------
      1124         36          0          4          0        828   Library Totals

    ----------------------------------------------------------------------

==============================================================================


      Code (inc. data)   RO Data    RW Data    ZI Data      Debug   

     20948       2662        268        196      18916     452176   Grand Totals
     20948       2662        268        196      18916     452176   ELF Image Totals
     20948       2662        268        196          0          0   ROM Totals

==============================================================================

    Total RO  Size (Code + RO Data)                21216 (  20.72kB)
    Total RW  Size (RW Data + ZI Data)             19112 (  18.66kB)
    Total ROM Size (Code + RO Data + RW Data)      21412 (  20.91kB)

==============================================================================

