Component: ARM Compiler 5.06 update 7 (build 960) Tool: armlink [4d3601]

==============================================================================

Section Cross References

    startup_stm32f10x_md.o(RESET) refers to startup_stm32f10x_md.o(STACK) for __initial_sp
    startup_stm32f10x_md.o(RESET) refers to startup_stm32f10x_md.o(.text) for Reset_Handler
    startup_stm32f10x_md.o(RESET) refers to stm32f10x_it.o(i.NMI_Handler) for NMI_Handler
    startup_stm32f10x_md.o(RESET) refers to stm32f10x_it.o(i.HardFault_Handler) for HardFault_Handler
    startup_stm32f10x_md.o(RESET) refers to stm32f10x_it.o(i.MemManage_Handler) for MemManage_Handler
    startup_stm32f10x_md.o(RESET) refers to stm32f10x_it.o(i.BusFault_Handler) for BusFault_Handler
    startup_stm32f10x_md.o(RESET) refers to stm32f10x_it.o(i.UsageFault_Handler) for UsageFault_Handler
    startup_stm32f10x_md.o(RESET) refers to port.o(.emb_text) for SVC_Handler
    startup_stm32f10x_md.o(RESET) refers to stm32f10x_it.o(i.DebugMon_Handler) for DebugMon_Handler
    startup_stm32f10x_md.o(RESET) refers to stm32f10x_it.o(i.SysTick_Handler) for SysTick_Handler
    startup_stm32f10x_md.o(RESET) refers to stm32f10x_it.o(i.EXTI9_5_IRQHandler) for EXTI9_5_IRQHandler
    startup_stm32f10x_md.o(RESET) refers to stm32f10x_it.o(i.TIM1_UP_IRQHandler) for TIM1_UP_IRQHandler
    startup_stm32f10x_md.o(RESET) refers to stm32f10x_it.o(i.TIM1_CC_IRQHandler) for TIM1_CC_IRQHandler
    startup_stm32f10x_md.o(RESET) refers to stm32f10x_it.o(i.TIM2_IRQHandler) for TIM2_IRQHandler
    startup_stm32f10x_md.o(RESET) refers to stm32f10x_it.o(i.TIM3_IRQHandler) for TIM3_IRQHandler
    startup_stm32f10x_md.o(RESET) refers to stm32f10x_it.o(i.TIM4_IRQHandler) for TIM4_IRQHandler
    startup_stm32f10x_md.o(RESET) refers to stm32f10x_it.o(i.USART2_IRQHandler) for USART2_IRQHandler
    startup_stm32f10x_md.o(.text) refers to system_stm32f10x.o(i.SystemInit) for SystemInit
    startup_stm32f10x_md.o(.text) refers to entry.o(.ARM.Collect$$$$00000000) for __main
    stm32f10x_adc.o(i.ADC_DeInit) refers to stm32f10x_rcc.o(i.RCC_APB2PeriphResetCmd) for RCC_APB2PeriphResetCmd
    stm32f10x_bkp.o(i.BKP_DeInit) refers to stm32f10x_rcc.o(i.RCC_BackupResetCmd) for RCC_BackupResetCmd
    stm32f10x_can.o(i.CAN_DeInit) refers to stm32f10x_rcc.o(i.RCC_APB1PeriphResetCmd) for RCC_APB1PeriphResetCmd
    stm32f10x_can.o(i.CAN_GetITStatus) refers to stm32f10x_can.o(i.CheckITStatus) for CheckITStatus
    stm32f10x_cec.o(i.CEC_DeInit) refers to stm32f10x_rcc.o(i.RCC_APB1PeriphResetCmd) for RCC_APB1PeriphResetCmd
    stm32f10x_dac.o(i.DAC_DeInit) refers to stm32f10x_rcc.o(i.RCC_APB1PeriphResetCmd) for RCC_APB1PeriphResetCmd
    stm32f10x_flash.o(i.FLASH_EnableWriteProtection) refers to stm32f10x_flash.o(i.FLASH_WaitForLastOperation) for FLASH_WaitForLastOperation
    stm32f10x_flash.o(i.FLASH_EraseAllBank1Pages) refers to stm32f10x_flash.o(i.FLASH_WaitForLastBank1Operation) for FLASH_WaitForLastBank1Operation
    stm32f10x_flash.o(i.FLASH_EraseAllPages) refers to stm32f10x_flash.o(i.FLASH_WaitForLastOperation) for FLASH_WaitForLastOperation
    stm32f10x_flash.o(i.FLASH_EraseOptionBytes) refers to stm32f10x_flash.o(i.FLASH_GetReadOutProtectionStatus) for FLASH_GetReadOutProtectionStatus
    stm32f10x_flash.o(i.FLASH_EraseOptionBytes) refers to stm32f10x_flash.o(i.FLASH_WaitForLastOperation) for FLASH_WaitForLastOperation
    stm32f10x_flash.o(i.FLASH_ErasePage) refers to stm32f10x_flash.o(i.FLASH_WaitForLastOperation) for FLASH_WaitForLastOperation
    stm32f10x_flash.o(i.FLASH_ProgramHalfWord) refers to stm32f10x_flash.o(i.FLASH_WaitForLastOperation) for FLASH_WaitForLastOperation
    stm32f10x_flash.o(i.FLASH_ProgramOptionByteData) refers to stm32f10x_flash.o(i.FLASH_WaitForLastOperation) for FLASH_WaitForLastOperation
    stm32f10x_flash.o(i.FLASH_ProgramWord) refers to stm32f10x_flash.o(i.FLASH_WaitForLastOperation) for FLASH_WaitForLastOperation
    stm32f10x_flash.o(i.FLASH_ReadOutProtection) refers to stm32f10x_flash.o(i.FLASH_WaitForLastOperation) for FLASH_WaitForLastOperation
    stm32f10x_flash.o(i.FLASH_UserOptionByteConfig) refers to stm32f10x_flash.o(i.FLASH_WaitForLastOperation) for FLASH_WaitForLastOperation
    stm32f10x_flash.o(i.FLASH_WaitForLastBank1Operation) refers to stm32f10x_flash.o(i.FLASH_GetBank1Status) for FLASH_GetBank1Status
    stm32f10x_flash.o(i.FLASH_WaitForLastOperation) refers to stm32f10x_flash.o(i.FLASH_GetBank1Status) for FLASH_GetBank1Status
    stm32f10x_gpio.o(i.GPIO_AFIODeInit) refers to stm32f10x_rcc.o(i.RCC_APB2PeriphResetCmd) for RCC_APB2PeriphResetCmd
    stm32f10x_gpio.o(i.GPIO_DeInit) refers to stm32f10x_rcc.o(i.RCC_APB2PeriphResetCmd) for RCC_APB2PeriphResetCmd
    stm32f10x_i2c.o(i.I2C_DeInit) refers to stm32f10x_rcc.o(i.RCC_APB1PeriphResetCmd) for RCC_APB1PeriphResetCmd
    stm32f10x_i2c.o(i.I2C_Init) refers to stm32f10x_rcc.o(i.RCC_GetClocksFreq) for RCC_GetClocksFreq
[...]
    i.Backtrack_Fun                          0x080007dc   Section        0  bsp_button.o(i.Backtrack_Fun)
    Backtrack_Fun                            0x080007dd   Thumb Code   196  bsp_button.o(i.Backtrack_Fun)
    i.BusFault_Handler                       0x080008ac   Section        0  stm32f10x_it.o(i.BusFault_Handler)
    i.Button_Dealing                         0x080008b0   Section        0  bsp_button.o(i.Button_Dealing)
    i.Button_Draw                            0x08000a40   Section        0  bsp_button.o(i.Button_Draw)
    Button_Draw                              0x08000a41   Thumb Code   168  bsp_button.o(i.Button_Draw)
    i.Button_Init                            0x08000b1c   Section        0  bsp_button.o(i.Button_Init)
    i.Connection_Count_Show                  0x08000d2c   Section        0  bsp_interface.o(i.Connection_Count_Show)
    i.DebugMon_Handler                       0x08000dd8   Section        0  stm32f10x_it.o(i.DebugMon_Handler)
    i.Delay_Init                             0x08000ddc   Section        0  bsp_delay.o(i.Delay_Init)
    i.Determine_Fun                          0x08000e20   Section        0  bsp_button.o(i.Determine_Fun)
    Determine_Fun                            0x08000e21   Thumb Code   274  bsp_button.o(i.Determine_Fun)
    i.Down_Fun                               0x08000f54   Section        0  bsp_button.o(i.Down_Fun)
    Down_Fun                                 0x08000f55   Thumb Code   166  bsp_button.o(i.Down_Fun)
    i.EXTI9_5_IRQHandler                     0x08001018   Section        0  stm32f10x_it.o(i.EXTI9_5_IRQHandler)
    i.EXTIX_DealTask                         0x08001080   Section        0  main.o(i.EXTIX_DealTask)
    EXTIX_DealTask                           0x08001081   Thumb Code   550  main.o(i.EXTIX_DealTask)
    i.EXTI_ClearITPendingBit                 0x080012f8   Section        0  stm32f10x_exti.o(i.EXTI_ClearITPendingBit)
    i.EXTI_GetITStatus                       0x08001304   Section        0  stm32f10x_exti.o(i.EXTI_GetITStatus)
    i.EXTI_Init                              0x0800132c   Section        0  stm32f10x_exti.o(i.EXTI_Init)
    i.Empty_Fun                              0x080013c0   Section        0  bsp_button.o(i.Empty_Fun)
    i.Empty_Records                          0x080013d8   Section        0  bsp_interface.o(i.Empty_Records)
    i.Exti_Close                             0x080014b8   Section        0  bsp_exti.o(i.Exti_Close)
    i.Exti_Init                              0x080014d4   Section        0  bsp_exti.o(i.Exti_Init)
    i.Exti_Open                              0x08001548   Section        0  bsp_exti.o(i.Exti_Open)
    i.Face_SwitchTask                        0x08001564   Section        0  main.o(i.Face_SwitchTask)
    Face_SwitchTask                          0x08001565   Thumb Code   162  main.o(i.Face_SwitchTask)
    i.GB2312_12X12_ADDR                      0x08001638   Section        0  gt30l32s4w.o(i.GB2312_12X12_ADDR)
    i.GB2312_15X16_ADDR                      0x080016a0   Section        0  gt30l32s4w.o(i.GB2312_15X16_ADDR)
    i.GB2312_24X24_ADDR                      0x0800170c   Section        0  gt30l32s4w.o(i.GB2312_24X24_ADDR)
    i.GB2312_32X32_ADDR                      0x08001780   Section        0  gt30l32s4w.o(i.GB2312_32X32_ADDR)
    i.GB2312_6X12_ADDR                       0x080017ec   Section        0  gt30l32s4w.o(i.GB2312_6X12_ADDR)
    i.GB2312_8X16_ADDR                       0x08001844   Section        0  gt30l32s4w.o(i.GB2312_8X16_ADDR)
    i.GB2312_Addr_Tans                       0x08001894   Section        0  gt30l32s4w.o(i.GB2312_Addr_Tans)
    i.GPIO_EXTILineConfig                    0x080018f4   Section        0  stm32f10x_gpio.o(i.GPIO_EXTILineConfig)
    i.GPIO_Init                              0x08001934   Section        0  stm32f10x_gpio.o(i.GPIO_Init)
    i.GPIO_PinRemapConfig                    0x08001a4c   Section        0  stm32f10x_gpio.o(i.GPIO_PinRemapConfig)
    i.GPIO_ReadInputDataBit                  0x08001adc   Section        0  stm32f10x_gpio.o(i.GPIO_ReadInputDataBit)
    i.GPIO_ResetBits                         0x08001aee   Section        0  stm32f10x_gpio.o(i.GPIO_ResetBits)
    i.GPIO_SetBits                           0x08001af2   Section        0  stm32f10x_gpio.o(i.GPIO_SetBits)
    i.GPIO_WriteBit                          0x08001af6   Section        0  stm32f10x_gpio.o(i.GPIO_WriteBit)
    i.GT30L32S4W_Init                        0x08001b00   Section        0  gt30l32s4w.o(i.GT30L32S4W_Init)
    i.GT30L32S4W_Read                        0x08001b24   Section        0  gt30l32s4w.o(i.GT30L32S4W_Read)
    i.HardFault_Handler                      0x08001bd0   Section        0  stm32f10x_it.o(i.HardFault_Handler)
    i.ILI9486_clear_screen                   0x08001bf0   Section        0  ili9486.o(i.ILI9486_clear_screen)
    i.ILI9486_draw_line                      0x08001c30   Section        0  ili9486.o(i.ILI9486_draw_line)
    i.ILI9486_draw_rectangle                 0x08001cd0   Section        0  ili9486.o(i.ILI9486_draw_rectangle)
    i.ILI9486_open_window                    0x08001d24   Section        0  ili9486.o(i.ILI9486_open_window)
    i.ILI9486_putpixel                       0x08001d8c   Section        0  ili9486.o(i.ILI9486_putpixel)
    i.ILI9486_showchar_Ch                    0x08001de4   Section        0  ili9486.o(i.ILI9486_showchar_Ch)
    i.ILI9486_showchar_En                    0x08001eb6   Section        0  ili9486.o(i.ILI9486_showchar_En)
    i.ILI9486_showstring_Ch                  0x08001f7c   Section        0  ili9486.o(i.ILI9486_showstring_Ch)
    i.ILI9486_showstring_En                  0x08002040   Section        0  ili9486.o(i.ILI9486_showstring_En)
    i.ILI9486_tftlcd_gpio_config             0x080020ec   Section        0  ili9486.o(i.ILI9486_tftlcd_gpio_config)
    i.ILI9486_tftlcd_init                    0x0800216c   Section        0  ili9486.o(i.ILI9486_tftlcd_init)
    i.ILI9486_write_cmd                      0x08002320   Section        0  ili9486.o(i.ILI9486_write_cmd)
    i.ILI9486_write_cmd_data                 0x08002348   Section        0  ili9486.o(i.ILI9486_write_cmd_data)
    i.ILI9486_write_data                     0x08002370   Section        0  ili9486.o(i.ILI9486_write_data)
    i.KeyScan_Task                           0x080023a8   Section        0  main.o(i.KeyScan_Task)
    KeyScan_Task                             0x080023a9   Thumb Code    30  main.o(i.KeyScan_Task)
    i.Key_Init                               0x080023c8   Section        0  bsp_key.o(i.Key_Init)
    i.Key_Scan                               0x0800241c   Section        0  bsp_key.o(i.Key_Scan)
    i.Lap_Test_Menu                          0x080024e8   Section        0  bsp_interface.o(i.Lap_Test_Menu)
    i.MainMenu                               0x080025b8   Section        0  bsp_interface.o(i.MainMenu)
    i.MemManage_Handler                      0x080026ac   Section        0  stm32f10x_it.o(i.MemManage_Handler)
    i.Multi_slave_function_interface         0x080026b0   Section        0  bsp_interface.o(i.Multi_slave_function_interface)
    i.NMI_Handler                            0x08002864   Section        0  stm32f10x_it.o(i.NMI_Handler)
    i.NVIC_Init                              0x08002868   Section        0  misc.o(i.NVIC_Init)
    i.NVIC_PriorityGroupConfig               0x080028d8   Section        0  misc.o(i.NVIC_PriorityGroupConfig)
    i.Page_Down                              0x080028ec   Section        0  bsp_interface.o(i.Page_Down)
    i.Page_Up                                0x08002b40   Section        0  bsp_interface.o(i.Page_Up)
    i.RCC_APB1PeriphClockCmd                 0x08002db0   Section        0  stm32f10x_rcc.o(i.RCC_APB1PeriphClockCmd)
    i.RCC_APB1PeriphResetCmd                 0x08002dd0   Section        0  stm32f10x_rcc.o(i.RCC_APB1PeriphResetCmd)
    i.RCC_APB2PeriphClockCmd                 0x08002df0   Section        0  stm32f10x_rcc.o(i.RCC_APB2PeriphClockCmd)
    i.RCC_APB2PeriphResetCmd                 0x08002e10   Section        0  stm32f10x_rcc.o(i.RCC_APB2PeriphResetCmd)
    i.RCC_GetClocksFreq                      0x08002e30   Section        0  stm32f10x_rcc.o(i.RCC_GetClocksFreq)
    i.Ready_Fun                              0x08002f04   Section        0  bsp_button.o(i.Ready_Fun)
    i.SPI_Cmd                                0x08002f68   Section        0  stm32f10x_spi.o(i.SPI_Cmd)
    i.SPI_Config                             0x08002f80   Section        0  bsp_spi.o(i.SPI_Config)
    i.SPI_GPIO_Config                        0x08002fd0   Section        0  bsp_spi.o(i.SPI_GPIO_Config)
    i.SPI_I2S_GetFlagStatus                  0x0800303c   Section        0  stm32f10x_spi.o(i.SPI_I2S_GetFlagStatus)
    i.SPI_I2S_ReceiveData                    0x0800304e   Section        0  stm32f10x_spi.o(i.SPI_I2S_ReceiveData)
    i.SPI_I2S_SendData                       0x08003054   Section        0  stm32f10x_spi.o(i.SPI_I2S_SendData)
    i.SPI_ILI9486_Init                       0x08003058   Section        0  bsp_spi.o(i.SPI_ILI9486_Init)
    i.SPI_Init                               0x08003064   Section        0  stm32f10x_spi.o(i.SPI_Init)
    i.SPI_SendByte                           0x080030a0   Section        0  bsp_spi.o(i.SPI_SendByte)
    i.SPI_TIMEOUT_UsertCallback              0x08003118   Section        0  bsp_spi.o(i.SPI_TIMEOUT_UsertCallback)
    SPI_TIMEOUT_UsertCallback                0x08003119   Thumb Code    16  bsp_spi.o(i.SPI_TIMEOUT_UsertCallback)
    i.SetSysClock                            0x08003158   Section        0  system_stm32f10x.o(i.SetSysClock)
    SetSysClock                              0x08003159   Thumb Code     8  system_stm32f10x.o(i.SetSysClock)
    i.SetSysClockTo72                        0x08003160   Section        0  system_stm32f10x.o(i.SetSysClockTo72)
    SetSysClockTo72                          0x08003161   Thumb Code   214  system_stm32f10x.o(i.SetSysClockTo72)
    i.Show_AcceleratedRecords                0x08003240   Section        0  bsp_interface.o(i.Show_AcceleratedRecords)
    i.Show_Data                              0x080033f4   Section        0  bsp_interface.o(i.Show_Data)
    i.Show_LapRecords                        0x08003484   Section        0  bsp_interface.o(i.Show_LapRecords)
    i.Slaver_Check_Interface                 0x08003640   Section        0  bsp_interface.o(i.Slaver_Check_Interface)
    i.SysTick_CLKSourceConfig                0x080036a4   Section        0  misc.o(i.SysTick_CLKSourceConfig)
    i.SysTick_Handler                        0x080036cc   Section        0  stm32f10x_it.o(i.SysTick_Handler)
    i.SystemInit                             0x080036dc   Section        0  system_stm32f10x.o(i.SystemInit)
    i.TIM1_CC_IRQHandler                     0x0800373c   Section        0  stm32f10x_it.o(i.TIM1_CC_IRQHandler)
    i.TIM1_UP_IRQHandler                     0x080037a8   Section        0  stm32f10x_it.o(i.TIM1_UP_IRQHandler)
    i.TIM2_IRQHandler                        0x08003818   Section        0  stm32f10x_it.o(i.TIM2_IRQHandler)
    i.TIM3_IRQHandler                        0x08003858   Section        0  stm32f10x_it.o(i.TIM3_IRQHandler)
    i.TIM4_IRQHandler                        0x08003894   Section        0  stm32f10x_it.o(i.TIM4_IRQHandler)
    i.TIMER1_Init                            0x080038b0   Section        0  bsp_timer.o(i.TIMER1_Init)
    i.TIMER2_Init                            0x08003938   Section        0  bsp_timer.o(i.TIMER2_Init)
    i.TIMER3_Init                            0x080039a0   Section        0  bsp_timer.o(i.TIMER3_Init)
    i.TIM_ClearITPendingBit                  0x08003a08   Section        0  stm32f10x_tim.o(i.TIM_ClearITPendingBit)
    i.TIM_Cmd                                0x08003a0e   Section        0  stm32f10x_tim.o(i.TIM_Cmd)
    i.TIM_GetITStatus                        0x08003a26   Section        0  stm32f10x_tim.o(i.TIM_GetITStatus)
    i.TIM_ITConfig                           0x08003a48   Section        0  stm32f10x_tim.o(i.TIM_ITConfig)
    i.TIM_SetCounter                         0x08003a5a   Section        0  stm32f10x_tim.o(i.TIM_SetCounter)
    i.TIM_TimeBaseInit                       0x08003a60   Section        0  stm32f10x_tim.o(i.TIM_TimeBaseInit)
    i.TestData_Save                          0x08003b04   Section        0  main.o(i.TestData_Save)
    TestData_Save                            0x08003b05   Thumb Code    56  main.o(i.TestData_Save)
    i.Timer1_Off                             0x08003b50   Section        0  bsp_timer.o(i.Timer1_Off)
    i.Timer1_Open                            0x08003b68   Section        0  bsp_timer.o(i.Timer1_Open)
    i.Timer3_Off                             0x08003b8c   Section        0  bsp_timer.o(i.Timer3_Off)
    i.Timer3_Open                            0x08003ba4   Section        0  bsp_timer.o(i.Timer3_Open)
    i.USART2_DealTask                        0x08003bbc   Section        0  main.o(i.USART2_DealTask)
    USART2_DealTask                          0x08003bbd   Thumb Code   410  main.o(i.USART2_DealTask)
    i.USART2_IRQHandler                      0x08003dc0   Section        0  stm32f10x_it.o(i.USART2_IRQHandler)
    i.USART_ClearFlag                        0x08003e14   Section        0  stm32f10x_usart.o(i.USART_ClearFlag)
    i.USART_ClearITPendingBit                0x08003e26   Section        0  stm32f10x_usart.o(i.USART_ClearITPendingBit)
    i.USART_Cmd                              0x08003e44   Section        0  stm32f10x_usart.o(i.USART_Cmd)
    i.USART_DeInit                           0x08003e5c   Section        0  stm32f10x_usart.o(i.USART_DeInit)
    i.USART_GetITStatus                      0x08003ef8   Section        0  stm32f10x_usart.o(i.USART_GetITStatus)
    i.USART_ITConfig                         0x08003f4c   Section        0  stm32f10x_usart.o(i.USART_ITConfig)
    i.USART_Init                             0x08003f98   Section        0  stm32f10x_usart.o(i.USART_Init)
    i.USART_ReceiveData                      0x08004070   Section        0  stm32f10x_usart.o(i.USART_ReceiveData)
    i.USART_SendData                         0x0800407a   Section        0  stm32f10x_usart.o(i.USART_SendData)
    i.Up_Fun                                 0x08004084   Section        0  bsp_button.o(i.Up_Fun)
    Up_Fun                                   0x08004085   Thumb Code   166  bsp_button.o(i.Up_Fun)
    i.UsageFault_Handler                     0x08004148   Section        0  stm32f10x_it.o(i.UsageFault_Handler)
    i.Usart_Handle                           0x0800414c   Section        0  main.o(i.Usart_Handle)
    Usart_Handle                             0x0800414d   Thumb Code   366  main.o(i.Usart_Handle)
    i.View_Fun                               0x080042ec   Section        0  bsp_button.o(i.View_Fun)
    i.__0printf$6                            0x08004338   Section        0  printf6.o(i.__0printf$6)
    i.__0sprintf$6                           0x08004358   Section        0  printf6.o(i.__0sprintf$6)
    i.__scatterload_copy                     0x08004380   Section       14  handlers.o(i.__scatterload_copy)
    i.__scatterload_null                     0x0800438e   Section        2  handlers.o(i.__scatterload_null)
    i.__scatterload_zeroinit                 0x08004390   Section       14  handlers.o(i.__scatterload_zeroinit)
    i._printf_core                           0x080043a0   Section        0  printf6.o(i._printf_core)
    _printf_core                             0x080043a1   Thumb Code   748  printf6.o(i._printf_core)
    i._printf_post_padding                   0x08004690   Section        0  printf6.o(i._printf_post_padding)
    _printf_post_padding                     0x08004691   Thumb Code    36  printf6.o(i._printf_post_padding)
    i._printf_pre_padding                    0x080046b4   Section        0  printf6.o(i._printf_pre_padding)
    _printf_pre_padding                      0x080046b5   Thumb Code    46  printf6.o(i._printf_pre_padding)
    i._sputc                                 0x080046e2   Section        0  printf6.o(i._sputc)
    _sputc                                   0x080046e3   Thumb Code    10  printf6.o(i._sputc)
    i.delay_us                               0x080046ec   Section        0  bsp_delay.o(i.delay_us)
    i.delay_xms                              0x08004734   Section        0  bsp_delay.o(i.delay_xms)
    i.fputc                                  0x0800474c   Section        0  bsp_usart.o(i.fputc)
    i.main                                   0x08004768   Section        0  main.o(i.main)
    i.prvAddCurrentTaskToDelayedList         0x080047f4   Section        0  tasks.o(i.prvAddCurrentTaskToDelayedList)
    prvAddCurrentTaskToDelayedList           0x080047f5   Thumb Code   124  tasks.o(i.prvAddCurrentTaskToDelayedList)
    i.prvAddNewTaskToReadyList               0x0800488c   Section        0  tasks.o(i.prvAddNewTaskToReadyList)
    prvAddNewTaskToReadyList                 0x0800488d   Thumb Code   150  tasks.o(i.prvAddNewTaskToReadyList)
    i.prvCheckTasksWaitingTermination        0x08004940   Section        0  tasks.o(i.prvCheckTasksWaitingTermination)
    prvCheckTasksWaitingTermination          0x08004941   Thumb Code    86  tasks.o(i.prvCheckTasksWaitingTermination)
    i.prvCopyDataFromQueue                   0x080049a4   Section        0  queue.o(i.prvCopyDataFromQueue)
    prvCopyDataFromQueue                     0x080049a5   Thumb Code    42  queue.o(i.prvCopyDataFromQueue)
    i.prvCopyDataToQueue                     0x080049ce   Section        0  queue.o(i.prvCopyDataToQueue)
    prvCopyDataToQueue                       0x080049cf   Thumb Code   106  queue.o(i.prvCopyDataToQueue)
    i.prvDeleteTCB                           0x08004a38   Section        0  tasks.o(i.prvDeleteTCB)
    prvDeleteTCB                             0x08004a39   Thumb Code    40  tasks.o(i.prvDeleteTCB)
    i.prvHeapInit                            0x08004a60   Section        0  heap_4.o(i.prvHeapInit)
    prvHeapInit                              0x08004a61   Thumb Code    98  heap_4.o(i.prvHeapInit)
    i.prvIdleTask                            0x08004adc   Section        0  tasks.o(i.prvIdleTask)
    prvIdleTask                              0x08004add   Thumb Code    32  tasks.o(i.prvIdleTask)
    i.prvInitialiseNewQueue                  0x08004b04   Section        0  queue.o(i.prvInitialiseNewQueue)
    prvInitialiseNewQueue                    0x08004b05   Thumb Code    38  queue.o(i.prvInitialiseNewQueue)
    i.prvInitialiseNewTask                   0x08004b2a   Section        0  tasks.o(i.prvInitialiseNewTask)
    prvInitialiseNewTask                     0x08004b2b   Thumb Code   128  tasks.o(i.prvInitialiseNewTask)
    i.prvInitialiseTaskLists                 0x08004bac   Section        0  tasks.o(i.prvInitialiseTaskLists)
    prvInitialiseTaskLists                   0x08004bad   Thumb Code    70  tasks.o(i.prvInitialiseTaskLists)
    i.prvInsertBlockIntoFreeList             0x08004c14   Section        0  heap_4.o(i.prvInsertBlockIntoFreeList)
    prvInsertBlockIntoFreeList               0x08004c15   Thumb Code    96  heap_4.o(i.prvInsertBlockIntoFreeList)
    i.prvIsQueueEmpty                        0x08004c7c   Section        0  queue.o(i.prvIsQueueEmpty)
    prvIsQueueEmpty                          0x08004c7d   Thumb Code    26  queue.o(i.prvIsQueueEmpty)
    i.prvIsQueueFull                         0x08004c96   Section        0  queue.o(i.prvIsQueueFull)
    prvIsQueueFull                           0x08004c97   Thumb Code    30  queue.o(i.prvIsQueueFull)
    i.prvResetNextTaskUnblockTime            0x08004cb4   Section        0  tasks.o(i.prvResetNextTaskUnblockTime)
    prvResetNextTaskUnblockTime              0x08004cb5   Thumb Code    42  tasks.o(i.prvResetNextTaskUnblockTime)
    i.prvTaskExitError                       0x08004ce8   Section        0  port.o(i.prvTaskExitError)
    prvTaskExitError                         0x08004ce9   Thumb Code    22  port.o(i.prvTaskExitError)
    i.prvUnlockQueue                         0x08004cfe   Section        0  queue.o(i.prvUnlockQueue)
    prvUnlockQueue                           0x08004cff   Thumb Code   126  queue.o(i.prvUnlockQueue)
    i.pvPortMalloc                           0x08004d7c   Section        0  heap_4.o(i.pvPortMalloc)
    i.pxPortInitialiseStack                  0x08004e4c   Section        0  port.o(i.pxPortInitialiseStack)
    i.uart1_init                             0x08004e70   Section        0  bsp_usart.o(i.uart1_init)
    i.uart2_init                             0x08004ee8   Section        0  bsp_usart.o(i.uart2_init)
    i.uxListRemove                           0x08004fa4   Section        0  list.o(i.uxListRemove)
    i.vApplicationGetIdleTaskMemory          0x08004fcc   Section        0  main.o(i.vApplicationGetIdleTaskMemory)
    i.vListInitialise                        0x08004fe4   Section        0  list.o(i.vListInitialise)
    i.vListInitialiseItem                    0x08004ffe   Section        0  list.o(i.vListInitialiseItem)
    i.vListInsert                            0x08005004   Section        0  list.o(i.vListInsert)
    i.vListInsertEnd                         0x08005038   Section        0  list.o(i.vListInsertEnd)
    i.vPortEnterCritical                     0x08005050   Section        0  port.o(i.vPortEnterCritical)
    i.vPortExitCritical                      0x08005074   Section        0  port.o(i.vPortExitCritical)
    i.vPortFree                              0x08005094   Section        0  heap_4.o(i.vPortFree)
    i.vPortSetupTimerInterrupt               0x080050dc   Section        0  port.o(i.vPortSetupTimerInterrupt)
    i.vTaskDelay                             0x080050f0   Section        0  tasks.o(i.vTaskDelay)
    i.vTaskDelete                            0x08005124   Section        0  tasks.o(i.vTaskDelete)
    i.vTaskMissedYield                       0x080051f0   Section        0  tasks.o(i.vTaskMissedYield)
    i.vTaskPlaceOnEventList                  0x080051fc   Section        0  tasks.o(i.vTaskPlaceOnEventList)
    i.vTaskSetTimeOutState                   0x0800521c   Section        0  tasks.o(i.vTaskSetTimeOutState)
    i.vTaskStartScheduler                    0x08005234   Section        0  tasks.o(i.vTaskStartScheduler)
    i.vTaskSuspendAll                        0x080052c0   Section        0  tasks.o(i.vTaskSuspendAll)
    i.vTaskSwitchContext                     0x080052d0   Section        0  tasks.o(i.vTaskSwitchContext)
    i.xPortStartScheduler                    0x08005330   Section        0  port.o(i.xPortStartScheduler)
    i.xPortSysTickHandler                    0x08005364   Section        0  port.o(i.xPortSysTickHandler)
    i.xQueueGenericCreate                    0x08005398   Section        0  queue.o(i.xQueueGenericCreate)
    i.xQueueGenericReceive                   0x080053d8   Section        0  queue.o(i.xQueueGenericReceive)
    i.xQueueGenericReset                     0x08005514   Section        0  queue.o(i.xQueueGenericReset)
    i.xQueueGenericSend                      0x08005594   Section        0  queue.o(i.xQueueGenericSend)
    i.xQueueGiveFromISR                      0x080056ac   Section        0  queue.o(i.xQueueGiveFromISR)
    i.xTaskCheckForTimeOut                   0x08005724   Section        0  tasks.o(i.xTaskCheckForTimeOut)
    i.xTaskCreate                            0x08005780   Section        0  tasks.o(i.xTaskCreate)
    i.xTaskCreateStatic                      0x080057e4   Section        0  tasks.o(i.xTaskCreateStatic)
    i.xTaskGetSchedulerState                 0x08005834   Section        0  tasks.o(i.xTaskGetSchedulerState)
    i.xTaskIncrementTick                     0x08005854   Section        0  tasks.o(i.xTaskIncrementTick)
    i.xTaskRemoveFromEventList               0x08005970   Section        0  tasks.o(i.xTaskRemoveFromEventList)
    i.xTaskResumeAll                         0x080059f0   Section        0  tasks.o(i.xTaskResumeAll)
    .data                                    0x20000000   Section       20  stm32f10x_rcc.o(.data)
    APBAHBPrescTable                         0x20000000   Data          16  stm32f10x_rcc.o(.data)
    ADCPrescTable                            0x20000010   Data           4  stm32f10x_rcc.o(.data)
    .data                                    0x20000014   Section       45  main.o(.data)
    AppTaskCreate_Handle                     0x20000020   Data           4  main.o(.data)
    KEY_Task_Handle                          0x20000024   Data           4  main.o(.data)
    EXTIX_DealTask_Handler                   0x20000028   Data           4  main.o(.data)
    USART2_DealTask_Handler                  0x2000002c   Data           4  main.o(.data)
    Face_SwitchTask_Handler                  0x20000030   Data           4  main.o(.data)
    n                                        0x2000003f   Data           1  main.o(.data)
    i                                        0x20000040   Data           1  main.o(.data)
    .data                                    0x20000044   Section       12  stm32f10x_it.o(.data)
    exti_i                                   0x2000004d   Data           1  stm32f10x_it.o(.data)
    exti_i                                   0x2000004e   Data           1  stm32f10x_it.o(.data)
    Time2value                               0x2000004f   Data           1  stm32f10x_it.o(.data)
    .data                                    0x20000050   Section        4  bsp_delay.o(.data)
    fac_us                                   0x20000050   Data           1  bsp_delay.o(.data)
    fac_ms                                   0x20000052   Data           2  bsp_delay.o(.data)
    .data                                    0x20000054   Section        1  bsp_key.o(.data)
    key_up                                   0x20000054   Data           1  bsp_key.o(.data)
    .data                                    0x20000056   Section        8  bsp_interface.o(.data)
    .data                                    0x20000060   Section       12  ili9486.o(.data)
    current_txt_color                        0x20000064   Data           4  ili9486.o(.data)
    current_back_color                       0x20000068   Data           4  ili9486.o(.data)
    .data                                    0x2000006c   Section        4  bsp_spi.o(.data)
    SPITimeout                               0x2000006c   Data           4  bsp_spi.o(.data)
    .data                                    0x20000070   Section       60  tasks.o(.data)
    pxDelayedTaskList                        0x20000074   Data           4  tasks.o(.data)
    pxOverflowDelayedTaskList                0x20000078   Data           4  tasks.o(.data)
    uxDeletedTasksWaitingCleanUp             0x2000007c   Data           4  tasks.o(.data)
    uxCurrentNumberOfTasks                   0x20000080   Data           4  tasks.o(.data)
    xTickCount                               0x20000084   Data           4  tasks.o(.data)
    uxTopReadyPriority                       0x20000088   Data           4  tasks.o(.data)
    xSchedulerRunning                        0x2000008c   Data           4  tasks.o(.data)
    uxPendedTicks                            0x20000090   Data           4  tasks.o(.data)
    xYieldPending                            0x20000094   Data           4  tasks.o(.data)
    xNumOfOverflows                          0x20000098   Data           4  tasks.o(.data)
    uxTaskNumber                             0x2000009c   Data           4  tasks.o(.data)
    xNextTaskUnblockTime                     0x200000a0   Data           4  tasks.o(.data)
    xIdleTaskHandle                          0x200000a4   Data           4  tasks.o(.data)
    uxSchedulerSuspended                     0x200000a8   Data           4  tasks.o(.data)
    .data                                    0x200000ac   Section        4  port.o(.data)
    uxCriticalNesting                        0x200000ac   Data           4  port.o(.data)
    .data                                    0x200000b0   Section       24  heap_4.o(.data)
    xStart                                   0x200000b0   Data           8  heap_4.o(.data)
    pxEnd                                    0x200000b8   Data           4  heap_4.o(.data)
    xFreeBytesRemaining                      0x200000bc   Data           4  heap_4.o(.data)
    xMinimumEverFreeBytesRemaining           0x200000c0   Data           4  heap_4.o(.data)
    xBlockAllocatedBit                       0x200000c4   Data           4  heap_4.o(.data)
    .data                                    0x200000c8   Section        4  stdout.o(.data)
    .bss                                     0x200000cc   Section     6804  main.o(.bss)
    Idle_Task_Stack                          0x200000cc   Data         512  main.o(.bss)
    Timer_Task_Stack                         0x200002cc   Data        1024  main.o(.bss)
    AppTaskCreate_Stack                      0x200006cc   Data         512  main.o(.bss)
    KEY_Task_Stack                           0x200008cc   Data         256  main.o(.bss)
    Idle_Task_TCB                            0x200009cc   Data          92  main.o(.bss)
    Timer_Task_TCB                           0x20000a28   Data          92  main.o(.bss)
    AppTaskCreate_TCB                        0x20000a84   Data          92  main.o(.bss)
    KEY_Task_TCB                             0x20000ae0   Data          92  main.o(.bss)
    Exti_Data                                0x20001b54   Data          12  main.o(.bss)
    .bss                                     0x20001b60   Section      180  bsp_button.o(.bss)
    .bss                                     0x20001c14   Section      740  tasks.o(.bss)
    pxReadyTasksLists                        0x20001c14   Data         640  tasks.o(.bss)
    xDelayedTaskList1                        0x20001e94   Data          20  tasks.o(.bss)
    xDelayedTaskList2                        0x20001ea8   Data          20  tasks.o(.bss)
    xPendingReadyList                        0x20001ebc   Data          20  tasks.o(.bss)
    xTasksWaitingTermination                 0x20001ed0   Data          20  tasks.o(.bss)
    xSuspendedTaskList                       0x20001ee4   Data          20  tasks.o(.bss)
    .bss                                     0x20001ef8   Section    10240  heap_4.o(.bss)
    ucHeap                                   0x20001ef8   Data       10240  heap_4.o(.bss)
    STACK                                    0x200046f8   Section     1536  startup_stm32f10x_md.o(STACK)

    Global Symbols

    Symbol Name                              Value     Ov Type        Size  Object(Section)

    BuildAttributes$$THM_ISAv4$P$D$K$B$S$PE$A:L22UL41UL21$X:L11$S22US41US21$IEEE1$IW$USESV6$~STKCKD$USESV7$~SHL$OSPACE$ROPI$EBA8$MICROLIB$REQ8$PRES8$EABIv2 0x00000000   Number         0  anon$$obj.o ABSOLUTE
    __ARM_use_no_argv                        0x00000000   Number         0  main.o ABSOLUTE
    _printf_a                                0x00000000   Number         0  stubs.o ABSOLUTE
    _printf_c                                0x00000000   Number         0  stubs.o ABSOLUTE
    _printf_charcount                        0x00000000   Number         0  stubs.o ABSOLUTE
    _printf_d                                0x00000000   Number         0  stubs.o ABSOLUTE
    _printf_e                                0x00000000   Number         0  stubs.o ABSOLUTE
    _printf_f                                0x00000000   Number         0  stubs.o ABSOLUTE
    _printf_flags                            0x00000000   Number         0  stubs.o ABSOLUTE
    _printf_fp_dec                           0x00000000   Number         0  stubs.o ABSOLUTE
    _printf_fp_hex                           0x00000000   Number         0  stubs.o ABSOLUTE
    _printf_g                                0x00000000   Number         0  stubs.o ABSOLUTE
    _printf_i                                0x00000000   Number         0  stubs.o ABSOLUTE
    _printf_int_dec                          0x00000000   Number         0  stubs.o ABSOLUTE
    _printf_l                                0x00000000   Number         0  stubs.o ABSOLUTE
    _printf_lc                               0x00000000   Number         0  stubs.o ABSOLUTE
    _printf_ll                               0x00000000   Number         0  stubs.o ABSOLUTE
    _printf_lld                              0x00000000   Number         0  stubs.o ABSOLUTE
    _printf_lli                              0x00000000   Number         0  stubs.o ABSOLUTE
    _printf_llo                              0x00000000   Number         0  stubs.o ABSOLUTE
    _printf_llu                              0x00000000   Number         0  stubs.o ABSOLUTE
    _printf_llx                              0x00000000   Number         0  stubs.o ABSOLUTE
    _printf_longlong_dec                     0x00000000   Number         0  stubs.o ABSOLUTE
    _printf_longlong_hex                     0x00000000   Number         0  stubs.o ABSOLUTE
    _printf_longlong_oct                     0x00000000   Number         0  stubs.o ABSOLUTE
    _printf_ls                               0x00000000   Number         0  stubs.o ABSOLUTE
    _printf_mbtowc                           0x00000000   Number         0  stubs.o ABSOLUTE
    _printf_n                                0x00000000   Number         0  stubs.o ABSOLUTE
    _printf_o                                0x00000000   Number         0  stubs.o ABSOLUTE
    _printf_p                                0x00000000   Number         0  stubs.o ABSOLUTE
    _printf_percent                          0x00000000   Number         0  stubs.o ABSOLUTE
    _printf_pre_padding                      0x00000000   Number         0  stubs.o ABSOLUTE
    _printf_return_value                     0x00000000   Number         0  stubs.o ABSOLUTE
    _printf_s                                0x00000000   Number         0  stubs.o ABSOLUTE
    _printf_sizespec                         0x00000000   Number         0  stubs.o ABSOLUTE
    _printf_str                              0x00000000   Number         0  stubs.o ABSOLUTE
    _printf_truncate_signed                  0x00000000   Number         0  stubs.o ABSOLUTE
    _printf_truncate_unsigned                0x00000000   Number         0  stubs.o ABSOLUTE
    _printf_u                                0x00000000   Number         0  stubs.o ABSOLUTE
    _printf_wc                               0x00000000   Number         0  stubs.o ABSOLUTE
    _printf_wctomb                           0x00000000   Number         0  stubs.o ABSOLUTE
    _printf_widthprec                        0x00000000   Number         0  stubs.o ABSOLUTE
    _printf_x                                0x00000000   Number         0  stubs.o ABSOLUTE
    __arm_fini_                               - Undefined Weak Reference
    __cpp_initialize__aeabi_                  - Undefined Weak Reference
    __cxa_finalize                            - Undefined Weak Reference
    __decompress                              - Undefined Weak Reference
    _clock_init                               - Undefined Weak Reference
    _microlib_exit                            - Undefined Weak Reference
    __Vectors_Size                           0x000000ec   Number         0  startup_stm32f10x_md.o ABSOLUTE
    __Vectors                                0x08000000   Data           4  startup_stm32f10x_md.o(RESET)
    __Vectors_End                            0x080000ec   Data           0  startup_stm32f10x_md.o(RESET)
    __main                                   0x080000ed   Thumb Code     0  entry.o(.ARM.Collect$$$$00000000)
    _main_stk                                0x080000ed   Thumb Code     0  entry2.o(.ARM.Collect$$$$00000001)
    _main_scatterload                        0x080000f1   Thumb Code     0  entry5.o(.ARM.Collect$$$$00000004)
    __main_after_scatterload                 0x080000f5   Thumb Code     0  entry5.o(.ARM.Collect$$$$00000004)
    _main_clock                              0x080000f5   Thumb Code     0  entry7b.o(.ARM.Collect$$$$00000008)
    _main_cpp_init                           0x080000f5   Thumb Code     0  entry8b.o(.ARM.Collect$$$$0000000A)
    _main_init                               0x080000f5   Thumb Code     0  entry9a.o(.ARM.Collect$$$$0000000B)
    __rt_lib_shutdown_fini                   0x080000fd   Thumb Code     0  entry12b.o(.ARM.Collect$$$$0000000E)
    __rt_final_cpp                           0x08000101   Thumb Code     0  entry10a.o(.ARM.Collect$$$$0000000F)
    __rt_final_exit                          0x08000101   Thumb Code     0  entry11a.o(.ARM.Collect$$$$00000011)
    SVC_Handler                              0x08000105   Thumb Code    32  port.o(.emb_text)
    __asm___6_port_c_39a90d8d__prvStartFirstTask 0x08000129   Thumb Code    28  port.o(.emb_text)
    PendSV_Handler                           0x08000149   Thumb Code    72  port.o(.emb_text)
    vPortGetIPSR                             0x08000195   Thumb Code     6  port.o(.emb_text)
    Reset_Handler                            0x0800019d   Thumb Code     8  startup_stm32f10x_md.o(.text)
    ADC1_2_IRQHandler                        0x080001b7   Thumb Code     0  startup_stm32f10x_md.o(.text)
    CAN1_RX1_IRQHandler                      0x080001b7   Thumb Code     0  startup_stm32f10x_md.o(.text)
    CAN1_SCE_IRQHandler                      0x080001b7   Thumb Code     0  startup_stm32f10x_md.o(.text)
    DMA1_Channel1_IRQHandler                 0x080001b7   Thumb Code     0  startup_stm32f10x_md.o(.text)
    DMA1_Channel2_IRQHandler                 0x080001b7   Thumb Code     0  startup_stm32f10x_md.o(.text)
    DMA1_Channel3_IRQHandler                 0x080001b7   Thumb Code     0  startup_stm32f10x_md.o(.text)
    DMA1_Channel4_IRQHandler                 0x080001b7   Thumb Code     0  startup_stm32f10x_md.o(.text)
    DMA1_Channel5_IRQHandler                 0x080001b7   Thumb Code     0  startup_stm32f10x_md.o(.text)
    DMA1_Channel6_IRQHandler                 0x080001b7   Thumb Code     0  startup_stm32f10x_md.o(.text)
    DMA1_Channel7_IRQHandler                 0x080001b7   Thumb Code     0  startup_stm32f10x_md.o(.text)
    EXTI0_IRQHandler                         0x080001b7   Thumb Code     0  startup_stm32f10x_md.o(.text)
    EXTI15_10_IRQHandler                     0x080001b7   Thumb Code     0  startup_stm32f10x_md.o(.text)
    EXTI1_IRQHandler                         0x080001b7   Thumb Code     0  startup_stm32f10x_md.o(.text)
    EXTI2_IRQHandler                         0x080001b7   Thumb Code     0  startup_stm32f10x_md.o(.text)
    EXTI3_IRQHandler                         0x080001b7   Thumb Code     0  startup_stm32f10x_md.o(.text)
    EXTI4_IRQHandler                         0x080001b7   Thumb Code     0  startup_stm32f10x_md.o(.text)
    FLASH_IRQHandler                         0x080001b7   Thumb Code     0  startup_stm32f10x_md.o(.text)
    I2C1_ER_IRQHandler                       0x080001b7   Thumb Code     0  startup_stm32f10x_md.o(.text)
    I2C1_EV_IRQHandler                       0x080001b7   Thumb Code     0  startup_stm32f10x_md.o(.text)
    I2C2_ER_IRQHandler                       0x080001b7   Thumb Code     0  startup_stm32f10x_md.o(.text)
    I2C2_EV_IRQHandler                       0x080001b7   Thumb Code     0  startup_stm32f10x_md.o(.text)
    PVD_IRQHandler                           0x080001b7   Thumb Code     0  startup_stm32f10x_md.o(.text)
    RCC_IRQHandler                           0x080001b7   Thumb Code     0  startup_stm32f10x_md.o(.text)
    RTCAlarm_IRQHandler                      0x080001b7   Thumb Code     0  startup_stm32f10x_md.o(.text)
    RTC_IRQHandler                           0x080001b7   Thumb Code     0  startup_stm32f10x_md.o(.text)
    SPI1_IRQHandler                          0x080001b7   Thumb Code     0  startup_stm32f10x_md.o(.text)
    SPI2_IRQHandler                          0x080001b7   Thumb Code     0  startup_stm32f10x_md.o(.text)
    TAMPER_IRQHandler                        0x080001b7   Thumb Code     0  startup_stm32f10x_md.o(.text)
    TIM1_BRK_IRQHandler                      0x080001b7   Thumb Code     0  startup_stm32f10x_md.o(.text)
    TIM1_TRG_COM_IRQHandler                  0x080001b7   Thumb Code     0  startup_stm32f10x_md.o(.text)
    USART1_IRQHandler                        0x080001b7   Thumb Code     0  startup_stm32f10x_md.o(.text)
    USART3_IRQHandler                        0x080001b7   Thumb Code     0  startup_stm32f10x_md.o(.text)
    USBWakeUp_IRQHandler                     0x080001b7   Thumb Code     0  startup_stm32f10x_md.o(.text)
    USB_HP_CAN1_TX_IRQHandler                0x080001b7   Thumb Code     0  startup_stm32f10x_md.o(.text)
    USB_LP_CAN1_RX0_IRQHandler               0x080001b7   Thumb Code     0  startup_stm32f10x_md.o(.text)
    WWDG_IRQHandler                          0x080001b7   Thumb Code     0  startup_stm32f10x_md.o(.text)
    __aeabi_memcpy                           0x080001c1   Thumb Code    36  memcpya.o(.text)
    __aeabi_memcpy4                          0x080001c1   Thumb Code     0  memcpya.o(.text)
    __aeabi_memcpy8                          0x080001c1   Thumb Code     0  memcpya.o(.text)
    __aeabi_memset                           0x080001e5   Thumb Code    14  memseta.o(.text)
    __aeabi_memset4                          0x080001e5   Thumb Code     0  memseta.o(.text)
    __aeabi_memset8                          0x080001e5   Thumb Code     0  memseta.o(.text)
    __aeabi_memclr                           0x080001f3   Thumb Code     4  memseta.o(.text)
    __aeabi_memclr4                          0x080001f3   Thumb Code     0  memseta.o(.text)
    __aeabi_memclr8                          0x080001f3   Thumb Code     0  memseta.o(.text)
    _memset$wrapper                          0x080001f7   Thumb Code    18  memseta.o(.text)
    __aeabi_uidiv                            0x08000209   Thumb Code     0  uidiv.o(.text)
    __aeabi_uidivmod                         0x08000209   Thumb Code    44  uidiv.o(.text)
    __scatterload                            0x08000235   Thumb Code    28  init.o(.text)
    __scatterload_rt2                        0x08000235   Thumb Code     0  init.o(.text)
    AS32_GPIO_Config                         0x08000259   Thumb Code    60  as32-100-c.o(i.AS32_GPIO_Config)
    AS32_Init                                0x0800029d   Thumb Code    24  as32-100-c.o(i.AS32_Init)
    ASCII_12X24_ADDR                         0x080002b9   Thumb Code    32  gt30l32s4w.o(i.ASCII_12X24_ADDR)
    ASCII_16X32_ADDR                         0x080002dd   Thumb Code    28  gt30l32s4w.o(i.ASCII_16X32_ADDR)
    ASCII_6X12_ADDR                          0x080002fd   Thumb Code    32  gt30l32s4w.o(i.ASCII_6X12_ADDR)
    ASCII_8X16_ADDR                          0x08000321   Thumb Code    28  gt30l32s4w.o(i.ASCII_8X16_ADDR)
    ASCII_Addr_Tans                          0x08000341   Thumb Code    80  gt30l32s4w.o(i.ASCII_Addr_Tans)
    BEEP_GPIO_Config                         0x080006c1   Thumb Code    48  bsp_beep.o(i.BEEP_GPIO_Config)
    BEEP_Init                                0x080006f9   Thumb Code    20  bsp_beep.o(i.BEEP_Init)
    BusFault_Handler                         0x080008ad   Thumb Code     4  stm32f10x_it.o(i.BusFault_Handler)
    Button_Dealing                           0x080008b1   Thumb Code   392  bsp_button.o(i.Button_Dealing)
    Button_Init                              0x08000b1d   Thumb Code   480  bsp_button.o(i.Button_Init)
    Connection_Count_Show                    0x08000d2d   Thumb Code   140  bsp_interface.o(i.Connection_Count_Show)
    DebugMon_Handler                         0x08000dd9   Thumb Code     2  stm32f10x_it.o(i.DebugMon_Handler)
    Delay_Init                               0x08000ddd   Thumb Code    58  bsp_delay.o(i.Delay_Init)
    EXTI9_5_IRQHandler                       0x08001019   Thumb Code    88  stm32f10x_it.o(i.EXTI9_5_IRQHandler)
    EXTI_ClearITPendingBit                   0x080012f9   Thumb Code     6  stm32f10x_exti.o(i.EXTI_ClearITPendingBit)
    EXTI_GetITStatus                         0x08001305   Thumb Code    34  stm32f10x_exti.o(i.EXTI_GetITStatus)
    EXTI_Init                                0x0800132d   Thumb Code   142  stm32f10x_exti.o(i.EXTI_Init)
    Empty_Fun                                0x080013c1   Thumb Code    18  bsp_button.o(i.Empty_Fun)
    Empty_Records                            0x080013d9   Thumb Code   172  bsp_interface.o(i.Empty_Records)
    Exti_Close                               0x080014b9   Thumb Code    24  bsp_exti.o(i.Exti_Close)
    Exti_Init                                0x080014d5   Thumb Code   112  bsp_exti.o(i.Exti_Init)
    Exti_Open                                0x08001549   Thumb Code    24  bsp_exti.o(i.Exti_Open)
    GB2312_12X12_ADDR                        0x08001639   Thumb Code   104  gt30l32s4w.o(i.GB2312_12X12_ADDR)
    GB2312_15X16_ADDR                        0x080016a1   Thumb Code   104  gt30l32s4w.o(i.GB2312_15X16_ADDR)
    GB2312_24X24_ADDR                        0x0800170d   Thumb Code   112  gt30l32s4w.o(i.GB2312_24X24_ADDR)
    GB2312_32X32_ADDR                        0x08001781   Thumb Code   104  gt30l32s4w.o(i.GB2312_32X32_ADDR)
    GB2312_6X12_ADDR                         0x080017ed   Thumb Code    84  gt30l32s4w.o(i.GB2312_6X12_ADDR)
    GB2312_8X16_ADDR                         0x08001845   Thumb Code    76  gt30l32s4w.o(i.GB2312_8X16_ADDR)
    GB2312_Addr_Tans                         0x08001895   Thumb Code    96  gt30l32s4w.o(i.GB2312_Addr_Tans)
    GPIO_EXTILineConfig                      0x080018f5   Thumb Code    60  stm32f10x_gpio.o(i.GPIO_EXTILineConfig)
    GPIO_Init                                0x08001935   Thumb Code   278  stm32f10x_gpio.o(i.GPIO_Init)
    GPIO_PinRemapConfig                      0x08001a4d   Thumb Code   138  stm32f10x_gpio.o(i.GPIO_PinRemapConfig)
    GPIO_ReadInputDataBit                    0x08001add   Thumb Code    18  stm32f10x_gpio.o(i.GPIO_ReadInputDataBit)
    GPIO_ResetBits                           0x08001aef   Thumb Code     4  stm32f10x_gpio.o(i.GPIO_ResetBits)
    GPIO_SetBits                             0x08001af3   Thumb Code     4  stm32f10x_gpio.o(i.GPIO_SetBits)
    GPIO_WriteBit                            0x08001af7   Thumb Code    10  stm32f10x_gpio.o(i.GPIO_WriteBit)
    GT30L32S4W_Init                          0x08001b01   Thumb Code    30  gt30l32s4w.o(i.GT30L32S4W_Init)
    GT30L32S4W_Read                          0x08001b25   Thumb Code   166  gt30l32s4w.o(i.GT30L32S4W_Read)
    HardFault_Handler                        0x08001bd1   Thumb Code    10  stm32f10x_it.o(i.HardFault_Handler)
    ILI9486_clear_screen                     0x08001bf1   Thumb Code    58  ili9486.o(i.ILI9486_clear_screen)
    ILI9486_draw_line                        0x08001c31   Thumb Code   160  ili9486.o(i.ILI9486_draw_line)
    ILI9486_draw_rectangle                   0x08001cd1   Thumb Code    84  ili9486.o(i.ILI9486_draw_rectangle)
    ILI9486_open_window                      0x08001d25   Thumb Code   102  ili9486.o(i.ILI9486_open_window)
    ILI9486_putpixel                         0x08001d8d   Thumb Code    82  ili9486.o(i.ILI9486_putpixel)
    ILI9486_showchar_Ch                      0x08001de5   Thumb Code   210  ili9486.o(i.ILI9486_showchar_Ch)
    ILI9486_showchar_En                      0x08001eb7   Thumb Code   196  ili9486.o(i.ILI9486_showchar_En)
    ILI9486_showstring_Ch                    0x08001f7d   Thumb Code   186  ili9486.o(i.ILI9486_showstring_Ch)
    ILI9486_showstring_En                    0x08002041   Thumb Code   164  ili9486.o(i.ILI9486_showstring_En)
    ILI9486_tftlcd_gpio_config               0x080020ed   Thumb Code   124  ili9486.o(i.ILI9486_tftlcd_gpio_config)
    ILI9486_tftlcd_init                      0x0800216d   Thumb Code   426  ili9486.o(i.ILI9486_tftlcd_init)
    ILI9486_write_cmd                        0x08002321   Thumb Code    36  ili9486.o(i.ILI9486_write_cmd)
    ILI9486_write_cmd_data                   0x08002349   Thumb Code    36  ili9486.o(i.ILI9486_write_cmd_data)
    ILI9486_write_data                       0x08002371   Thumb Code    52  ili9486.o(i.ILI9486_write_data)
    Key_Init                                 0x080023c9   Thumb Code    78  bsp_key.o(i.Key_Init)
    Key_Scan                                 0x0800241d   Thumb Code   194  bsp_key.o(i.Key_Scan)
    Lap_Test_Menu                            0x080024e9   Thumb Code   138  bsp_interface.o(i.Lap_Test_Menu)
    MainMenu                                 0x080025b9   Thumb Code   172  bsp_interface.o(i.MainMenu)
    MemManage_Handler                        0x080026ad   Thumb Code     4  stm32f10x_it.o(i.MemManage_Handler)
    Multi_slave_function_interface           0x080026b1   Thumb Code   300  bsp_interface.o(i.Multi_slave_function_interface)
    NMI_Handler                              0x08002865   Thumb Code     2  stm32f10x_it.o(i.NMI_Handler)
    NVIC_Init                                0x08002869   Thumb Code   100  misc.o(i.NVIC_Init)
    NVIC_PriorityGroupConfig                 0x080028d9   Thumb Code    10  misc.o(i.NVIC_PriorityGroupConfig)
    Page_Down                                0x080028ed   Thumb Code   552  bsp_interface.o(i.Page_Down)
    Page_Up                                  0x08002b41   Thumb Code   578  bsp_interface.o(i.Page_Up)
    RCC_APB1PeriphClockCmd                   0x08002db1   Thumb Code    26  stm32f10x_rcc.o(i.RCC_APB1PeriphClockCmd)
    RCC_APB1PeriphResetCmd                   0x08002dd1   Thumb Code    26  stm32f10x_rcc.o(i.RCC_APB1PeriphResetCmd)
    RCC_APB2PeriphClockCmd                   0x08002df1   Thumb Code    26  stm32f10x_rcc.o(i.RCC_APB2PeriphClockCmd)
    RCC_APB2PeriphResetCmd                   0x08002e11   Thumb Code    26  stm32f10x_rcc.o(i.RCC_APB2PeriphResetCmd)
    RCC_GetClocksFreq                        0x08002e31   Thumb Code   192  stm32f10x_rcc.o(i.RCC_GetClocksFreq)
    Ready_Fun                                0x08002f05   Thumb Code    80  bsp_button.o(i.Ready_Fun)
    SPI_Cmd                                  0x08002f69   Thumb Code    24  stm32f10x_spi.o(i.SPI_Cmd)
    SPI_Config                               0x08002f81   Thumb Code    76  bsp_spi.o(i.SPI_Config)
    SPI_GPIO_Config                          0x08002fd1   Thumb Code   104  bsp_spi.o(i.SPI_GPIO_Config)
    SPI_I2S_GetFlagStatus                    0x0800303d   Thumb Code    18  stm32f10x_spi.o(i.SPI_I2S_GetFlagStatus)
    SPI_I2S_ReceiveData                      0x0800304f   Thumb Code     6  stm32f10x_spi.o(i.SPI_I2S_ReceiveData)
    SPI_I2S_SendData                         0x08003055   Thumb Code     4  stm32f10x_spi.o(i.SPI_I2S_SendData)
    SPI_ILI9486_Init                         0x08003059   Thumb Code    12  bsp_spi.o(i.SPI_ILI9486_Init)
    SPI_Init                                 0x08003065   Thumb Code    60  stm32f10x_spi.o(i.SPI_Init)
    SPI_SendByte                             0x080030a1   Thumb Code   110  bsp_spi.o(i.SPI_SendByte)
    Show_AcceleratedRecords                  0x08003241   Thumb Code   358  bsp_interface.o(i.Show_AcceleratedRecords)
    Show_Data                                0x080033f5   Thumb Code   142  bsp_interface.o(i.Show_Data)
    Show_LapRecords                          0x08003485   Thumb Code   368  bsp_interface.o(i.Show_LapRecords)
    Slaver_Check_Interface                   0x08003641   Thumb Code    66  bsp_interface.o(i.Slaver_Check_Interface)
    SysTick_CLKSourceConfig                  0x080036a5   Thumb Code    40  misc.o(i.SysTick_CLKSourceConfig)
    SysTick_Handler                          0x080036cd   Thumb Code    16  stm32f10x_it.o(i.SysTick_Handler)
    SystemInit                               0x080036dd   Thumb Code    78  system_stm32f10x.o(i.SystemInit)
    TIM1_CC_IRQHandler                       0x0800373d   Thumb Code    88  stm32f10x_it.o(i.TIM1_CC_IRQHandler)
    TIM1_UP_IRQHandler                       0x080037a9   Thumb Code    90  stm32f10x_it.o(i.TIM1_UP_IRQHandler)
    TIM2_IRQHandler                          0x08003819   Thumb Code    60  stm32f10x_it.o(i.TIM2_IRQHandler)
    TIM3_IRQHandler                          0x08003859   Thumb Code    50  stm32f10x_it.o(i.TIM3_IRQHandler)
    TIM4_IRQHandler                          0x08003895   Thumb Code    22  stm32f10x_it.o(i.TIM4_IRQHandler)
    TIMER1_Init                              0x080038b1   Thumb Code   126  bsp_timer.o(i.TIMER1_Init)
    TIMER2_Init                              0x08003939   Thumb Code   102  bsp_timer.o(i.TIMER2_Init)
    TIMER3_Init                              0x080039a1   Thumb Code    98  bsp_timer.o(i.TIMER3_Init)
    TIM_ClearITPendingBit                    0x08003a09   Thumb Code     6  stm32f10x_tim.o(i.TIM_ClearITPendingBit)
    TIM_Cmd                                  0x08003a0f   Thumb Code    24  stm32f10x_tim.o(i.TIM_Cmd)
    TIM_GetITStatus                          0x08003a27   Thumb Code    34  stm32f10x_tim.o(i.TIM_GetITStatus)
    TIM_ITConfig                             0x08003a49   Thumb Code    18  stm32f10x_tim.o(i.TIM_ITConfig)
    TIM_SetCounter                           0x08003a5b   Thumb Code     4  stm32f10x_tim.o(i.TIM_SetCounter)
    TIM_TimeBaseInit                         0x08003a61   Thumb Code   122  stm32f10x_tim.o(i.TIM_TimeBaseInit)
    Timer1_Off                               0x08003b51   Thumb Code    20  bsp_timer.o(i.Timer1_Off)
    Timer1_Open                              0x08003b69   Thumb Code    26  bsp_timer.o(i.Timer1_Open)
    Timer3_Off                               0x08003b8d   Thumb Code    20  bsp_timer.o(i.Timer3_Off)
    Timer3_Open                              0x08003ba5   Thumb Code    20  bsp_timer.o(i.Timer3_Open)
    USART2_IRQHandler                        0x08003dc1   Thumb Code    72  stm32f10x_it.o(i.USART2_IRQHandler)
    USART_ClearFlag                          0x08003e15   Thumb Code    18  stm32f10x_usart.o(i.USART_ClearFlag)
    USART_ClearITPendingBit                  0x08003e27   Thumb Code    30  stm32f10x_usart.o(i.USART_ClearITPendingBit)
    USART_Cmd                                0x08003e45   Thumb Code    24  stm32f10x_usart.o(i.USART_Cmd)
    USART_DeInit                             0x08003e5d   Thumb Code   134  stm32f10x_usart.o(i.USART_DeInit)
    USART_GetITStatus                        0x08003ef9   Thumb Code    84  stm32f10x_usart.o(i.USART_GetITStatus)
    USART_ITConfig                           0x08003f4d   Thumb Code    74  stm32f10x_usart.o(i.USART_ITConfig)
    USART_Init                               0x08003f99   Thumb Code   210  stm32f10x_usart.o(i.USART_Init)
    USART_ReceiveData                        0x08004071   Thumb Code    10  stm32f10x_usart.o(i.USART_ReceiveData)
    USART_SendData                           0x0800407b   Thumb Code     8  stm32f10x_usart.o(i.USART_SendData)
    UsageFault_Handler                       0x08004149   Thumb Code     4  stm32f10x_it.o(i.UsageFault_Handler)
    View_Fun                                 0x080042ed   Thumb Code    68  bsp_button.o(i.View_Fun)
    __0printf$6                              0x08004339   Thumb Code    22  printf6.o(i.__0printf$6)
    __1printf$6                              0x08004339   Thumb Code     0  printf6.o(i.__0printf$6)
    __2printf                                0x08004339   Thumb Code     0  printf6.o(i.__0printf$6)
    __0sprintf$6                             0x08004359   Thumb Code    34  printf6.o(i.__0sprintf$6)
    __1sprintf$6                             0x08004359   Thumb Code     0  printf6.o(i.__0sprintf$6)
    __2sprintf                               0x08004359   Thumb Code     0  printf6.o(i.__0sprintf$6)
    __scatterload_copy                       0x08004381   Thumb Code    14  handlers.o(i.__scatterload_copy)
    __scatterload_null                       0x0800438f   Thumb Code     2  handlers.o(i.__scatterload_null)
    __scatterload_zeroinit                   0x08004391   Thumb Code    14  handlers.o(i.__scatterload_zeroinit)
    delay_us                                 0x080046ed   Thumb Code    68  bsp_delay.o(i.delay_us)
    delay_xms                                0x08004735   Thumb Code    24  bsp_delay.o(i.delay_xms)
    fputc                                    0x0800474d   Thumb Code    24  bsp_usart.o(i.fputc)
    main                                     0x08004769   Thumb Code    62  main.o(i.main)
    pvPortMalloc                             0x08004d7d   Thumb Code   188  heap_4.o(i.pvPortMalloc)
    pxPortInitialiseStack                    0x08004e4d   Thumb Code    30  port.o(i.pxPortInitialiseStack)
    uart1_init                               0x08004e71   Thumb Code   112  bsp_usart.o(i.uart1_init)
    uart2_init                               0x08004ee9   Thumb Code   180  bsp_usart.o(i.uart2_init)
    uxListRemove                             0x08004fa5   Thumb Code    40  list.o(i.uxListRemove)
    vApplicationGetIdleTaskMemory            0x08004fcd   Thumb Code    14  main.o(i.vApplicationGetIdleTaskMemory)
    vListInitialise                          0x08004fe5   Thumb Code    26  list.o(i.vListInitialise)
    vListInitialiseItem                      0x08004fff   Thumb Code     6  list.o(i.vListInitialiseItem)
    vListInsert                              0x08005005   Thumb Code    52  list.o(i.vListInsert)
    vListInsertEnd                           0x08005039   Thumb Code    24  list.o(i.vListInsertEnd)
    vPortEnterCritical                       0x08005051   Thumb Code    30  port.o(i.vPortEnterCritical)
    vPortExitCritical                        0x08005075   Thumb Code    28  port.o(i.vPortExitCritical)
    vPortFree                                0x08005095   Thumb Code    64  heap_4.o(i.vPortFree)
    vPortSetupTimerInterrupt                 0x080050dd   Thumb Code    14  port.o(i.vPortSetupTimerInterrupt)
    vTaskDelay                               0x080050f1   Thumb Code    46  tasks.o(i.vTaskDelay)
    vTaskDelete                              0x08005125   Thumb Code   166  tasks.o(i.vTaskDelete)
    vTaskMissedYield                         0x080051f1   Thumb Code     8  tasks.o(i.vTaskMissedYield)
    vTaskPlaceOnEventList                    0x080051fd   Thumb Code    28  tasks.o(i.vTaskPlaceOnEventList)
    vTaskSetTimeOutState                     0x0800521d   Thumb Code    14  tasks.o(i.vTaskSetTimeOutState)
    vTaskStartScheduler                      0x08005235   Thumb Code   110  tasks.o(i.vTaskStartScheduler)
    vTaskSuspendAll                          0x080052c1   Thumb Code    12  tasks.o(i.vTaskSuspendAll)
    vTaskSwitchContext                       0x080052d1   Thumb Code    76  tasks.o(i.vTaskSwitchContext)
    xPortStartScheduler                      0x08005331   Thumb Code    42  port.o(i.xPortStartScheduler)
    xPortSysTickHandler                      0x08005365   Thumb Code    46  port.o(i.xPortSysTickHandler)
    xQueueGenericCreate                      0x08005399   Thumb Code    62  queue.o(i.xQueueGenericCreate)
    xQueueGenericReceive                     0x080053d9   Thumb Code   312  queue.o(i.xQueueGenericReceive)
    xQueueGenericReset                       0x08005515   Thumb Code   122  queue.o(i.xQueueGenericReset)
    xQueueGenericSend                        0x08005595   Thumb Code   276  queue.o(i.xQueueGenericSend)
    xQueueGiveFromISR                        0x080056ad   Thumb Code   120  queue.o(i.xQueueGiveFromISR)
    xTaskCheckForTimeOut                     0x08005725   Thumb Code    84  tasks.o(i.xTaskCheckForTimeOut)
    xTaskCreate                              0x08005781   Thumb Code   100  tasks.o(i.xTaskCreate)
    xTaskCreateStatic                        0x080057e5   Thumb Code    78  tasks.o(i.xTaskCreateStatic)
    xTaskGetSchedulerState                   0x08005835   Thumb Code    24  tasks.o(i.xTaskGetSchedulerState)
    xTaskIncrementTick                       0x08005855   Thumb Code   238  tasks.o(i.xTaskIncrementTick)
    xTaskRemoveFromEventList                 0x08005971   Thumb Code   104  tasks.o(i.xTaskRemoveFromEventList)
    xTaskResumeAll                           0x080059f1   Thumb Code   196  tasks.o(i.xTaskResumeAll)
    Region$$Table$$Base                      0x08005ad8   Number         0  anon$$obj.o(Region$$Table)
    Region$$Table$$Limit                     0x08005af8   Number         0  anon$$obj.o(Region$$Table)
    BinarySem1_Handle                        0x20000014   Data           4  main.o(.data)
    BinarySem2_Handle                        0x20000018   Data           4  main.o(.data)
    BinarySem3_Handle                        0x2000001c   Data           4  main.o(.data)
    Lap_stflag                               0x20000034   Data           1  main.o(.data)
    Connection_count                         0x20000035   Data           1  main.o(.data)
    bxflag                                   0x20000036   Data           1  main.o(.data)
    Showhigh                                 0x20000038   Data           2  main.o(.data)
    Data1_Count                              0x2000003a   Data           2  main.o(.data)
    Data2_Count                              0x2000003c   Data           2  main.o(.data)
    slaver_flag                              0x2000003e   Data           1  main.o(.data)
    Time3value                               0x20000044   Data           4  stm32f10x_it.o(.data)
    Time1value                               0x20000048   Data           2  stm32f10x_it.o(.data)
    Timer1flag                               0x2000004a   Data           1  stm32f10x_it.o(.data)
    EXTIX_Flag                               0x2000004b   Data           1  stm32f10x_it.o(.data)
    ek                                       0x2000004c   Data           1  stm32f10x_it.o(.data)
    Page_Start                               0x20000056   Data           2  bsp_interface.o(.data)
    Data1_Seek                               0x20000058   Data           2  bsp_interface.o(.data)
    Data2_Seek                               0x2000005a   Data           2  bsp_interface.o(.data)
    SelectFlag                               0x2000005c   Data           1  bsp_interface.o(.data)
    InterfaceFlag                            0x2000005d   Data           1  bsp_interface.o(.data)
    screen_x_length                          0x20000060   Data           2  ili9486.o(.data)
    screen_y_length                          0x20000062   Data           2  ili9486.o(.data)
    pxCurrentTCB                             0x20000070   Data           4  tasks.o(.data)
    __stdout                                 0x200000c8   Data           4  stdout.o(.data)
    DataBuffer1                              0x20000b3c   Data        2048  main.o(.bss)
    DataBuffer2                              0x2000133c   Data        2048  main.o(.bss)
    timer_slave                              0x20001b3c   Data          12  main.o(.bss)
    timer_slaver_num                         0x20001b48   Data          12  main.o(.bss)
    button                                   0x20001b60   Data         180  bsp_button.o(.bss)
    __initial_sp                             0x20004cf8   Data           0  startup_stm32f10x_md.o(STACK)



==============================================================================

Memory Map of the image

  Image Entry point : 0x080000ed

  Load Region LR_IROM1 (Base: 0x08000000, Size: 0x00005bc4, Max: 0x00010000, ABSOLUTE)

    Execution Region ER_IROM1 (Exec base: 0x08000000, Load base: 0x08000000, Size: 0x00005af8, Max: 0x00010000, ABSOLUTE)

    Exec Addr    Load Addr    Size         Type   Attr      Idx    E Section Name        Object

    0x08000000   0x08000000   0x000000ec   Data   RO            3    RESET               startup_stm32f10x_md.o
    0x080000ec   0x080000ec   0x00000000   Code   RO         4727  * .ARM.Collect$$$$00000000  mc_w.l(entry.o)
    0x080000ec   0x080000ec   0x00000004   Code   RO         5005    .ARM.Collect$$$$00000001  mc_w.l(entry2.o)
    0x080000f0   0x080000f0   0x00000004   Code   RO         5008    .ARM.Collect$$$$00000004  mc_w.l(entry5.o)
    0x080000f4   0x080000f4   0x00000000   Code   RO         5010    .ARM.Collect$$$$00000008  mc_w.l(entry7b.o)
    0x080000f4   0x080000f4   0x00000000   Code   RO         5012    .ARM.Collect$$$$0000000A  mc_w.l(entry8b.o)
    0x080000f4   0x080000f4   0x00000008   Code   RO         5013    .ARM.Collect$$$$0000000B  mc_w.l(entry9a.o)
    0x080000fc   0x080000fc   0x00000004   Code   RO         5020    .ARM.Collect$$$$0000000E  mc_w.l(entry12b.o)
    0x08000100   0x08000100   0x00000000   Code   RO         5015    .ARM.Collect$$$$0000000F  mc_w.l(entry10a.o)
    0x08000100   0x08000100   0x00000000   Code   RO         5017    .ARM.Collect$$$$00000011  mc_w.l(entry11a.o)
    0x08000100   0x08000100   0x00000004   Code   RO         5006    .ARM.Collect$$$$00002712  mc_w.l(entry2.o)
    0x08000104   0x08000104   0x00000096   Code   RO         4607    .emb_text           port.o
    0x0800019a   0x0800019a   0x00000002   PAD
    0x0800019c   0x0800019c   0x00000024   Code   RO            4    .text               startup_stm32f10x_md.o
    0x080001c0   0x080001c0   0x00000024   Code   RO         4730    .text               mc_w.l(memcpya.o)
    0x080001e4   0x080001e4   0x00000024   Code   RO         4732    .text               mc_w.l(memseta.o)
    0x08000208   0x08000208   0x0000002c   Code   RO         5022    .text               mc_w.l(uidiv.o)
    0x08000234   0x08000234   0x00000024   Code   RO         5041    .text               mc_w.l(init.o)
    0x08000258   0x08000258   0x00000044   Code   RO         3997    i.AS32_GPIO_Config  as32-100-c.o
    0x0800029c   0x0800029c   0x0000001c   Code   RO         3998    i.AS32_Init         as32-100-c.o
    0x080002b8   0x080002b8   0x00000024   Code   RO         3883    i.ASCII_12X24_ADDR  gt30l32s4w.o
    0x080002dc   0x080002dc   0x00000020   Code   RO         3884    i.ASCII_16X32_ADDR  gt30l32s4w.o
    0x080002fc   0x080002fc   0x00000024   Code   RO         3885    i.ASCII_6X12_ADDR   gt30l32s4w.o
    0x08000320   0x08000320   0x00000020   Code   RO         3886    i.ASCII_8X16_ADDR   gt30l32s4w.o
    0x08000340   0x08000340   0x00000050   Code   RO         3887    i.ASCII_Addr_Tans   gt30l32s4w.o
    0x08000390   0x08000390   0x00000330   Code   RO         3108    i.AppTaskCreate     main.o
    0x080006c0   0x080006c0   0x00000038   Code   RO         3979    i.BEEP_GPIO_Config  bsp_beep.o
    0x080006f8   0x080006f8   0x00000018   Code   RO         3980    i.BEEP_Init         bsp_beep.o
    0x08000710   0x08000710   0x000000ac   Code   RO         3109    i.BSP_Init          main.o
    0x080007bc   0x080007bc   0x00000020   Code   RO         3520    i.Backtrack1_Fun    bsp_button.o
    0x080007dc   0x080007dc   0x000000d0   Code   RO         3521    i.Backtrack_Fun     bsp_button.o
    0x080008ac   0x080008ac   0x00000004   Code   RO         3262    i.BusFault_Handler  stm32f10x_it.o
    0x080008b0   0x080008b0   0x00000190   Code   RO         3522    i.Button_Dealing    bsp_button.o
    0x08000a40   0x08000a40   0x000000dc   Code   RO         3523    i.Button_Draw       bsp_button.o
    0x08000b1c   0x08000b1c   0x00000210   Code   RO         3524    i.Button_Init       bsp_button.o
    0x08000d2c   0x08000d2c   0x000000ac   Code   RO         3617    i.Connection_Count_Show  bsp_interface.o
    0x08000dd8   0x08000dd8   0x00000002   Code   RO         3263    i.DebugMon_Handler  stm32f10x_it.o
    0x08000dda   0x08000dda   0x00000002   PAD
    0x08000ddc   0x08000ddc   0x00000044   Code   RO         3359    i.Delay_Init        bsp_delay.o
    0x08000e20   0x08000e20   0x00000134   Code   RO         3525    i.Determine_Fun     bsp_button.o
    0x08000f54   0x08000f54   0x000000c4   Code   RO         3526    i.Down_Fun          bsp_button.o
    0x08001018   0x08001018   0x00000068   Code   RO         3264    i.EXTI9_5_IRQHandler  stm32f10x_it.o
    0x08001080   0x08001080   0x00000278   Code   RO         3110    i.EXTIX_DealTask    main.o
    0x080012f8   0x080012f8   0x0000000c   Code   RO          895    i.EXTI_ClearITPendingBit  stm32f10x_exti.o
    0x08001304   0x08001304   0x00000028   Code   RO          899    i.EXTI_GetITStatus  stm32f10x_exti.o
    0x0800132c   0x0800132c   0x00000094   Code   RO          900    i.EXTI_Init         stm32f10x_exti.o
    0x080013c0   0x080013c0   0x00000018   Code   RO         3527    i.Empty_Fun         bsp_button.o
    0x080013d8   0x080013d8   0x000000e0   Code   RO         3618    i.Empty_Records     bsp_interface.o
    0x080014b8   0x080014b8   0x0000001c   Code   RO         3593    i.Exti_Close        bsp_exti.o
    0x080014d4   0x080014d4   0x00000074   Code   RO         3594    i.Exti_Init         bsp_exti.o
    0x08001548   0x08001548   0x0000001c   Code   RO         3595    i.Exti_Open         bsp_exti.o
    0x08001564   0x08001564   0x000000d4   Code   RO         3111    i.Face_SwitchTask   main.o
    0x08001638   0x08001638   0x00000068   Code   RO         3888    i.GB2312_12X12_ADDR  gt30l32s4w.o
    0x080016a0   0x080016a0   0x0000006c   Code   RO         3889    i.GB2312_15X16_ADDR  gt30l32s4w.o
    0x0800170c   0x0800170c   0x00000074   Code   RO         3890    i.GB2312_24X24_ADDR  gt30l32s4w.o
    0x08001780   0x08001780   0x0000006c   Code   RO         3891    i.GB2312_32X32_ADDR  gt30l32s4w.o
    0x080017ec   0x080017ec   0x00000058   Code   RO         3892    i.GB2312_6X12_ADDR  gt30l32s4w.o
    0x08001844   0x08001844   0x00000050   Code   RO         3893    i.GB2312_8X16_ADDR  gt30l32s4w.o
    0x08001894   0x08001894   0x00000060   Code   RO         3894    i.GB2312_Addr_Tans  gt30l32s4w.o
    0x080018f4   0x080018f4   0x00000040   Code   RO         1245    i.GPIO_EXTILineConfig  stm32f10x_gpio.o
    0x08001934   0x08001934   0x00000116   Code   RO         1248    i.GPIO_Init         stm32f10x_gpio.o
    0x08001a4a   0x08001a4a   0x00000002   PAD
    0x08001a4c   0x08001a4c   0x00000090   Code   RO         1250    i.GPIO_PinRemapConfig  stm32f10x_gpio.o
    0x08001adc   0x08001adc   0x00000012   Code   RO         1252    i.GPIO_ReadInputDataBit  stm32f10x_gpio.o
    0x08001aee   0x08001aee   0x00000004   Code   RO         1255    i.GPIO_ResetBits    stm32f10x_gpio.o
    0x08001af2   0x08001af2   0x00000004   Code   RO         1256    i.GPIO_SetBits      stm32f10x_gpio.o
    0x08001af6   0x08001af6   0x0000000a   Code   RO         1259    i.GPIO_WriteBit     stm32f10x_gpio.o
    0x08001b00   0x08001b00   0x00000024   Code   RO         3896    i.GT30L32S4W_Init   gt30l32s4w.o
    0x08001b24   0x08001b24   0x000000ac   Code   RO         3897    i.GT30L32S4W_Read   gt30l32s4w.o
    0x08001bd0   0x08001bd0   0x00000020   Code   RO         3265    i.HardFault_Handler  stm32f10x_it.o
    0x08001bf0   0x08001bf0   0x00000040   Code   RO         3696    i.ILI9486_clear_screen  ili9486.o
    0x08001c30   0x08001c30   0x000000a0   Code   RO         3700    i.ILI9486_draw_line  ili9486.o
    0x08001cd0   0x08001cd0   0x00000054   Code   RO         3701    i.ILI9486_draw_rectangle  ili9486.o
    0x08001d24   0x08001d24   0x00000066   Code   RO         3703    i.ILI9486_open_window  ili9486.o
    0x08001d8a   0x08001d8a   0x00000002   PAD
    0x08001d8c   0x08001d8c   0x00000058   Code   RO         3705    i.ILI9486_putpixel  ili9486.o
    0x08001de4   0x08001de4   0x000000d2   Code   RO         3710    i.ILI9486_showchar_Ch  ili9486.o
    0x08001eb6   0x08001eb6   0x000000c4   Code   RO         3711    i.ILI9486_showchar_En  ili9486.o
    0x08001f7a   0x08001f7a   0x00000002   PAD
    0x08001f7c   0x08001f7c   0x000000c4   Code   RO         3712    i.ILI9486_showstring_Ch  ili9486.o
    0x08002040   0x08002040   0x000000ac   Code   RO         3713    i.ILI9486_showstring_En  ili9486.o
    0x080020ec   0x080020ec   0x00000080   Code   RO         3714    i.ILI9486_tftlcd_gpio_config  ili9486.o
    0x0800216c   0x0800216c   0x000001b4   Code   RO         3715    i.ILI9486_tftlcd_init  ili9486.o
    0x08002320   0x08002320   0x00000028   Code   RO         3716    i.ILI9486_write_cmd  ili9486.o
    0x08002348   0x08002348   0x00000028   Code   RO         3717    i.ILI9486_write_cmd_data  ili9486.o
    0x08002370   0x08002370   0x00000038   Code   RO         3718    i.ILI9486_write_data  ili9486.o
    0x080023a8   0x080023a8   0x0000001e   Code   RO         3112    i.KeyScan_Task      main.o
    0x080023c6   0x080023c6   0x00000002   PAD
    0x080023c8   0x080023c8   0x00000054   Code   RO         3501    i.Key_Init          bsp_key.o
    0x0800241c   0x0800241c   0x000000cc   Code   RO         3502    i.Key_Scan          bsp_key.o
    0x080024e8   0x080024e8   0x000000d0   Code   RO         3619    i.Lap_Test_Menu     bsp_interface.o
    0x080025b8   0x080025b8   0x000000f4   Code   RO         3620    i.MainMenu          bsp_interface.o
    0x080026ac   0x080026ac   0x00000004   Code   RO         3266    i.MemManage_Handler  stm32f10x_it.o
    0x080026b0   0x080026b0   0x000001b4   Code   RO         3621    i.Multi_slave_function_interface  bsp_interface.o
    0x08002864   0x08002864   0x00000002   Code   RO         3267    i.NMI_Handler       stm32f10x_it.o
    0x08002866   0x08002866   0x00000002   PAD
    0x08002868   0x08002868   0x00000070   Code   RO           10    i.NVIC_Init         misc.o
    0x080028d8   0x080028d8   0x00000014   Code   RO           11    i.NVIC_PriorityGroupConfig  misc.o
    0x080028ec   0x080028ec   0x00000254   Code   RO         3622    i.Page_Down         bsp_interface.o
    0x08002b40   0x08002b40   0x00000270   Code   RO         3623    i.Page_Up           bsp_interface.o
    0x08002db0   0x08002db0   0x00000020   Code   RO         1664    i.RCC_APB1PeriphClockCmd  stm32f10x_rcc.o
    0x08002dd0   0x08002dd0   0x00000020   Code   RO         1665    i.RCC_APB1PeriphResetCmd  stm32f10x_rcc.o
    0x08002df0   0x08002df0   0x00000020   Code   RO         1666    i.RCC_APB2PeriphClockCmd  stm32f10x_rcc.o
    0x08002e10   0x08002e10   0x00000020   Code   RO         1667    i.RCC_APB2PeriphResetCmd  stm32f10x_rcc.o
    0x08002e30   0x08002e30   0x000000d4   Code   RO         1674    i.RCC_GetClocksFreq  stm32f10x_rcc.o
    0x08002f04   0x08002f04   0x00000064   Code   RO         3528    i.Ready_Fun         bsp_button.o
    0x08002f68   0x08002f68   0x00000018   Code   RO         2143    i.SPI_Cmd           stm32f10x_spi.o
    0x08002f80   0x08002f80   0x00000050   Code   RO         3846    i.SPI_Config        bsp_spi.o
    0x08002fd0   0x08002fd0   0x0000006c   Code   RO         3847    i.SPI_GPIO_Config   bsp_spi.o
    0x0800303c   0x0800303c   0x00000012   Code   RO         2151    i.SPI_I2S_GetFlagStatus  stm32f10x_spi.o
    0x0800304e   0x0800304e   0x00000006   Code   RO         2154    i.SPI_I2S_ReceiveData  stm32f10x_spi.o
    0x08003054   0x08003054   0x00000004   Code   RO         2155    i.SPI_I2S_SendData  stm32f10x_spi.o
    0x08003058   0x08003058   0x0000000c   Code   RO         3848    i.SPI_ILI9486_Init  bsp_spi.o
    0x08003064   0x08003064   0x0000003c   Code   RO         2156    i.SPI_Init          stm32f10x_spi.o
    0x080030a0   0x080030a0   0x00000078   Code   RO         3849    i.SPI_SendByte      bsp_spi.o
    0x08003118   0x08003118   0x00000040   Code   RO         3850    i.SPI_TIMEOUT_UsertCallback  bsp_spi.o
    0x08003158   0x08003158   0x00000008   Code   RO         3074    i.SetSysClock       system_stm32f10x.o
    0x08003160   0x08003160   0x000000e0   Code   RO         3075    i.SetSysClockTo72   system_stm32f10x.o
    0x08003240   0x08003240   0x000001b4   Code   RO         3624    i.Show_AcceleratedRecords  bsp_interface.o
    0x080033f4   0x080033f4   0x0000008e   Code   RO         3625    i.Show_Data         bsp_interface.o
    0x08003482   0x08003482   0x00000002   PAD
    0x08003484   0x08003484   0x000001bc   Code   RO         3626    i.Show_LapRecords   bsp_interface.o
    0x08003640   0x08003640   0x00000064   Code   RO         3627    i.Slaver_Check_Interface  bsp_interface.o
    0x080036a4   0x080036a4   0x00000028   Code   RO           14    i.SysTick_CLKSourceConfig  misc.o
    0x080036cc   0x080036cc   0x00000010   Code   RO         3268    i.SysTick_Handler   stm32f10x_it.o
    0x080036dc   0x080036dc   0x00000060   Code   RO         3077    i.SystemInit        system_stm32f10x.o
    0x0800373c   0x0800373c   0x0000006c   Code   RO         3269    i.TIM1_CC_IRQHandler  stm32f10x_it.o
    0x080037a8   0x080037a8   0x00000070   Code   RO         3270    i.TIM1_UP_IRQHandler  stm32f10x_it.o
    0x08003818   0x08003818   0x00000040   Code   RO         3271    i.TIM2_IRQHandler   stm32f10x_it.o
    0x08003858   0x08003858   0x0000003c   Code   RO         3272    i.TIM3_IRQHandler   stm32f10x_it.o
    0x08003894   0x08003894   0x0000001c   Code   RO         3273    i.TIM4_IRQHandler   stm32f10x_it.o
    0x080038b0   0x080038b0   0x00000088   Code   RO         3422    i.TIMER1_Init       bsp_timer.o
    0x08003938   0x08003938   0x00000066   Code   RO         3423    i.TIMER2_Init       bsp_timer.o
    0x0800399e   0x0800399e   0x00000002   PAD
    0x080039a0   0x080039a0   0x00000068   Code   RO         3424    i.TIMER3_Init       bsp_timer.o
    0x08003a08   0x08003a08   0x00000006   Code   RO         2293    i.TIM_ClearITPendingBit  stm32f10x_tim.o
    0x08003a0e   0x08003a0e   0x00000018   Code   RO         2298    i.TIM_Cmd           stm32f10x_tim.o
    0x08003a26   0x08003a26   0x00000022   Code   RO         2319    i.TIM_GetITStatus   stm32f10x_tim.o
    0x08003a48   0x08003a48   0x00000012   Code   RO         2323    i.TIM_ITConfig      stm32f10x_tim.o
    0x08003a5a   0x08003a5a   0x00000004   Code   RO         2363    i.TIM_SetCounter    stm32f10x_tim.o
    0x08003a5e   0x08003a5e   0x00000002   PAD
    0x08003a60   0x08003a60   0x000000a4   Code   RO         2369    i.TIM_TimeBaseInit  stm32f10x_tim.o
    0x08003b04   0x08003b04   0x0000004c   Code   RO         3113    i.TestData_Save     main.o
    0x08003b50   0x08003b50   0x00000018   Code   RO         3426    i.Timer1_Off        bsp_timer.o
    0x08003b68   0x08003b68   0x00000024   Code   RO         3427    i.Timer1_Open       bsp_timer.o
    0x08003b8c   0x08003b8c   0x00000018   Code   RO         3430    i.Timer3_Off        bsp_timer.o
    0x08003ba4   0x08003ba4   0x00000018   Code   RO         3431    i.Timer3_Open       bsp_timer.o
    0x08003bbc   0x08003bbc   0x00000204   Code   RO         3114    i.USART2_DealTask   main.o
    0x08003dc0   0x08003dc0   0x00000054   Code   RO         3274    i.USART2_IRQHandler  stm32f10x_it.o
    0x08003e14   0x08003e14   0x00000012   Code   RO         2830    i.USART_ClearFlag   stm32f10x_usart.o
    0x08003e26   0x08003e26   0x0000001e   Code   RO         2831    i.USART_ClearITPendingBit  stm32f10x_usart.o
    0x08003e44   0x08003e44   0x00000018   Code   RO         2834    i.USART_Cmd         stm32f10x_usart.o
    0x08003e5c   0x08003e5c   0x0000009c   Code   RO         2836    i.USART_DeInit      stm32f10x_usart.o
    0x08003ef8   0x08003ef8   0x00000054   Code   RO         2838    i.USART_GetITStatus  stm32f10x_usart.o
    0x08003f4c   0x08003f4c   0x0000004a   Code   RO         2840    i.USART_ITConfig    stm32f10x_usart.o
    0x08003f96   0x08003f96   0x00000002   PAD
    0x08003f98   0x08003f98   0x000000d8   Code   RO         2841    i.USART_Init        stm32f10x_usart.o
    0x08004070   0x08004070   0x0000000a   Code   RO         2848    i.USART_ReceiveData  stm32f10x_usart.o
    0x0800407a   0x0800407a   0x00000008   Code   RO         2851    i.USART_SendData    stm32f10x_usart.o
    0x08004082   0x08004082   0x00000002   PAD
    0x08004084   0x08004084   0x000000c4   Code   RO         3529    i.Up_Fun            bsp_button.o
    0x08004148   0x08004148   0x00000004   Code   RO         3275    i.UsageFault_Handler  stm32f10x_it.o
    0x0800414c   0x0800414c   0x000001a0   Code   RO         3115    i.Usart_Handle      main.o
    0x080042ec   0x080042ec   0x0000004c   Code   RO         3530    i.View_Fun          bsp_button.o
    0x08004338   0x08004338   0x00000020   Code   RO         4891    i.__0printf$6       mc_w.l(printf6.o)
    0x08004358   0x08004358   0x00000028   Code   RO         4893    i.__0sprintf$6      mc_w.l(printf6.o)
    0x08004380   0x08004380   0x0000000e   Code   RO         5047    i.__scatterload_copy  mc_w.l(handlers.o)
    0x0800438e   0x0800438e   0x00000002   Code   RO         5048    i.__scatterload_null  mc_w.l(handlers.o)
    0x08004390   0x08004390   0x0000000e   Code   RO         5049    i.__scatterload_zeroinit  mc_w.l(handlers.o)
    0x0800439e   0x0800439e   0x00000002   PAD
    0x080043a0   0x080043a0   0x000002f0   Code   RO         4898    i._printf_core      mc_w.l(printf6.o)
    0x08004690   0x08004690   0x00000024   Code   RO         4899    i._printf_post_padding  mc_w.l(printf6.o)
    0x080046b4   0x080046b4   0x0000002e   Code   RO         4900    i._printf_pre_padding  mc_w.l(printf6.o)
    0x080046e2   0x080046e2   0x0000000a   Code   RO         4902    i._sputc            mc_w.l(printf6.o)
    0x080046ec   0x080046ec   0x00000048   Code   RO         3361    i.delay_us          bsp_delay.o
    0x08004734   0x08004734   0x00000018   Code   RO         3362    i.delay_xms         bsp_delay.o
    0x0800474c   0x0800474c   0x0000001c   Code   RO         3391    i.fputc             bsp_usart.o
    0x08004768   0x08004768   0x0000008c   Code   RO         3116    i.main              main.o
    0x080047f4   0x080047f4   0x00000098   Code   RO         4307    i.prvAddCurrentTaskToDelayedList  tasks.o
    0x0800488c   0x0800488c   0x000000b4   Code   RO         4308    i.prvAddNewTaskToReadyList  tasks.o
    0x08004940   0x08004940   0x00000064   Code   RO         4309    i.prvCheckTasksWaitingTermination  tasks.o
    0x080049a4   0x080049a4   0x0000002a   Code   RO         4156    i.prvCopyDataFromQueue  queue.o
    0x080049ce   0x080049ce   0x0000006a   Code   RO         4157    i.prvCopyDataToQueue  queue.o
    0x08004a38   0x08004a38   0x00000028   Code   RO         4310    i.prvDeleteTCB      tasks.o
    0x08004a60   0x08004a60   0x0000007c   Code   RO         4678    i.prvHeapInit       heap_4.o
    0x08004adc   0x08004adc   0x00000028   Code   RO         4311    i.prvIdleTask       tasks.o
    0x08004b04   0x08004b04   0x00000026   Code   RO         4158    i.prvInitialiseNewQueue  queue.o
    0x08004b2a   0x08004b2a   0x00000080   Code   RO         4312    i.prvInitialiseNewTask  tasks.o
    0x08004baa   0x08004baa   0x00000002   PAD
    0x08004bac   0x08004bac   0x00000068   Code   RO         4313    i.prvInitialiseTaskLists  tasks.o
    0x08004c14   0x08004c14   0x00000068   Code   RO         4679    i.prvInsertBlockIntoFreeList  heap_4.o
    0x08004c7c   0x08004c7c   0x0000001a   Code   RO         4159    i.prvIsQueueEmpty   queue.o
    0x08004c96   0x08004c96   0x0000001e   Code   RO         4160    i.prvIsQueueFull    queue.o
    0x08004cb4   0x08004cb4   0x00000034   Code   RO         4314    i.prvResetNextTaskUnblockTime  tasks.o
    0x08004ce8   0x08004ce8   0x00000016   Code   RO         4608    i.prvTaskExitError  port.o
    0x08004cfe   0x08004cfe   0x0000007e   Code   RO         4161    i.prvUnlockQueue    queue.o
    0x08004d7c   0x08004d7c   0x000000d0   Code   RO         4680    i.pvPortMalloc      heap_4.o
    0x08004e4c   0x08004e4c   0x00000024   Code   RO         4609    i.pxPortInitialiseStack  port.o
    0x08004e70   0x08004e70   0x00000078   Code   RO         3392    i.uart1_init        bsp_usart.o
    0x08004ee8   0x08004ee8   0x000000bc   Code   RO         3393    i.uart2_init        bsp_usart.o
    0x08004fa4   0x08004fa4   0x00000028   Code   RO         4119    i.uxListRemove      list.o
    0x08004fcc   0x08004fcc   0x00000018   Code   RO         3117    i.vApplicationGetIdleTaskMemory  main.o
    0x08004fe4   0x08004fe4   0x0000001a   Code   RO         4120    i.vListInitialise   list.o
    0x08004ffe   0x08004ffe   0x00000006   Code   RO         4121    i.vListInitialiseItem  list.o
    0x08005004   0x08005004   0x00000034   Code   RO         4122    i.vListInsert       list.o
    0x08005038   0x08005038   0x00000018   Code   RO         4123    i.vListInsertEnd    list.o
    0x08005050   0x08005050   0x00000024   Code   RO         4611    i.vPortEnterCritical  port.o
    0x08005074   0x08005074   0x00000020   Code   RO         4612    i.vPortExitCritical  port.o
    0x08005094   0x08005094   0x00000048   Code   RO         4681    i.vPortFree         heap_4.o
    0x080050dc   0x080050dc   0x00000014   Code   RO         4613    i.vPortSetupTimerInterrupt  port.o
    0x080050f0   0x080050f0   0x00000034   Code   RO         4321    i.vTaskDelay        tasks.o
    0x08005124   0x08005124   0x000000cc   Code   RO         4323    i.vTaskDelete       tasks.o
    0x080051f0   0x080051f0   0x0000000c   Code   RO         4325    i.vTaskMissedYield  tasks.o
    0x080051fc   0x080051fc   0x00000020   Code   RO         4327    i.vTaskPlaceOnEventList  tasks.o
    0x0800521c   0x0800521c   0x00000018   Code   RO         4331    i.vTaskSetTimeOutState  tasks.o
    0x08005234   0x08005234   0x0000008c   Code   RO         4332    i.vTaskStartScheduler  tasks.o
    0x080052c0   0x080052c0   0x00000010   Code   RO         4334    i.vTaskSuspendAll   tasks.o
    0x080052d0   0x080052d0   0x00000060   Code   RO         4335    i.vTaskSwitchContext  tasks.o
    0x08005330   0x08005330   0x00000034   Code   RO         4614    i.xPortStartScheduler  port.o
    0x08005364   0x08005364   0x00000034   Code   RO         4615    i.xPortSysTickHandler  port.o
    0x08005398   0x08005398   0x0000003e   Code   RO         4168    i.xQueueGenericCreate  queue.o
    0x080053d6   0x080053d6   0x00000002   PAD
    0x080053d8   0x080053d8   0x0000013c   Code   RO         4170    i.xQueueGenericReceive  queue.o
    0x08005514   0x08005514   0x00000080   Code   RO         4171    i.xQueueGenericReset  queue.o
    0x08005594   0x08005594   0x00000118   Code   RO         4172    i.xQueueGenericSend  queue.o
    0x080056ac   0x080056ac   0x00000078   Code   RO         4174    i.xQueueGiveFromISR  queue.o
    0x08005724   0x08005724   0x0000005c   Code   RO         4336    i.xTaskCheckForTimeOut  tasks.o
    0x08005780   0x08005780   0x00000064   Code   RO         4337    i.xTaskCreate       tasks.o
    0x080057e4   0x080057e4   0x0000004e   Code   RO         4338    i.xTaskCreateStatic  tasks.o
    0x08005832   0x08005832   0x00000002   PAD
    0x08005834   0x08005834   0x00000020   Code   RO         4341    i.xTaskGetSchedulerState  tasks.o
    0x08005854   0x08005854   0x0000011c   Code   RO         4344    i.xTaskIncrementTick  tasks.o
    0x08005970   0x08005970   0x00000080   Code   RO         4347    i.xTaskRemoveFromEventList  tasks.o
    0x080059f0   0x080059f0   0x000000e8   Code   RO         4349    i.xTaskResumeAll    tasks.o
    0x08005ad8   0x08005ad8   0x00000020   Data   RO         5045    Region$$Table       anon$$obj.o


    Execution Region RW_IRAM1 (Exec base: 0x20000000, Load base: 0x08005af8, Size: 0x00004cf8, Max: 0x00005000, ABSOLUTE)

    Exec Addr    Load Addr    Size         Type   Attr      Idx    E Section Name        Object

    0x20000000   0x08005af8   0x00000014   Data   RW         1694    .data               stm32f10x_rcc.o
    0x20000014   0x08005b0c   0x0000002d   Data   RW         3120    .data               main.o
    0x20000041   0x08005b39   0x00000003   PAD
    0x20000044   0x08005b3c   0x0000000c   Data   RW         3276    .data               stm32f10x_it.o
    0x20000050   0x08005b48   0x00000004   Data   RW         3363    .data               bsp_delay.o
    0x20000054   0x08005b4c   0x00000001   Data   RW         3503    .data               bsp_key.o
    0x20000055   0x08005b4d   0x00000001   PAD
    0x20000056   0x08005b4e   0x00000008   Data   RW         3628    .data               bsp_interface.o
    0x2000005e   0x08005b56   0x00000002   PAD
    0x20000060   0x08005b58   0x0000000c   Data   RW         3719    .data               ili9486.o
    0x2000006c   0x08005b64   0x00000004   Data   RW         3851    .data               bsp_spi.o
    0x20000070   0x08005b68   0x0000003c   Data   RW         4352    .data               tasks.o
    0x200000ac   0x08005ba4   0x00000004   Data   RW         4616    .data               port.o
    0x200000b0   0x08005ba8   0x00000018   Data   RW         4686    .data               heap_4.o
    0x200000c8   0x08005bc0   0x00000004   Data   RW         5021    .data               mc_w.l(stdout.o)
    0x200000cc        -       0x00001a94   Zero   RW         3119    .bss                main.o
    0x20001b60        -       0x000000b4   Zero   RW         3531    .bss                bsp_button.o
    0x20001c14        -       0x000002e4   Zero   RW         4351    .bss                tasks.o
    0x20001ef8        -       0x00002800   Zero   RW         4685    .bss                heap_4.o
    0x200046f8        -       0x00000600   Zero   RW            1    STACK               startup_stm32f10x_md.o


==============================================================================

Image component sizes


      Code (inc. data)   RO Data    RW Data    ZI Data      Debug   Object Name

        96         12          0          0          0       1039   as32-100-c.o
        80         12          0          0          0       1019   bsp_beep.o
      2288        264          0          0        180       8380   bsp_button.o
       164         14          0          4          0       2112   bsp_delay.o
       172         12          0          0          0       1585   bsp_exti.o
      3626        640          0          8          0       9766   bsp_interface.o
       288         16          0          1          0       1238   bsp_key.o
       384         66          0          4          0       3009   bsp_spi.o
       450         38          0          0          0       4108   bsp_timer.o
       336         20          0          0          0       3230   bsp_usart.o
         0          0          0          0          0      16308   event_groups.o
      1124         64          0          0          0       9337   gt30l32s4w.o
       508         62          0         24      10240       3995   heap_4.o
      1972         68          0         12          0      11772   ili9486.o
       148          0          0          0          0       3326   list.o
      3034        914          0         45       6804      32043   main.o
       172         22          0          0          0     263485   misc.o
       400         50          0          4          0       9192   port.o
      1274         14          0          0          0      10806   queue.o
        36          8        236          0       1536        880   startup_stm32f10x_md.o
       200         18          0          0          0       2396   stm32f10x_exti.o
       522         10          0          0          0       6248   stm32f10x_gpio.o
       624        112          0         12          0       7737   stm32f10x_it.o
       340         44          0         20          0       6040   stm32f10x_rcc.o
       112          0          0          0          0       4250   stm32f10x_spi.o
       250         42          0          0          0       4579   stm32f10x_tim.o
       620         28          0          0          0       8034   stm32f10x_usart.o
       328         28          0          0          0       2069   system_stm32f10x.o
      2318        362          0         60        740      34456   tasks.o

    ----------------------------------------------------------------------
     21896       2940        268        200      19500     472439   Object Totals
         0          0         32          0          0          0   (incl. Generated)
        30          0          0          6          0          0   (incl. Padding)

    ----------------------------------------------------------------------

      Code (inc. data)   RO Data    RW Data    ZI Data      Debug   Library Member Name

         0          0          0          0          0          0   entry.o
         0          0          0          0          0          0   entry10a.o
         0          0          0          0          0          0   entry11a.o
         4          0          0          0          0          0   entry12b.o
         8          4          0          0          0          0   entry2.o
         4          0          0          0          0          0   entry5.o
         0          0          0          0          0          0   entry7b.o
         0          0          0          0          0          0   entry8b.o
         8          4          0          0          0          0   entry9a.o
        30          0          0          0          0          0   handlers.o
        36          8          0          0          0         68   init.o
        36          0          0          0          0         68   memcpya.o
        36          0          0          0          0        108   memseta.o
       916         20          0          0          0        504   printf6.o
         0          0          0          4          0          0   stdout.o
        44          0          0          0          0         80   uidiv.o

    ----------------------------------------------------------------------
      1124         36          0          4          0        828   Library Totals
         2          0          0          0          0          0   (incl. Padding)

    ----------------------------------------------------------------------

      Code (inc. data)   RO Data    RW Data    ZI Data      Debug   Library Name

      1122         36          0          4          0        828   mc_w.l

    ----------------------------------------------------------------------
      1124         36          0          4          0        828   Library Totals

    ----------------------------------------------------------------------

==============================================================================


      Code (inc. data)   RO Data    RW Data    ZI Data      Debug   

     23020       2976        268        204      19500     463175   Grand Totals
     23020       2976        268        204      19500     463175   ELF Image Totals
     23020       2976        268        204          0          0   ROM Totals

==============================================================================

    Total RO  Size (Code + RO Data)                23288 (  22.74kB)
    Total RW  Size (RW Data + ZI Data)             19704 (  19.24kB)
    Total ROM Size (Code + RO Data + RW Data)      23492 (  22.94kB)

==============================================================================

