Component: ARM Compiler 5.06 update 7 (build 960) Tool: armlink [4d3601]

==============================================================================

Section Cross References

    startup_stm32f10x_md.o(RESET) refers to startup_stm32f10x_md.o(STACK) for __initial_sp
    startup_stm32f10x_md.o(RESET) refers to startup_stm32f10x_md.o(.text) for Reset_Handler
    startup_stm32f10x_md.o(RESET) refers to stm32f10x_it.o(i.NMI_Handler) for NMI_Handler
    startup_stm32f10x_md.o(RESET) refers to stm32f10x_it.o(i.HardFault_Handler) for HardFault_Handler
    startup_stm32f10x_md.o(RESET) refers to stm32f10x_it.o(i.MemManage_Handler) for MemManage_Handler
    startup_stm32f10x_md.o(RESET) refers to stm32f10x_it.o(i.BusFault_Handler) for BusFault_Handler
    startup_stm32f10x_md.o(RESET) refers to stm32f10x_it.o(i.UsageFault_Handler) for UsageFault_Handler
    startup_stm32f10x_md.o(RESET) refers to port.o(.emb_text) for SVC_Handler
    startup_stm32f10x_md.o(RESET) refers to stm32f10x_it.o(i.DebugMon_Handler) for DebugMon_Handler
    startup_stm32f10x_md.o(RESET) refers to stm32f10x_it.o(i.SysTick_Handler) for SysTick_Handler
    startup_stm32f10x_md.o(RESET) refers to stm32f10x_it.o(i.EXTI9_5_IRQHandler) for EXTI9_5_IRQHandler
    startup_stm32f10x_md.o(RESET) refers to stm32f10x_it.o(i.TIM1_UP_IRQHandler) for TIM1_UP_IRQHandler
    startup_stm32f10x_md.o(RESET) refers to stm32f10x_it.o(i.TIM2_IRQHandler) for TIM2_IRQHandler
    startup_stm32f10x_md.o(RESET) refers to stm32f10x_it.o(i.TIM3_IRQHandler) for TIM3_IRQHandler
    startup_stm32f10x_md.o(RESET) refers to stm32f10x_it.o(i.TIM4_IRQHandler) for TIM4_IRQHandler
    startup_stm32f10x_md.o(RESET) refers to stm32f10x_it.o(i.USART2_IRQHandler) for USART2_IRQHandler
    startup_stm32f10x_md.o(.text) refers to system_stm32f10x.o(i.SystemInit) for SystemInit
    startup_stm32f10x_md.o(.text) refers to entry.o(.ARM.Collect$$$$00000000) for __main
    stm32f10x_adc.o(i.ADC_DeInit) refers to stm32f10x_rcc.o(i.RCC_APB2PeriphResetCmd) for RCC_APB2PeriphResetCmd
    stm32f10x_bkp.o(i.BKP_DeInit) refers to stm32f10x_rcc.o(i.RCC_BackupResetCmd) for RCC_BackupResetCmd
    stm32f10x_can.o(i.CAN_DeInit) refers to stm32f10x_rcc.o(i.RCC_APB1PeriphResetCmd) for RCC_APB1PeriphResetCmd
    stm32f10x_can.o(i.CAN_GetITStatus) refers to stm32f10x_can.o(i.CheckITStatus) for CheckITStatus
    stm32f10x_cec.o(i.CEC_DeInit) refers to stm32f10x_rcc.o(i.RCC_APB1PeriphResetCmd) for RCC_APB1PeriphResetCmd
    stm32f10x_dac.o(i.DAC_DeInit) refers to stm32f10x_rcc.o(i.RCC_APB1PeriphResetCmd) for RCC_APB1PeriphResetCmd
    stm32f10x_flash.o(i.FLASH_EnableWriteProtection) refers to stm32f10x_flash.o(i.FLASH_WaitForLastOperation) for FLASH_WaitForLastOperation
    stm32f10x_flash.o(i.FLASH_EraseAllBank1Pages) refers to stm32f10x_flash.o(i.FLASH_WaitForLastBank1Operation) for FLASH_WaitForLastBank1Operation
    stm32f10x_flash.o(i.FLASH_EraseAllPages) refers to stm32f10x_flash.o(i.FLASH_WaitForLastOperation) for FLASH_WaitForLastOperation
    stm32f10x_flash.o(i.FLASH_EraseOptionBytes) refers to stm32f10x_flash.o(i.FLASH_GetReadOutProtectionStatus) for FLASH_GetReadOutProtectionStatus
    stm32f10x_flash.o(i.FLASH_EraseOptionBytes) refers to stm32f10x_flash.o(i.FLASH_WaitForLastOperation) for FLASH_WaitForLastOperation
    stm32f10x_flash.o(i.FLASH_ErasePage) refers to stm32f10x_flash.o(i.FLASH_WaitForLastOperation) for FLASH_WaitForLastOperation
    stm32f10x_flash.o(i.FLASH_ProgramHalfWord) refers to stm32f10x_flash.o(i.FLASH_WaitForLastOperation) for FLASH_WaitForLastOperation
    stm32f10x_flash.o(i.FLASH_ProgramOptionByteData) refers to stm32f10x_flash.o(i.FLASH_WaitForLastOperation) for FLASH_WaitForLastOperation
    stm32f10x_flash.o(i.FLASH_ProgramWord) refers to stm32f10x_flash.o(i.FLASH_WaitForLastOperation) for FLASH_WaitForLastOperation
    stm32f10x_flash.o(i.FLASH_ReadOutProtection) refers to stm32f10x_flash.o(i.FLASH_WaitForLastOperation) for FLASH_WaitForLastOperation
    stm32f10x_flash.o(i.FLASH_UserOptionByteConfig) refers to stm32f10x_flash.o(i.FLASH_WaitForLastOperation) for FLASH_WaitForLastOperation
    stm32f10x_flash.o(i.FLASH_WaitForLastBank1Operation) refers to stm32f10x_flash.o(i.FLASH_GetBank1Status) for FLASH_GetBank1Status
    stm32f10x_flash.o(i.FLASH_WaitForLastOperation) refers to stm32f10x_flash.o(i.FLASH_GetBank1Status) for FLASH_GetBank1Status
    stm32f10x_gpio.o(i.GPIO_AFIODeInit) refers to stm32f10x_rcc.o(i.RCC_APB2PeriphResetCmd) for RCC_APB2PeriphResetCmd
    stm32f10x_gpio.o(i.GPIO_DeInit) refers to stm32f10x_rcc.o(i.RCC_APB2PeriphResetCmd) for RCC_APB2PeriphResetCmd
    stm32f10x_i2c.o(i.I2C_DeInit) refers to stm32f10x_rcc.o(i.RCC_APB1PeriphResetCmd) for RCC_APB1PeriphResetCmd
    stm32f10x_i2c.o(i.I2C_Init) refers to stm32f10x_rcc.o(i.RCC_GetClocksFreq) for RCC_GetClocksFreq
    stm32f10x_pwr.o(i.PWR_DeInit) refers to stm32f10x_rcc.o(i.RCC_APB1PeriphResetCmd) for RCC_APB1PeriphResetCmd
[...]
    i.USART_Cmd                              0x08004bac   Section        0  stm32f10x_usart.o(i.USART_Cmd)
    i.USART_DeInit                           0x08004bc4   Section        0  stm32f10x_usart.o(i.USART_DeInit)
    i.USART_GetITStatus                      0x08004c60   Section        0  stm32f10x_usart.o(i.USART_GetITStatus)
    i.USART_ITConfig                         0x08004cb4   Section        0  stm32f10x_usart.o(i.USART_ITConfig)
    i.USART_Init                             0x08004d00   Section        0  stm32f10x_usart.o(i.USART_Init)
    i.USART_ReceiveData                      0x08004dd8   Section        0  stm32f10x_usart.o(i.USART_ReceiveData)
    i.USART_SendData                         0x08004de2   Section        0  stm32f10x_usart.o(i.USART_SendData)
    i.Up_Fun                                 0x08004dec   Section        0  bsp_button.o(i.Up_Fun)
    Up_Fun                                   0x08004ded   Thumb Code   282  bsp_button.o(i.Up_Fun)
    i.UsageFault_Handler                     0x08004f24   Section        0  stm32f10x_it.o(i.UsageFault_Handler)
    i.Usart_Handle                           0x08004f28   Section        0  main.o(i.Usart_Handle)
    Usart_Handle                             0x08004f29   Thumb Code   450  main.o(i.Usart_Handle)
    i.View_Fun                               0x08005124   Section        0  bsp_button.o(i.View_Fun)
    i.WWDG_Config                            0x08005170   Section        0  bsp_iwdg.o(i.WWDG_Config)
    i.__0printf                              0x08005194   Section        0  printfa.o(i.__0printf)
    i.__0sprintf                             0x080051b4   Section        0  printfa.o(i.__0sprintf)
    i.__scatterload_copy                     0x080051dc   Section       14  handlers.o(i.__scatterload_copy)
    i.__scatterload_null                     0x080051ea   Section        2  handlers.o(i.__scatterload_null)
    i.__scatterload_zeroinit                 0x080051ec   Section       14  handlers.o(i.__scatterload_zeroinit)
    i._fp_digits                             0x080051fc   Section        0  printfa.o(i._fp_digits)
    _fp_digits                               0x080051fd   Thumb Code   366  printfa.o(i._fp_digits)
    i._printf_core                           0x08005380   Section        0  printfa.o(i._printf_core)
    _printf_core                             0x08005381   Thumb Code  1704  printfa.o(i._printf_core)
    i._printf_post_padding                   0x08005a34   Section        0  printfa.o(i._printf_post_padding)
    _printf_post_padding                     0x08005a35   Thumb Code    36  printfa.o(i._printf_post_padding)
    i._printf_pre_padding                    0x08005a58   Section        0  printfa.o(i._printf_pre_padding)
    _printf_pre_padding                      0x08005a59   Thumb Code    46  printfa.o(i._printf_pre_padding)
    i._sputc                                 0x08005a86   Section        0  printfa.o(i._sputc)
    _sputc                                   0x08005a87   Thumb Code    10  printfa.o(i._sputc)
    i.delay_us                               0x08005a90   Section        0  bsp_delay.o(i.delay_us)
    i.delay_xms                              0x08005ad8   Section        0  bsp_delay.o(i.delay_xms)
    i.fputc                                  0x08005af0   Section        0  bsp_usart.o(i.fputc)
    i.main                                   0x08005b0c   Section        0  main.o(i.main)
    i.print_And_Line                         0x08005b98   Section        0  dp_print_lib.o(i.print_And_Line)
    i.prvAddCurrentTaskToDelayedList         0x08005ba4   Section        0  tasks.o(i.prvAddCurrentTaskToDelayedList)
    prvAddCurrentTaskToDelayedList           0x08005ba5   Thumb Code   124  tasks.o(i.prvAddCurrentTaskToDelayedList)
    i.prvAddNewTaskToReadyList               0x08005c3c   Section        0  tasks.o(i.prvAddNewTaskToReadyList)
    prvAddNewTaskToReadyList                 0x08005c3d   Thumb Code   150  tasks.o(i.prvAddNewTaskToReadyList)
    i.prvCheckTasksWaitingTermination        0x08005cf0   Section        0  tasks.o(i.prvCheckTasksWaitingTermination)
    prvCheckTasksWaitingTermination          0x08005cf1   Thumb Code    86  tasks.o(i.prvCheckTasksWaitingTermination)
    i.prvCopyDataFromQueue                   0x08005d54   Section        0  queue.o(i.prvCopyDataFromQueue)
    prvCopyDataFromQueue                     0x08005d55   Thumb Code    42  queue.o(i.prvCopyDataFromQueue)
    i.prvCopyDataToQueue                     0x08005d7e   Section        0  queue.o(i.prvCopyDataToQueue)
    prvCopyDataToQueue                       0x08005d7f   Thumb Code   106  queue.o(i.prvCopyDataToQueue)
    i.prvDeleteTCB                           0x08005de8   Section        0  tasks.o(i.prvDeleteTCB)
    prvDeleteTCB                             0x08005de9   Thumb Code    40  tasks.o(i.prvDeleteTCB)
    i.prvHeapInit                            0x08005e10   Section        0  heap_4.o(i.prvHeapInit)
    prvHeapInit                              0x08005e11   Thumb Code    98  heap_4.o(i.prvHeapInit)
    i.prvIdleTask                            0x08005e8c   Section        0  tasks.o(i.prvIdleTask)
    prvIdleTask                              0x08005e8d   Thumb Code    32  tasks.o(i.prvIdleTask)
    i.prvInitialiseNewQueue                  0x08005eb4   Section        0  queue.o(i.prvInitialiseNewQueue)
    prvInitialiseNewQueue                    0x08005eb5   Thumb Code    38  queue.o(i.prvInitialiseNewQueue)
    i.prvInitialiseNewTask                   0x08005eda   Section        0  tasks.o(i.prvInitialiseNewTask)
    prvInitialiseNewTask                     0x08005edb   Thumb Code   128  tasks.o(i.prvInitialiseNewTask)
    i.prvInitialiseTaskLists                 0x08005f5c   Section        0  tasks.o(i.prvInitialiseTaskLists)
    prvInitialiseTaskLists                   0x08005f5d   Thumb Code    70  tasks.o(i.prvInitialiseTaskLists)
    i.prvInsertBlockIntoFreeList             0x08005fc4   Section        0  heap_4.o(i.prvInsertBlockIntoFreeList)
    prvInsertBlockIntoFreeList               0x08005fc5   Thumb Code    96  heap_4.o(i.prvInsertBlockIntoFreeList)
    i.prvIsQueueEmpty                        0x0800602c   Section        0  queue.o(i.prvIsQueueEmpty)
    prvIsQueueEmpty                          0x0800602d   Thumb Code    26  queue.o(i.prvIsQueueEmpty)
    i.prvIsQueueFull                         0x08006046   Section        0  queue.o(i.prvIsQueueFull)
    prvIsQueueFull                           0x08006047   Thumb Code    30  queue.o(i.prvIsQueueFull)
    i.prvResetNextTaskUnblockTime            0x08006064   Section        0  tasks.o(i.prvResetNextTaskUnblockTime)
    prvResetNextTaskUnblockTime              0x08006065   Thumb Code    42  tasks.o(i.prvResetNextTaskUnblockTime)
    i.prvTaskExitError                       0x08006098   Section        0  port.o(i.prvTaskExitError)
    prvTaskExitError                         0x08006099   Thumb Code    22  port.o(i.prvTaskExitError)
    i.prvTestWaitCondition                   0x080060ae   Section        0  event_groups.o(i.prvTestWaitCondition)
    prvTestWaitCondition                     0x080060af   Thumb Code    30  event_groups.o(i.prvTestWaitCondition)
    i.prvUnlockQueue                         0x080060cc   Section        0  queue.o(i.prvUnlockQueue)
    prvUnlockQueue                           0x080060cd   Thumb Code   126  queue.o(i.prvUnlockQueue)
    i.pvPortMalloc                           0x0800614c   Section        0  heap_4.o(i.pvPortMalloc)
    i.pxPortInitialiseStack                  0x0800621c   Section        0  port.o(i.pxPortInitialiseStack)
    i.select_lines                           0x08006240   Section        0  dp_print_lib.o(i.select_lines)
    i.uart1_init                             0x08006258   Section        0  bsp_usart.o(i.uart1_init)
    i.uart2_init                             0x080062d0   Section        0  bsp_usart.o(i.uart2_init)
    i.uart3_init                             0x0800638c   Section        0  bsp_usart.o(i.uart3_init)
    i.uxListRemove                           0x08006410   Section        0  list.o(i.uxListRemove)
    i.uxTaskResetEventItemValue              0x08006438   Section        0  tasks.o(i.uxTaskResetEventItemValue)
    i.vApplicationGetIdleTaskMemory          0x08006454   Section        0  main.o(i.vApplicationGetIdleTaskMemory)
    i.vListInitialise                        0x0800646c   Section        0  list.o(i.vListInitialise)
    i.vListInitialiseItem                    0x08006486   Section        0  list.o(i.vListInitialiseItem)
    i.vListInsert                            0x0800648c   Section        0  list.o(i.vListInsert)
    i.vListInsertEnd                         0x080064c0   Section        0  list.o(i.vListInsertEnd)
    i.vPortEnterCritical                     0x080064d8   Section        0  port.o(i.vPortEnterCritical)
    i.vPortExitCritical                      0x080064fc   Section        0  port.o(i.vPortExitCritical)
    i.vPortFree                              0x0800651c   Section        0  heap_4.o(i.vPortFree)
    i.vPortSetupTimerInterrupt               0x08006564   Section        0  port.o(i.vPortSetupTimerInterrupt)
    i.vTaskDelay                             0x08006578   Section        0  tasks.o(i.vTaskDelay)
    i.vTaskDelete                            0x080065ac   Section        0  tasks.o(i.vTaskDelete)
    i.vTaskMissedYield                       0x08006678   Section        0  tasks.o(i.vTaskMissedYield)
    i.vTaskPlaceOnEventList                  0x08006684   Section        0  tasks.o(i.vTaskPlaceOnEventList)
    i.vTaskPlaceOnUnorderedEventList         0x080066a4   Section        0  tasks.o(i.vTaskPlaceOnUnorderedEventList)
    i.vTaskSetTimeOutState                   0x080066d0   Section        0  tasks.o(i.vTaskSetTimeOutState)
    i.vTaskStartScheduler                    0x080066e8   Section        0  tasks.o(i.vTaskStartScheduler)
    i.vTaskSuspendAll                        0x0800677c   Section        0  tasks.o(i.vTaskSuspendAll)
    i.vTaskSwitchContext                     0x0800678c   Section        0  tasks.o(i.vTaskSwitchContext)
    i.xEventGroupClearBits                   0x080067ec   Section        0  event_groups.o(i.xEventGroupClearBits)
    i.xEventGroupCreate                      0x0800680c   Section        0  event_groups.o(i.xEventGroupCreate)
    i.xEventGroupSetBits                     0x0800682a   Section        0  event_groups.o(i.xEventGroupSetBits)
    i.xEventGroupWaitBits                    0x080068bc   Section        0  event_groups.o(i.xEventGroupWaitBits)
    i.xPortStartScheduler                    0x08006984   Section        0  port.o(i.xPortStartScheduler)
    i.xPortSysTickHandler                    0x080069b8   Section        0  port.o(i.xPortSysTickHandler)
    i.xQueueGenericCreate                    0x080069ec   Section        0  queue.o(i.xQueueGenericCreate)
    i.xQueueGenericReceive                   0x08006a2c   Section        0  queue.o(i.xQueueGenericReceive)
    i.xQueueGenericReset                     0x08006b68   Section        0  queue.o(i.xQueueGenericReset)
    i.xQueueGenericSend                      0x08006be8   Section        0  queue.o(i.xQueueGenericSend)
    i.xQueueGiveFromISR                      0x08006d00   Section        0  queue.o(i.xQueueGiveFromISR)
    i.xTaskCheckForTimeOut                   0x08006d78   Section        0  tasks.o(i.xTaskCheckForTimeOut)
    i.xTaskCreate                            0x08006dd4   Section        0  tasks.o(i.xTaskCreate)
    i.xTaskCreateStatic                      0x08006e38   Section        0  tasks.o(i.xTaskCreateStatic)
    i.xTaskGetSchedulerState                 0x08006e88   Section        0  tasks.o(i.xTaskGetSchedulerState)
    i.xTaskIncrementTick                     0x08006ea8   Section        0  tasks.o(i.xTaskIncrementTick)
    i.xTaskRemoveFromEventList               0x08006fc4   Section        0  tasks.o(i.xTaskRemoveFromEventList)
    i.xTaskRemoveFromUnorderedEventList      0x08007044   Section        0  tasks.o(i.xTaskRemoveFromUnorderedEventList)
    i.xTaskResumeAll                         0x080070b4   Section        0  tasks.o(i.xTaskResumeAll)
    .data                                    0x20000000   Section       20  stm32f10x_rcc.o(.data)
    APBAHBPrescTable                         0x20000000   Data          16  stm32f10x_rcc.o(.data)
    ADCPrescTable                            0x20000010   Data           4  stm32f10x_rcc.o(.data)
    .data                                    0x20000014   Section       80  main.o(.data)
    AppTaskCreate_Handle                     0x20000024   Data           4  main.o(.data)
    KEY_Task_Handle                          0x20000028   Data           4  main.o(.data)
    EXTIX_DealTask_Handler                   0x2000002c   Data           4  main.o(.data)
    USART2_DealTask_Handler                  0x20000030   Data           4  main.o(.data)
    Face_SwitchTask_Handler                  0x20000034   Data           4  main.o(.data)
    BEEP_CheckoutTask_Handler                0x20000038   Data           4  main.o(.data)
    IWDG_Task_Handle                         0x2000003c   Data           4  main.o(.data)
    CPU_Task_Handle                          0x20000040   Data           4  main.o(.data)
    Print_Task_Handle                        0x20000044   Data           4  main.o(.data)
    n                                        0x20000060   Data           1  main.o(.data)
    beep_status                              0x20000061   Data           1  main.o(.data)
    print_count                              0x20000062   Data           2  main.o(.data)
    .data                                    0x20000064   Section       18  stm32f10x_it.o(.data)
    exti_i                                   0x20000074   Data           1  stm32f10x_it.o(.data)
    Time2value                               0x20000075   Data           1  stm32f10x_it.o(.data)
    .data                                    0x20000076   Section        4  bsp_delay.o(.data)
    fac_us                                   0x20000076   Data           1  bsp_delay.o(.data)
    fac_ms                                   0x20000078   Data           2  bsp_delay.o(.data)
    .data                                    0x2000007a   Section        1  bsp_key.o(.data)
    key_up                                   0x2000007a   Data           1  bsp_key.o(.data)
    .data                                    0x2000007c   Section        8  bsp_interface.o(.data)
    .data                                    0x20000084   Section       12  ili9486.o(.data)
    current_txt_color                        0x20000088   Data           4  ili9486.o(.data)
    current_back_color                       0x2000008c   Data           4  ili9486.o(.data)
    .data                                    0x20000090   Section        4  bsp_spi.o(.data)
    SPITimeout                               0x20000090   Data           4  bsp_spi.o(.data)
    .data                                    0x20000094   Section        1  dp_print_lib.o(.data)
    gucCheckPassWord                         0x20000094   Data           1  dp_print_lib.o(.data)
    .data                                    0x20000098   Section       60  tasks.o(.data)
    pxDelayedTaskList                        0x2000009c   Data           4  tasks.o(.data)
    pxOverflowDelayedTaskList                0x200000a0   Data           4  tasks.o(.data)
    uxDeletedTasksWaitingCleanUp             0x200000a4   Data           4  tasks.o(.data)
    uxCurrentNumberOfTasks                   0x200000a8   Data           4  tasks.o(.data)
    xTickCount                               0x200000ac   Data           4  tasks.o(.data)
    uxTopReadyPriority                       0x200000b0   Data           4  tasks.o(.data)
    xSchedulerRunning                        0x200000b4   Data           4  tasks.o(.data)
    uxPendedTicks                            0x200000b8   Data           4  tasks.o(.data)
    xYieldPending                            0x200000bc   Data           4  tasks.o(.data)
    xNumOfOverflows                          0x200000c0   Data           4  tasks.o(.data)
    uxTaskNumber                             0x200000c4   Data           4  tasks.o(.data)
    xNextTaskUnblockTime                     0x200000c8   Data           4  tasks.o(.data)
    xIdleTaskHandle                          0x200000cc   Data           4  tasks.o(.data)
    uxSchedulerSuspended                     0x200000d0   Data           4  tasks.o(.data)
    .data                                    0x200000d4   Section        4  port.o(.data)
    uxCriticalNesting                        0x200000d4   Data           4  port.o(.data)
    .data                                    0x200000d8   Section       24  heap_4.o(.data)
    xStart                                   0x200000d8   Data           8  heap_4.o(.data)
    pxEnd                                    0x200000e0   Data           4  heap_4.o(.data)
    xFreeBytesRemaining                      0x200000e4   Data           4  heap_4.o(.data)
    xMinimumEverFreeBytesRemaining           0x200000e8   Data           4  heap_4.o(.data)
    xBlockAllocatedBit                       0x200000ec   Data           4  heap_4.o(.data)
    .data                                    0x200000f0   Section        4  stdout.o(.data)
    .bss                                     0x200000f4   Section     6804  main.o(.bss)
    Idle_Task_Stack                          0x200000f4   Data         512  main.o(.bss)
    Timer_Task_Stack                         0x200002f4   Data        1024  main.o(.bss)
    AppTaskCreate_Stack                      0x200006f4   Data         512  main.o(.bss)
    KEY_Task_Stack                           0x200008f4   Data         256  main.o(.bss)
    Idle_Task_TCB                            0x200009f4   Data          92  main.o(.bss)
    Timer_Task_TCB                           0x20000a50   Data          92  main.o(.bss)
    AppTaskCreate_TCB                        0x20000aac   Data          92  main.o(.bss)
    KEY_Task_TCB                             0x20000b08   Data          92  main.o(.bss)
    .bss                                     0x20001b88   Section      180  bsp_button.o(.bss)
    .bss                                     0x20001c3c   Section      740  tasks.o(.bss)
    pxReadyTasksLists                        0x20001c3c   Data         640  tasks.o(.bss)
    xDelayedTaskList1                        0x20001ebc   Data          20  tasks.o(.bss)
    xDelayedTaskList2                        0x20001ed0   Data          20  tasks.o(.bss)
    xPendingReadyList                        0x20001ee4   Data          20  tasks.o(.bss)
    xTasksWaitingTermination                 0x20001ef8   Data          20  tasks.o(.bss)
    xSuspendedTaskList                       0x20001f0c   Data          20  tasks.o(.bss)
    .bss                                     0x20001f20   Section    10240  heap_4.o(.bss)
    ucHeap                                   0x20001f20   Data       10240  heap_4.o(.bss)
    STACK                                    0x20004720   Section     1536  startup_stm32f10x_md.o(STACK)

    Global Symbols

    Symbol Name                              Value     Ov Type        Size  Object(Section)

    BuildAttributes$$THM_ISAv4$P$D$K$B$S$PE$A:L22UL41UL21$X:L11$S22US41US21$IEEE1$IW$USESV6$~STKCKD$USESV7$~SHL$OTIME$ROPI$EBA8$MICROLIB$REQ8$PRES8$EABIv2 0x00000000   Number         0  anon$$obj.o ABSOLUTE
    __ARM_use_no_argv                        0x00000000   Number         0  main.o ABSOLUTE
    _printf_a                                0x00000000   Number         0  stubs.o ABSOLUTE
    _printf_c                                0x00000000   Number         0  stubs.o ABSOLUTE
    _printf_charcount                        0x00000000   Number         0  stubs.o ABSOLUTE
    _printf_d                                0x00000000   Number         0  stubs.o ABSOLUTE
    _printf_e                                0x00000000   Number         0  stubs.o ABSOLUTE
    _printf_f                                0x00000000   Number         0  stubs.o ABSOLUTE
    _printf_flags                            0x00000000   Number         0  stubs.o ABSOLUTE
    _printf_fp_dec                           0x00000000   Number         0  stubs.o ABSOLUTE
    _printf_fp_hex                           0x00000000   Number         0  stubs.o ABSOLUTE
    _printf_g                                0x00000000   Number         0  stubs.o ABSOLUTE
    _printf_i                                0x00000000   Number         0  stubs.o ABSOLUTE
    _printf_int_dec                          0x00000000   Number         0  stubs.o ABSOLUTE
    _printf_l                                0x00000000   Number         0  stubs.o ABSOLUTE
    _printf_lc                               0x00000000   Number         0  stubs.o ABSOLUTE
    _printf_ll                               0x00000000   Number         0  stubs.o ABSOLUTE
    _printf_lld                              0x00000000   Number         0  stubs.o ABSOLUTE
    _printf_lli                              0x00000000   Number         0  stubs.o ABSOLUTE
    _printf_llo                              0x00000000   Number         0  stubs.o ABSOLUTE
    _printf_llu                              0x00000000   Number         0  stubs.o ABSOLUTE
    _printf_llx                              0x00000000   Number         0  stubs.o ABSOLUTE
    _printf_longlong_dec                     0x00000000   Number         0  stubs.o ABSOLUTE
    _printf_longlong_hex                     0x00000000   Number         0  stubs.o ABSOLUTE
    _printf_longlong_oct                     0x00000000   Number         0  stubs.o ABSOLUTE
    _printf_ls                               0x00000000   Number         0  stubs.o ABSOLUTE
    _printf_mbtowc                           0x00000000   Number         0  stubs.o ABSOLUTE
    _printf_n                                0x00000000   Number         0  stubs.o ABSOLUTE
    _printf_o                                0x00000000   Number         0  stubs.o ABSOLUTE
    _printf_p                                0x00000000   Number         0  stubs.o ABSOLUTE
    _printf_percent                          0x00000000   Number         0  stubs.o ABSOLUTE
    _printf_pre_padding                      0x00000000   Number         0  stubs.o ABSOLUTE
    _printf_return_value                     0x00000000   Number         0  stubs.o ABSOLUTE
    _printf_s                                0x00000000   Number         0  stubs.o ABSOLUTE
    _printf_sizespec                         0x00000000   Number         0  stubs.o ABSOLUTE
    _printf_str                              0x00000000   Number         0  stubs.o ABSOLUTE
    _printf_truncate_signed                  0x00000000   Number         0  stubs.o ABSOLUTE
    _printf_truncate_unsigned                0x00000000   Number         0  stubs.o ABSOLUTE
    _printf_u                                0x00000000   Number         0  stubs.o ABSOLUTE
    _printf_wc                               0x00000000   Number         0  stubs.o ABSOLUTE
    _printf_wctomb                           0x00000000   Number         0  stubs.o ABSOLUTE
    _printf_widthprec                        0x00000000   Number         0  stubs.o ABSOLUTE
    _printf_x                                0x00000000   Number         0  stubs.o ABSOLUTE
    __arm_fini_                               - Undefined Weak Reference
    __cpp_initialize__aeabi_                  - Undefined Weak Reference
    __cxa_finalize                            - Undefined Weak Reference
    __decompress                              - Undefined Weak Reference
    _clock_init                               - Undefined Weak Reference
    _microlib_exit                            - Undefined Weak Reference
    __Vectors_Size                           0x000000ec   Number         0  startup_stm32f10x_md.o ABSOLUTE
    __Vectors                                0x08000000   Data           4  startup_stm32f10x_md.o(RESET)
    __Vectors_End                            0x080000ec   Data           0  startup_stm32f10x_md.o(RESET)
    __main                                   0x080000ed   Thumb Code     0  entry.o(.ARM.Collect$$$$00000000)
    _main_stk                                0x080000ed   Thumb Code     0  entry2.o(.ARM.Collect$$$$00000001)
    _main_scatterload                        0x080000f1   Thumb Code     0  entry5.o(.ARM.Collect$$$$00000004)
    __main_after_scatterload                 0x080000f5   Thumb Code     0  entry5.o(.ARM.Collect$$$$00000004)
    _main_clock                              0x080000f5   Thumb Code     0  entry7b.o(.ARM.Collect$$$$00000008)
    _main_cpp_init                           0x080000f5   Thumb Code     0  entry8b.o(.ARM.Collect$$$$0000000A)
    _main_init                               0x080000f5   Thumb Code     0  entry9a.o(.ARM.Collect$$$$0000000B)
    __rt_lib_shutdown_fini                   0x080000fd   Thumb Code     0  entry12b.o(.ARM.Collect$$$$0000000E)
    __rt_final_cpp                           0x08000101   Thumb Code     0  entry10a.o(.ARM.Collect$$$$0000000F)
    __rt_final_exit                          0x08000101   Thumb Code     0  entry11a.o(.ARM.Collect$$$$00000011)
    SVC_Handler                              0x08000105   Thumb Code    32  port.o(.emb_text)
    __asm___6_port_c_39a90d8d__prvStartFirstTask 0x08000129   Thumb Code    28  port.o(.emb_text)
    PendSV_Handler                           0x08000149   Thumb Code    72  port.o(.emb_text)
    vPortGetIPSR                             0x08000195   Thumb Code     6  port.o(.emb_text)
    Reset_Handler                            0x0800019d   Thumb Code     8  startup_stm32f10x_md.o(.text)
    ADC1_2_IRQHandler                        0x080001b7   Thumb Code     0  startup_stm32f10x_md.o(.text)
    CAN1_RX1_IRQHandler                      0x080001b7   Thumb Code     0  startup_stm32f10x_md.o(.text)
    CAN1_SCE_IRQHandler                      0x080001b7   Thumb Code     0  startup_stm32f10x_md.o(.text)
    DMA1_Channel1_IRQHandler                 0x080001b7   Thumb Code     0  startup_stm32f10x_md.o(.text)
    DMA1_Channel2_IRQHandler                 0x080001b7   Thumb Code     0  startup_stm32f10x_md.o(.text)
    DMA1_Channel3_IRQHandler                 0x080001b7   Thumb Code     0  startup_stm32f10x_md.o(.text)
    DMA1_Channel4_IRQHandler                 0x080001b7   Thumb Code     0  startup_stm32f10x_md.o(.text)
    DMA1_Channel5_IRQHandler                 0x080001b7   Thumb Code     0  startup_stm32f10x_md.o(.text)
    DMA1_Channel6_IRQHandler                 0x080001b7   Thumb Code     0  startup_stm32f10x_md.o(.text)
    DMA1_Channel7_IRQHandler                 0x080001b7   Thumb Code     0  startup_stm32f10x_md.o(.text)
    EXTI0_IRQHandler                         0x080001b7   Thumb Code     0  startup_stm32f10x_md.o(.text)
    EXTI15_10_IRQHandler                     0x080001b7   Thumb Code     0  startup_stm32f10x_md.o(.text)
    EXTI1_IRQHandler                         0x080001b7   Thumb Code     0  startup_stm32f10x_md.o(.text)
    EXTI2_IRQHandler                         0x080001b7   Thumb Code     0  startup_stm32f10x_md.o(.text)
    EXTI3_IRQHandler                         0x080001b7   Thumb Code     0  startup_stm32f10x_md.o(.text)
    EXTI4_IRQHandler                         0x080001b7   Thumb Code     0  startup_stm32f10x_md.o(.text)
    FLASH_IRQHandler                         0x080001b7   Thumb Code     0  startup_stm32f10x_md.o(.text)
    I2C1_ER_IRQHandler                       0x080001b7   Thumb Code     0  startup_stm32f10x_md.o(.text)
    I2C1_EV_IRQHandler                       0x080001b7   Thumb Code     0  startup_stm32f10x_md.o(.text)
    I2C2_ER_IRQHandler                       0x080001b7   Thumb Code     0  startup_stm32f10x_md.o(.text)
    I2C2_EV_IRQHandler                       0x080001b7   Thumb Code     0  startup_stm32f10x_md.o(.text)
    PVD_IRQHandler                           0x080001b7   Thumb Code     0  startup_stm32f10x_md.o(.text)
    RCC_IRQHandler                           0x080001b7   Thumb Code     0  startup_stm32f10x_md.o(.text)
    RTCAlarm_IRQHandler                      0x080001b7   Thumb Code     0  startup_stm32f10x_md.o(.text)
    RTC_IRQHandler                           0x080001b7   Thumb Code     0  startup_stm32f10x_md.o(.text)
    SPI1_IRQHandler                          0x080001b7   Thumb Code     0  startup_stm32f10x_md.o(.text)
    SPI2_IRQHandler                          0x080001b7   Thumb Code     0  startup_stm32f10x_md.o(.text)
    TAMPER_IRQHandler                        0x080001b7   Thumb Code     0  startup_stm32f10x_md.o(.text)
    TIM1_BRK_IRQHandler                      0x080001b7   Thumb Code     0  startup_stm32f10x_md.o(.text)
    TIM1_CC_IRQHandler                       0x080001b7   Thumb Code     0  startup_stm32f10x_md.o(.text)
    TIM1_TRG_COM_IRQHandler                  0x080001b7   Thumb Code     0  startup_stm32f10x_md.o(.text)
    USART1_IRQHandler                        0x080001b7   Thumb Code     0  startup_stm32f10x_md.o(.text)
    USART3_IRQHandler                        0x080001b7   Thumb Code     0  startup_stm32f10x_md.o(.text)
    USBWakeUp_IRQHandler                     0x080001b7   Thumb Code     0  startup_stm32f10x_md.o(.text)
    USB_HP_CAN1_TX_IRQHandler                0x080001b7   Thumb Code     0  startup_stm32f10x_md.o(.text)
    USB_LP_CAN1_RX0_IRQHandler               0x080001b7   Thumb Code     0  startup_stm32f10x_md.o(.text)
    WWDG_IRQHandler                          0x080001b7   Thumb Code     0  startup_stm32f10x_md.o(.text)
    __aeabi_memcpy                           0x080001c1   Thumb Code    36  memcpya.o(.text)
    __aeabi_memcpy4                          0x080001c1   Thumb Code     0  memcpya.o(.text)
    __aeabi_memcpy8                          0x080001c1   Thumb Code     0  memcpya.o(.text)
    __aeabi_memset                           0x080001e5   Thumb Code    14  memseta.o(.text)
    __aeabi_memset4                          0x080001e5   Thumb Code     0  memseta.o(.text)
    __aeabi_memset8                          0x080001e5   Thumb Code     0  memseta.o(.text)
    __aeabi_memclr                           0x080001f3   Thumb Code     4  memseta.o(.text)
    __aeabi_memclr4                          0x080001f3   Thumb Code     0  memseta.o(.text)
    __aeabi_memclr8                          0x080001f3   Thumb Code     0  memseta.o(.text)
    _memset$wrapper                          0x080001f7   Thumb Code    18  memseta.o(.text)
    __aeabi_fdiv                             0x08000209   Thumb Code   124  fdiv.o(.text)
    __aeabi_dadd                             0x08000285   Thumb Code   322  dadd.o(.text)
    __aeabi_dsub                             0x080003c7   Thumb Code     6  dadd.o(.text)
    __aeabi_drsub                            0x080003cd   Thumb Code     6  dadd.o(.text)
    __aeabi_ui2f                             0x080003d3   Thumb Code    10  ffltui.o(.text)
    __aeabi_f2d                              0x080003dd   Thumb Code    38  f2d.o(.text)
    __aeabi_uidiv                            0x08000403   Thumb Code     0  uidiv.o(.text)
    __aeabi_uidivmod                         0x08000403   Thumb Code    44  uidiv.o(.text)
    __aeabi_uldivmod                         0x0800042f   Thumb Code    98  uldiv.o(.text)
    __aeabi_llsl                             0x08000491   Thumb Code    30  llshl.o(.text)
    _ll_shift_l                              0x08000491   Thumb Code     0  llshl.o(.text)
    __aeabi_lasr                             0x080004af   Thumb Code    36  llsshr.o(.text)
    _ll_sshift_r                             0x080004af   Thumb Code     0  llsshr.o(.text)
    __I$use$fp                               0x080004d3   Thumb Code     0  iusefp.o(.text)
    _float_round                             0x080004d3   Thumb Code    18  fepilogue.o(.text)
    _float_epilogue                          0x080004e5   Thumb Code    92  fepilogue.o(.text)
    _double_round                            0x08000541   Thumb Code    30  depilogue.o(.text)
    _double_epilogue                         0x0800055f   Thumb Code   156  depilogue.o(.text)
    __aeabi_dmul                             0x080005fb   Thumb Code   228  dmul.o(.text)
    __aeabi_ddiv                             0x080006df   Thumb Code   222  ddiv.o(.text)
    __aeabi_d2ulz                            0x080007bd   Thumb Code    48  dfixul.o(.text)
    __aeabi_cdrcmple                         0x080007ed   Thumb Code    48  cdrcmple.o(.text)
    __scatterload                            0x0800081d   Thumb Code    28  init.o(.text)
    __scatterload_rt2                        0x0800081d   Thumb Code     0  init.o(.text)
    __aeabi_llsr                             0x08000841   Thumb Code    32  llushr.o(.text)
    _ll_ushift_r                             0x08000841   Thumb Code     0  llushr.o(.text)
    AS32_GPIO_Config                         0x08000861   Thumb Code    60  as32-100-c.o(i.AS32_GPIO_Config)
    AS32_Init                                0x080008a5   Thumb Code    24  as32-100-c.o(i.AS32_Init)
    ASCII_12X24_ADDR                         0x080008c1   Thumb Code    32  gt30l32s4w.o(i.ASCII_12X24_ADDR)
    ASCII_16X32_ADDR                         0x080008e5   Thumb Code    28  gt30l32s4w.o(i.ASCII_16X32_ADDR)
    ASCII_6X12_ADDR                          0x08000905   Thumb Code    32  gt30l32s4w.o(i.ASCII_6X12_ADDR)
    ASCII_8X16_ADDR                          0x08000929   Thumb Code    28  gt30l32s4w.o(i.ASCII_8X16_ADDR)
    ASCII_Addr_Tans                          0x08000949   Thumb Code    80  gt30l32s4w.o(i.ASCII_Addr_Tans)
    BEEP_GPIO_Config                         0x08000ec1   Thumb Code    48  bsp_beep.o(i.BEEP_GPIO_Config)
    BEEP_Init                                0x08000ef9   Thumb Code    20  bsp_beep.o(i.BEEP_Init)
    BusFault_Handler                         0x080010d1   Thumb Code     4  stm32f10x_it.o(i.BusFault_Handler)
    Button_Dealing                           0x080010d5   Thumb Code   392  bsp_button.o(i.Button_Dealing)
    Button_Init                              0x08001341   Thumb Code   480  bsp_button.o(i.Button_Init)
    Connection_Count_Show                    0x08001551   Thumb Code   140  bsp_interface.o(i.Connection_Count_Show)
    DebugMon_Handler                         0x080015fd   Thumb Code     2  stm32f10x_it.o(i.DebugMon_Handler)
    Delay_Init                               0x08001601   Thumb Code    58  bsp_delay.o(i.Delay_Init)
    EXTI9_5_IRQHandler                       0x08001aa5   Thumb Code    88  stm32f10x_it.o(i.EXTI9_5_IRQHandler)
    EXTI_ClearITPendingBit                   0x08001de1   Thumb Code     6  stm32f10x_exti.o(i.EXTI_ClearITPendingBit)
    EXTI_GetITStatus                         0x08001ded   Thumb Code    34  stm32f10x_exti.o(i.EXTI_GetITStatus)
    EXTI_Init                                0x08001e15   Thumb Code   142  stm32f10x_exti.o(i.EXTI_Init)
    Empty_Fun                                0x08001ea9   Thumb Code    18  bsp_button.o(i.Empty_Fun)
    Empty_Records                            0x08001ec1   Thumb Code   172  bsp_interface.o(i.Empty_Records)
    Exti_Close                               0x08001fa1   Thumb Code    24  bsp_exti.o(i.Exti_Close)
    Exti_Init                                0x08001fbd   Thumb Code   112  bsp_exti.o(i.Exti_Init)
    Exti_Open                                0x08002031   Thumb Code    24  bsp_exti.o(i.Exti_Open)
    GB2312_12X12_ADDR                        0x080021e9   Thumb Code   104  gt30l32s4w.o(i.GB2312_12X12_ADDR)
    GB2312_15X16_ADDR                        0x08002251   Thumb Code   104  gt30l32s4w.o(i.GB2312_15X16_ADDR)
    GB2312_24X24_ADDR                        0x080022bd   Thumb Code   112  gt30l32s4w.o(i.GB2312_24X24_ADDR)
    GB2312_32X32_ADDR                        0x08002331   Thumb Code   104  gt30l32s4w.o(i.GB2312_32X32_ADDR)
    GB2312_6X12_ADDR                         0x0800239d   Thumb Code    84  gt30l32s4w.o(i.GB2312_6X12_ADDR)
    GB2312_8X16_ADDR                         0x080023f5   Thumb Code    76  gt30l32s4w.o(i.GB2312_8X16_ADDR)
    GB2312_Addr_Tans                         0x08002445   Thumb Code    96  gt30l32s4w.o(i.GB2312_Addr_Tans)
    GPIO_EXTILineConfig                      0x080024a5   Thumb Code    60  stm32f10x_gpio.o(i.GPIO_EXTILineConfig)
    GPIO_Init                                0x080024e5   Thumb Code   278  stm32f10x_gpio.o(i.GPIO_Init)
    GPIO_PinRemapConfig                      0x080025fd   Thumb Code   138  stm32f10x_gpio.o(i.GPIO_PinRemapConfig)
    GPIO_ReadInputDataBit                    0x0800268d   Thumb Code    18  stm32f10x_gpio.o(i.GPIO_ReadInputDataBit)
    GPIO_ResetBits                           0x0800269f   Thumb Code     4  stm32f10x_gpio.o(i.GPIO_ResetBits)
    GPIO_SetBits                             0x080026a3   Thumb Code     4  stm32f10x_gpio.o(i.GPIO_SetBits)
    GPIO_WriteBit                            0x080026a7   Thumb Code    10  stm32f10x_gpio.o(i.GPIO_WriteBit)
    GT30L32S4W_Init                          0x080026b1   Thumb Code    30  gt30l32s4w.o(i.GT30L32S4W_Init)
    GT30L32S4W_Read                          0x080026d5   Thumb Code   166  gt30l32s4w.o(i.GT30L32S4W_Read)
    HardFault_Handler                        0x08002781   Thumb Code    10  stm32f10x_it.o(i.HardFault_Handler)
    ILI9486_clear_screen                     0x080027a1   Thumb Code    58  ili9486.o(i.ILI9486_clear_screen)
    ILI9486_draw_line                        0x080027e1   Thumb Code   160  ili9486.o(i.ILI9486_draw_line)
    ILI9486_draw_rectangle                   0x08002881   Thumb Code    84  ili9486.o(i.ILI9486_draw_rectangle)
    ILI9486_open_window                      0x080028d5   Thumb Code   102  ili9486.o(i.ILI9486_open_window)
    ILI9486_putpixel                         0x0800293d   Thumb Code    82  ili9486.o(i.ILI9486_putpixel)
    ILI9486_showchar_Ch                      0x08002995   Thumb Code   210  ili9486.o(i.ILI9486_showchar_Ch)
    ILI9486_showchar_En                      0x08002a67   Thumb Code   196  ili9486.o(i.ILI9486_showchar_En)
    ILI9486_showstring_Ch                    0x08002b2d   Thumb Code   186  ili9486.o(i.ILI9486_showstring_Ch)
    ILI9486_showstring_En                    0x08002bf1   Thumb Code   164  ili9486.o(i.ILI9486_showstring_En)
    ILI9486_tftlcd_gpio_config               0x08002c9d   Thumb Code   124  ili9486.o(i.ILI9486_tftlcd_gpio_config)
    ILI9486_tftlcd_init                      0x08002d1d   Thumb Code   426  ili9486.o(i.ILI9486_tftlcd_init)
    ILI9486_write_cmd                        0x08002ed1   Thumb Code    36  ili9486.o(i.ILI9486_write_cmd)
    ILI9486_write_cmd_data                   0x08002ef9   Thumb Code    36  ili9486.o(i.ILI9486_write_cmd_data)
    ILI9486_write_data                       0x08002f21   Thumb Code    52  ili9486.o(i.ILI9486_write_data)
    IWDG_Enable                              0x08002f59   Thumb Code    10  stm32f10x_iwdg.o(i.IWDG_Enable)
    IWDG_ReloadCounter                       0x08002f69   Thumb Code    10  stm32f10x_iwdg.o(i.IWDG_ReloadCounter)
    IWDG_SetPrescaler                        0x08002f79   Thumb Code     6  stm32f10x_iwdg.o(i.IWDG_SetPrescaler)
    IWDG_SetReload                           0x08002f85   Thumb Code     6  stm32f10x_iwdg.o(i.IWDG_SetReload)
    IWDG_WriteAccessCmd                      0x08002fa1   Thumb Code     6  stm32f10x_iwdg.o(i.IWDG_WriteAccessCmd)
    InitializePrint                          0x08002fad   Thumb Code    22  dp_print_lib.o(i.InitializePrint)
    Key_Init                                 0x08002fe9   Thumb Code    78  bsp_key.o(i.Key_Init)
    Key_Scan                                 0x0800303d   Thumb Code   194  bsp_key.o(i.Key_Scan)
    Lap_Test_Menu                            0x08003109   Thumb Code   138  bsp_interface.o(i.Lap_Test_Menu)
    MainMenu                                 0x080031d9   Thumb Code   310  bsp_interface.o(i.MainMenu)
    MemManage_Handler                        0x080033b1   Thumb Code     4  stm32f10x_it.o(i.MemManage_Handler)
    Multi_slave_function_interface           0x080033b5   Thumb Code   300  bsp_interface.o(i.Multi_slave_function_interface)
    NMI_Handler                              0x08003569   Thumb Code     2  stm32f10x_it.o(i.NMI_Handler)
    NVIC_Init                                0x0800356d   Thumb Code   100  misc.o(i.NVIC_Init)
    NVIC_PriorityGroupConfig                 0x080035dd   Thumb Code    10  misc.o(i.NVIC_PriorityGroupConfig)
    Page_Down                                0x080035f1   Thumb Code   552  bsp_interface.o(i.Page_Down)
    Page_Up                                  0x08003845   Thumb Code   578  bsp_interface.o(i.Page_Up)
    Print_ASCII                              0x08003ab5   Thumb Code    22  dp_print_lib.o(i.Print_ASCII)
    RCC_APB1PeriphClockCmd                   0x08003acd   Thumb Code    26  stm32f10x_rcc.o(i.RCC_APB1PeriphClockCmd)
    RCC_APB1PeriphResetCmd                   0x08003aed   Thumb Code    26  stm32f10x_rcc.o(i.RCC_APB1PeriphResetCmd)
    RCC_APB2PeriphClockCmd                   0x08003b0d   Thumb Code    26  stm32f10x_rcc.o(i.RCC_APB2PeriphClockCmd)
    RCC_APB2PeriphResetCmd                   0x08003b2d   Thumb Code    26  stm32f10x_rcc.o(i.RCC_APB2PeriphResetCmd)
    RCC_GetClocksFreq                        0x08003b4d   Thumb Code   192  stm32f10x_rcc.o(i.RCC_GetClocksFreq)
    Ready_Fun                                0x08003c21   Thumb Code    84  bsp_button.o(i.Ready_Fun)
    SPI_Cmd                                  0x08003c8d   Thumb Code    24  stm32f10x_spi.o(i.SPI_Cmd)
    SPI_Config                               0x08003ca5   Thumb Code    76  bsp_spi.o(i.SPI_Config)
    SPI_GPIO_Config                          0x08003cf5   Thumb Code   104  bsp_spi.o(i.SPI_GPIO_Config)
    SPI_I2S_GetFlagStatus                    0x08003d61   Thumb Code    18  stm32f10x_spi.o(i.SPI_I2S_GetFlagStatus)
    SPI_I2S_ReceiveData                      0x08003d73   Thumb Code     6  stm32f10x_spi.o(i.SPI_I2S_ReceiveData)
    SPI_I2S_SendData                         0x08003d79   Thumb Code     4  stm32f10x_spi.o(i.SPI_I2S_SendData)
    SPI_ILI9486_Init                         0x08003d7d   Thumb Code    12  bsp_spi.o(i.SPI_ILI9486_Init)
    SPI_Init                                 0x08003d89   Thumb Code    60  stm32f10x_spi.o(i.SPI_Init)
    SPI_SendByte                             0x08003dc5   Thumb Code   110  bsp_spi.o(i.SPI_SendByte)
    SelChineseChar                           0x08003e7d   Thumb Code    26  dp_print_lib.o(i.SelChineseChar)
    Show_AcceleratedRecords                  0x08003f85   Thumb Code   358  bsp_interface.o(i.Show_AcceleratedRecords)
    Show_Data                                0x08004139   Thumb Code   142  bsp_interface.o(i.Show_Data)
    Show_LapRecords                          0x080041c9   Thumb Code   368  bsp_interface.o(i.Show_LapRecords)
    Slaver_Check_Interface                   0x08004385   Thumb Code    66  bsp_interface.o(i.Slaver_Check_Interface)
    SysTick_CLKSourceConfig                  0x080043e9   Thumb Code    40  misc.o(i.SysTick_CLKSourceConfig)
    SysTick_Handler                          0x08004411   Thumb Code    16  stm32f10x_it.o(i.SysTick_Handler)
    SystemInit                               0x08004421   Thumb Code    78  system_stm32f10x.o(i.SystemInit)
    TIM1_UP_IRQHandler                       0x08004481   Thumb Code    90  stm32f10x_it.o(i.TIM1_UP_IRQHandler)
    TIM2_IRQHandler                          0x080044f1   Thumb Code    60  stm32f10x_it.o(i.TIM2_IRQHandler)
    TIM3_IRQHandler                          0x08004531   Thumb Code    50  stm32f10x_it.o(i.TIM3_IRQHandler)
    TIM4_IRQHandler                          0x0800456d   Thumb Code    32  stm32f10x_it.o(i.TIM4_IRQHandler)
    TIMER1_Init                              0x08004595   Thumb Code   126  bsp_timer.o(i.TIMER1_Init)
    TIMER2_Init                              0x0800461d   Thumb Code   102  bsp_timer.o(i.TIMER2_Init)
    TIMER3_Init                              0x08004685   Thumb Code    98  bsp_timer.o(i.TIMER3_Init)
    TIMER4_Init                              0x080046ed   Thumb Code    98  bsp_timer.o(i.TIMER4_Init)
    TIM_ClearITPendingBit                    0x08004755   Thumb Code     6  stm32f10x_tim.o(i.TIM_ClearITPendingBit)
    TIM_Cmd                                  0x0800475b   Thumb Code    24  stm32f10x_tim.o(i.TIM_Cmd)
    TIM_GetITStatus                          0x08004773   Thumb Code    34  stm32f10x_tim.o(i.TIM_GetITStatus)
    TIM_ITConfig                             0x08004795   Thumb Code    18  stm32f10x_tim.o(i.TIM_ITConfig)
    TIM_SetCounter                           0x080047a7   Thumb Code     4  stm32f10x_tim.o(i.TIM_SetCounter)
    TIM_TimeBaseInit                         0x080047ad   Thumb Code   122  stm32f10x_tim.o(i.TIM_TimeBaseInit)
    Timer1_Off                               0x0800489d   Thumb Code    20  bsp_timer.o(i.Timer1_Off)
    Timer1_Open                              0x080048b5   Thumb Code    26  bsp_timer.o(i.Timer1_Open)
    Timer3_Off                               0x080048d9   Thumb Code    20  bsp_timer.o(i.Timer3_Off)
    Timer3_Open                              0x080048f1   Thumb Code    20  bsp_timer.o(i.Timer3_Open)
    UART_SendByte                            0x08004909   Thumb Code    22  dp_print_lib.o(i.UART_SendByte)
    USART2_IRQHandler                        0x08004b29   Thumb Code    72  stm32f10x_it.o(i.USART2_IRQHandler)
    USART_ClearFlag                          0x08004b7d   Thumb Code    18  stm32f10x_usart.o(i.USART_ClearFlag)
    USART_ClearITPendingBit                  0x08004b8f   Thumb Code    30  stm32f10x_usart.o(i.USART_ClearITPendingBit)
    USART_Cmd                                0x08004bad   Thumb Code    24  stm32f10x_usart.o(i.USART_Cmd)
    USART_DeInit                             0x08004bc5   Thumb Code   134  stm32f10x_usart.o(i.USART_DeInit)
    USART_GetITStatus                        0x08004c61   Thumb Code    84  stm32f10x_usart.o(i.USART_GetITStatus)
    USART_ITConfig                           0x08004cb5   Thumb Code    74  stm32f10x_usart.o(i.USART_ITConfig)
    USART_Init                               0x08004d01   Thumb Code   210  stm32f10x_usart.o(i.USART_Init)
    USART_ReceiveData                        0x08004dd9   Thumb Code    10  stm32f10x_usart.o(i.USART_ReceiveData)
    USART_SendData                           0x08004de3   Thumb Code     8  stm32f10x_usart.o(i.USART_SendData)
    UsageFault_Handler                       0x08004f25   Thumb Code     4  stm32f10x_it.o(i.UsageFault_Handler)
    View_Fun                                 0x08005125   Thumb Code    68  bsp_button.o(i.View_Fun)
    WWDG_Config                              0x08005171   Thumb Code    36  bsp_iwdg.o(i.WWDG_Config)
    __0printf                                0x08005195   Thumb Code    22  printfa.o(i.__0printf)
    __1printf                                0x08005195   Thumb Code     0  printfa.o(i.__0printf)
    __2printf                                0x08005195   Thumb Code     0  printfa.o(i.__0printf)
    __c89printf                              0x08005195   Thumb Code     0  printfa.o(i.__0printf)
    printf                                   0x08005195   Thumb Code     0  printfa.o(i.__0printf)
    __0sprintf                               0x080051b5   Thumb Code    34  printfa.o(i.__0sprintf)
    __1sprintf                               0x080051b5   Thumb Code     0  printfa.o(i.__0sprintf)
    __2sprintf                               0x080051b5   Thumb Code     0  printfa.o(i.__0sprintf)
    __c89sprintf                             0x080051b5   Thumb Code     0  printfa.o(i.__0sprintf)
    sprintf                                  0x080051b5   Thumb Code     0  printfa.o(i.__0sprintf)
    __scatterload_copy                       0x080051dd   Thumb Code    14  handlers.o(i.__scatterload_copy)
    __scatterload_null                       0x080051eb   Thumb Code     2  handlers.o(i.__scatterload_null)
    __scatterload_zeroinit                   0x080051ed   Thumb Code    14  handlers.o(i.__scatterload_zeroinit)
    delay_us                                 0x08005a91   Thumb Code    68  bsp_delay.o(i.delay_us)
    delay_xms                                0x08005ad9   Thumb Code    24  bsp_delay.o(i.delay_xms)
    fputc                                    0x08005af1   Thumb Code    24  bsp_usart.o(i.fputc)
    main                                     0x08005b0d   Thumb Code    62  main.o(i.main)
    print_And_Line                           0x08005b99   Thumb Code    10  dp_print_lib.o(i.print_And_Line)
    pvPortMalloc                             0x0800614d   Thumb Code   188  heap_4.o(i.pvPortMalloc)
    pxPortInitialiseStack                    0x0800621d   Thumb Code    30  port.o(i.pxPortInitialiseStack)
    select_lines                             0x08006241   Thumb Code    22  dp_print_lib.o(i.select_lines)
    uart1_init                               0x08006259   Thumb Code   112  bsp_usart.o(i.uart1_init)
    uart2_init                               0x080062d1   Thumb Code   180  bsp_usart.o(i.uart2_init)
    uart3_init                               0x0800638d   Thumb Code   124  bsp_usart.o(i.uart3_init)
    uxListRemove                             0x08006411   Thumb Code    40  list.o(i.uxListRemove)
    uxTaskResetEventItemValue                0x08006439   Thumb Code    24  tasks.o(i.uxTaskResetEventItemValue)
    vApplicationGetIdleTaskMemory            0x08006455   Thumb Code    14  main.o(i.vApplicationGetIdleTaskMemory)
    vListInitialise                          0x0800646d   Thumb Code    26  list.o(i.vListInitialise)
    vListInitialiseItem                      0x08006487   Thumb Code     6  list.o(i.vListInitialiseItem)
    vListInsert                              0x0800648d   Thumb Code    52  list.o(i.vListInsert)
    vListInsertEnd                           0x080064c1   Thumb Code    24  list.o(i.vListInsertEnd)
    vPortEnterCritical                       0x080064d9   Thumb Code    30  port.o(i.vPortEnterCritical)
    vPortExitCritical                        0x080064fd   Thumb Code    28  port.o(i.vPortExitCritical)
    vPortFree                                0x0800651d   Thumb Code    64  heap_4.o(i.vPortFree)
    vPortSetupTimerInterrupt                 0x08006565   Thumb Code    14  port.o(i.vPortSetupTimerInterrupt)
    vTaskDelay                               0x08006579   Thumb Code    46  tasks.o(i.vTaskDelay)
    vTaskDelete                              0x080065ad   Thumb Code   166  tasks.o(i.vTaskDelete)
    vTaskMissedYield                         0x08006679   Thumb Code     8  tasks.o(i.vTaskMissedYield)
    vTaskPlaceOnEventList                    0x08006685   Thumb Code    28  tasks.o(i.vTaskPlaceOnEventList)
    vTaskPlaceOnUnorderedEventList           0x080066a5   Thumb Code    40  tasks.o(i.vTaskPlaceOnUnorderedEventList)
    vTaskSetTimeOutState                     0x080066d1   Thumb Code    14  tasks.o(i.vTaskSetTimeOutState)
    vTaskStartScheduler                      0x080066e9   Thumb Code   114  tasks.o(i.vTaskStartScheduler)
    vTaskSuspendAll                          0x0800677d   Thumb Code    12  tasks.o(i.vTaskSuspendAll)
    vTaskSwitchContext                       0x0800678d   Thumb Code    76  tasks.o(i.vTaskSwitchContext)
    xEventGroupClearBits                     0x080067ed   Thumb Code    32  event_groups.o(i.xEventGroupClearBits)
    xEventGroupCreate                        0x0800680d   Thumb Code    30  event_groups.o(i.xEventGroupCreate)
    xEventGroupSetBits                       0x0800682b   Thumb Code   146  event_groups.o(i.xEventGroupSetBits)
    xEventGroupWaitBits                      0x080068bd   Thumb Code   194  event_groups.o(i.xEventGroupWaitBits)
    xPortStartScheduler                      0x08006985   Thumb Code    42  port.o(i.xPortStartScheduler)
    xPortSysTickHandler                      0x080069b9   Thumb Code    46  port.o(i.xPortSysTickHandler)
    xQueueGenericCreate                      0x080069ed   Thumb Code    62  queue.o(i.xQueueGenericCreate)
    xQueueGenericReceive                     0x08006a2d   Thumb Code   312  queue.o(i.xQueueGenericReceive)
    xQueueGenericReset                       0x08006b69   Thumb Code   122  queue.o(i.xQueueGenericReset)
    xQueueGenericSend                        0x08006be9   Thumb Code   276  queue.o(i.xQueueGenericSend)
    xQueueGiveFromISR                        0x08006d01   Thumb Code   120  queue.o(i.xQueueGiveFromISR)
    xTaskCheckForTimeOut                     0x08006d79   Thumb Code    84  tasks.o(i.xTaskCheckForTimeOut)
    xTaskCreate                              0x08006dd5   Thumb Code   100  tasks.o(i.xTaskCreate)
    xTaskCreateStatic                        0x08006e39   Thumb Code    78  tasks.o(i.xTaskCreateStatic)
    xTaskGetSchedulerState                   0x08006e89   Thumb Code    24  tasks.o(i.xTaskGetSchedulerState)
    xTaskIncrementTick                       0x08006ea9   Thumb Code   238  tasks.o(i.xTaskIncrementTick)
    xTaskRemoveFromEventList                 0x08006fc5   Thumb Code   104  tasks.o(i.xTaskRemoveFromEventList)
    xTaskRemoveFromUnorderedEventList        0x08007045   Thumb Code    94  tasks.o(i.xTaskRemoveFromUnorderedEventList)
    xTaskResumeAll                           0x080070b5   Thumb Code   196  tasks.o(i.xTaskResumeAll)
    Region$$Table$$Base                      0x0800719c   Number         0  anon$$obj.o(Region$$Table)
    Region$$Table$$Limit                     0x080071bc   Number         0  anon$$obj.o(Region$$Table)
    EventGroupHandler                        0x20000014   Data           4  main.o(.data)
    BinarySem1_Handle                        0x20000018   Data           4  main.o(.data)
    BinarySem2_Handle                        0x2000001c   Data           4  main.o(.data)
    BinarySem3_Handle                        0x20000020   Data           4  main.o(.data)
    Lap_stflag                               0x20000048   Data           1  main.o(.data)
    Connection_count                         0x20000049   Data           1  main.o(.data)
    bxflag                                   0x2000004a   Data           1  main.o(.data)
    Showhigh                                 0x2000004c   Data           2  main.o(.data)
    Data1_Count                              0x2000004e   Data           2  main.o(.data)
    Data2_Count                              0x20000050   Data           2  main.o(.data)
    slaver_flag                              0x20000052   Data           1  main.o(.data)
    slaver_count                             0x20000053   Data           1  main.o(.data)
    EM5820_flag                              0x20000054   Data           1  main.o(.data)
    first_Print_flag                         0x20000055   Data           1  main.o(.data)
    Cur_Data                                 0x20000058   Data           4  main.o(.data)
    buchang_timesz                           0x2000005c   Data           4  main.o(.data)
    buchang_time                             0x20000064   Data           4  stm32f10x_it.o(.data)
    Time3value                               0x20000068   Data           4  stm32f10x_it.o(.data)
    Time1value                               0x2000006c   Data           2  stm32f10x_it.o(.data)
    Timer1flag                               0x2000006e   Data           1  stm32f10x_it.o(.data)
    EXTIX_Flag                               0x2000006f   Data           1  stm32f10x_it.o(.data)
    CPU_RunTime                              0x20000070   Data           4  stm32f10x_it.o(.data)
    Page_Start                               0x2000007c   Data           2  bsp_interface.o(.data)
    Data1_Seek                               0x2000007e   Data           2  bsp_interface.o(.data)
    Data2_Seek                               0x20000080   Data           2  bsp_interface.o(.data)
    SelectFlag                               0x20000082   Data           1  bsp_interface.o(.data)
    InterfaceFlag                            0x20000083   Data           1  bsp_interface.o(.data)
    screen_x_length                          0x20000084   Data           2  ili9486.o(.data)
    screen_y_length                          0x20000086   Data           2  ili9486.o(.data)
    pxCurrentTCB                             0x20000098   Data           4  tasks.o(.data)
    __stdout                                 0x200000f0   Data           4  stdout.o(.data)
    DataBuffer1                              0x20000b64   Data        2048  main.o(.bss)
    DataBuffer2                              0x20001364   Data        2048  main.o(.bss)
    timer_slave                              0x20001b64   Data          12  main.o(.bss)
    timer_slaver_num                         0x20001b70   Data          12  main.o(.bss)
    Exti_Data                                0x20001b7c   Data          12  main.o(.bss)
    button                                   0x20001b88   Data         180  bsp_button.o(.bss)
    __initial_sp                             0x20004d20   Data           0  startup_stm32f10x_md.o(STACK)



==============================================================================

Memory Map of the image

  Image Entry point : 0x080000ed

  Load Region LR_IROM1 (Base: 0x08000000, Size: 0x000072b0, Max: 0x00010000, ABSOLUTE)

    Execution Region ER_IROM1 (Exec base: 0x08000000, Load base: 0x08000000, Size: 0x000071bc, Max: 0x00010000, ABSOLUTE)

    Exec Addr    Load Addr    Size         Type   Attr      Idx    E Section Name        Object

    0x08000000   0x08000000   0x000000ec   Data   RO            3    RESET               startup_stm32f10x_md.o
    0x080000ec   0x080000ec   0x00000000   Code   RO         5207  * .ARM.Collect$$$$00000000  mc_w.l(entry.o)
    0x080000ec   0x080000ec   0x00000004   Code   RO         5491    .ARM.Collect$$$$00000001  mc_w.l(entry2.o)
    0x080000f0   0x080000f0   0x00000004   Code   RO         5494    .ARM.Collect$$$$00000004  mc_w.l(entry5.o)
    0x080000f4   0x080000f4   0x00000000   Code   RO         5496    .ARM.Collect$$$$00000008  mc_w.l(entry7b.o)
    0x080000f4   0x080000f4   0x00000000   Code   RO         5498    .ARM.Collect$$$$0000000A  mc_w.l(entry8b.o)
    0x080000f4   0x080000f4   0x00000008   Code   RO         5499    .ARM.Collect$$$$0000000B  mc_w.l(entry9a.o)
    0x080000fc   0x080000fc   0x00000004   Code   RO         5506    .ARM.Collect$$$$0000000E  mc_w.l(entry12b.o)
    0x08000100   0x08000100   0x00000000   Code   RO         5501    .ARM.Collect$$$$0000000F  mc_w.l(entry10a.o)
    0x08000100   0x08000100   0x00000000   Code   RO         5503    .ARM.Collect$$$$00000011  mc_w.l(entry11a.o)
    0x08000100   0x08000100   0x00000004   Code   RO         5492    .ARM.Collect$$$$00002712  mc_w.l(entry2.o)
    0x08000104   0x08000104   0x00000096   Code   RO         5087    .emb_text           port.o
    0x0800019a   0x0800019a   0x00000002   PAD
    0x0800019c   0x0800019c   0x00000024   Code   RO            4    .text               startup_stm32f10x_md.o
    0x080001c0   0x080001c0   0x00000024   Code   RO         5210    .text               mc_w.l(memcpya.o)
    0x080001e4   0x080001e4   0x00000024   Code   RO         5212    .text               mc_w.l(memseta.o)
    0x08000208   0x08000208   0x0000007c   Code   RO         5477    .text               mf_w.l(fdiv.o)
    0x08000284   0x08000284   0x0000014e   Code   RO         5479    .text               mf_w.l(dadd.o)
    0x080003d2   0x080003d2   0x0000000a   Code   RO         5481    .text               mf_w.l(ffltui.o)
    0x080003dc   0x080003dc   0x00000026   Code   RO         5487    .text               mf_w.l(f2d.o)
    0x08000402   0x08000402   0x0000002c   Code   RO         5508    .text               mc_w.l(uidiv.o)
    0x0800042e   0x0800042e   0x00000062   Code   RO         5510    .text               mc_w.l(uldiv.o)
    0x08000490   0x08000490   0x0000001e   Code   RO         5512    .text               mc_w.l(llshl.o)
    0x080004ae   0x080004ae   0x00000024   Code   RO         5514    .text               mc_w.l(llsshr.o)
    0x080004d2   0x080004d2   0x00000000   Code   RO         5516    .text               mc_w.l(iusefp.o)
    0x080004d2   0x080004d2   0x0000006e   Code   RO         5517    .text               mf_w.l(fepilogue.o)
    0x08000540   0x08000540   0x000000ba   Code   RO         5519    .text               mf_w.l(depilogue.o)
    0x080005fa   0x080005fa   0x000000e4   Code   RO         5521    .text               mf_w.l(dmul.o)
    0x080006de   0x080006de   0x000000de   Code   RO         5523    .text               mf_w.l(ddiv.o)
    0x080007bc   0x080007bc   0x00000030   Code   RO         5525    .text               mf_w.l(dfixul.o)
    0x080007ec   0x080007ec   0x00000030   Code   RO         5527    .text               mf_w.l(cdrcmple.o)
    0x0800081c   0x0800081c   0x00000024   Code   RO         5529    .text               mc_w.l(init.o)
    0x08000840   0x08000840   0x00000020   Code   RO         5531    .text               mc_w.l(llushr.o)
    0x08000860   0x08000860   0x00000044   Code   RO         4181    i.AS32_GPIO_Config  as32-100-c.o
    0x080008a4   0x080008a4   0x0000001c   Code   RO         4182    i.AS32_Init         as32-100-c.o
    0x080008c0   0x080008c0   0x00000024   Code   RO         4064    i.ASCII_12X24_ADDR  gt30l32s4w.o
    0x080008e4   0x080008e4   0x00000020   Code   RO         4065    i.ASCII_16X32_ADDR  gt30l32s4w.o
    0x08000904   0x08000904   0x00000024   Code   RO         4066    i.ASCII_6X12_ADDR   gt30l32s4w.o
    0x08000928   0x08000928   0x00000020   Code   RO         4067    i.ASCII_8X16_ADDR   gt30l32s4w.o
    0x08000948   0x08000948   0x00000050   Code   RO         4068    i.ASCII_Addr_Tans   gt30l32s4w.o
    0x08000998   0x08000998   0x000004c4   Code   RO         3108    i.AppTaskCreate     main.o
    0x08000e5c   0x08000e5c   0x00000064   Code   RO         3109    i.BEEP_CheckoutTask  main.o
    0x08000ec0   0x08000ec0   0x00000038   Code   RO         4160    i.BEEP_GPIO_Config  bsp_beep.o
    0x08000ef8   0x08000ef8   0x00000018   Code   RO         4161    i.BEEP_Init         bsp_beep.o
    0x08000f10   0x08000f10   0x000000d0   Code   RO         3110    i.BSP_Init          main.o
    0x08000fe0   0x08000fe0   0x00000020   Code   RO         3683    i.Backtrack1_Fun    bsp_button.o
    0x08001000   0x08001000   0x000000d0   Code   RO         3684    i.Backtrack_Fun     bsp_button.o
    0x080010d0   0x080010d0   0x00000004   Code   RO         3373    i.BusFault_Handler  stm32f10x_it.o
    0x080010d4   0x080010d4   0x00000190   Code   RO         3685    i.Button_Dealing    bsp_button.o
    0x08001264   0x08001264   0x000000dc   Code   RO         3686    i.Button_Draw       bsp_button.o
    0x08001340   0x08001340   0x00000210   Code   RO         3687    i.Button_Init       bsp_button.o
    0x08001550   0x08001550   0x000000ac   Code   RO         3791    i.Connection_Count_Show  bsp_interface.o
    0x080015fc   0x080015fc   0x00000002   Code   RO         3374    i.DebugMon_Handler  stm32f10x_it.o
    0x080015fe   0x080015fe   0x00000002   PAD
    0x08001600   0x08001600   0x00000044   Code   RO         3506    i.Delay_Init        bsp_delay.o
    0x08001644   0x08001644   0x000001bc   Code   RO         3688    i.Determine_Fun     bsp_button.o
    0x08001800   0x08001800   0x00000138   Code   RO         3689    i.Down_Fun          bsp_button.o
    0x08001938   0x08001938   0x0000016c   Code   RO         3111    i.EM5820_Print_Task  main.o
    0x08001aa4   0x08001aa4   0x00000068   Code   RO         3375    i.EXTI9_5_IRQHandler  stm32f10x_it.o
    0x08001b0c   0x08001b0c   0x000002d4   Code   RO         3112    i.EXTIX_DealTask    main.o
    0x08001de0   0x08001de0   0x0000000c   Code   RO          895    i.EXTI_ClearITPendingBit  stm32f10x_exti.o
    0x08001dec   0x08001dec   0x00000028   Code   RO          899    i.EXTI_GetITStatus  stm32f10x_exti.o
    0x08001e14   0x08001e14   0x00000094   Code   RO          900    i.EXTI_Init         stm32f10x_exti.o
    0x08001ea8   0x08001ea8   0x00000018   Code   RO         3690    i.Empty_Fun         bsp_button.o
    0x08001ec0   0x08001ec0   0x000000e0   Code   RO         3792    i.Empty_Records     bsp_interface.o
    0x08001fa0   0x08001fa0   0x0000001c   Code   RO         3767    i.Exti_Close        bsp_exti.o
    0x08001fbc   0x08001fbc   0x00000074   Code   RO         3768    i.Exti_Init         bsp_exti.o
    0x08002030   0x08002030   0x0000001c   Code   RO         3769    i.Exti_Open         bsp_exti.o
    0x0800204c   0x0800204c   0x0000019c   Code   RO         3113    i.Face_SwitchTask   main.o
    0x080021e8   0x080021e8   0x00000068   Code   RO         4069    i.GB2312_12X12_ADDR  gt30l32s4w.o
    0x08002250   0x08002250   0x0000006c   Code   RO         4070    i.GB2312_15X16_ADDR  gt30l32s4w.o
    0x080022bc   0x080022bc   0x00000074   Code   RO         4071    i.GB2312_24X24_ADDR  gt30l32s4w.o
    0x08002330   0x08002330   0x0000006c   Code   RO         4072    i.GB2312_32X32_ADDR  gt30l32s4w.o
    0x0800239c   0x0800239c   0x00000058   Code   RO         4073    i.GB2312_6X12_ADDR  gt30l32s4w.o
    0x080023f4   0x080023f4   0x00000050   Code   RO         4074    i.GB2312_8X16_ADDR  gt30l32s4w.o
    0x08002444   0x08002444   0x00000060   Code   RO         4075    i.GB2312_Addr_Tans  gt30l32s4w.o
    0x080024a4   0x080024a4   0x00000040   Code   RO         1245    i.GPIO_EXTILineConfig  stm32f10x_gpio.o
    0x080024e4   0x080024e4   0x00000116   Code   RO         1248    i.GPIO_Init         stm32f10x_gpio.o
    0x080025fa   0x080025fa   0x00000002   PAD
    0x080025fc   0x080025fc   0x00000090   Code   RO         1250    i.GPIO_PinRemapConfig  stm32f10x_gpio.o
    0x0800268c   0x0800268c   0x00000012   Code   RO         1252    i.GPIO_ReadInputDataBit  stm32f10x_gpio.o
    0x0800269e   0x0800269e   0x00000004   Code   RO         1255    i.GPIO_ResetBits    stm32f10x_gpio.o
    0x080026a2   0x080026a2   0x00000004   Code   RO         1256    i.GPIO_SetBits      stm32f10x_gpio.o
    0x080026a6   0x080026a6   0x0000000a   Code   RO         1259    i.GPIO_WriteBit     stm32f10x_gpio.o
    0x080026b0   0x080026b0   0x00000024   Code   RO         4077    i.GT30L32S4W_Init   gt30l32s4w.o
    0x080026d4   0x080026d4   0x000000ac   Code   RO         4078    i.GT30L32S4W_Read   gt30l32s4w.o
    0x08002780   0x08002780   0x00000020   Code   RO         3376    i.HardFault_Handler  stm32f10x_it.o
    0x080027a0   0x080027a0   0x00000040   Code   RO         3874    i.ILI9486_clear_screen  ili9486.o
    0x080027e0   0x080027e0   0x000000a0   Code   RO         3878    i.ILI9486_draw_line  ili9486.o
    0x08002880   0x08002880   0x00000054   Code   RO         3879    i.ILI9486_draw_rectangle  ili9486.o
    0x080028d4   0x080028d4   0x00000066   Code   RO         3881    i.ILI9486_open_window  ili9486.o
    0x0800293a   0x0800293a   0x00000002   PAD
    0x0800293c   0x0800293c   0x00000058   Code   RO         3883    i.ILI9486_putpixel  ili9486.o
    0x08002994   0x08002994   0x000000d2   Code   RO         3888    i.ILI9486_showchar_Ch  ili9486.o
    0x08002a66   0x08002a66   0x000000c4   Code   RO         3889    i.ILI9486_showchar_En  ili9486.o
    0x08002b2a   0x08002b2a   0x00000002   PAD
    0x08002b2c   0x08002b2c   0x000000c4   Code   RO         3890    i.ILI9486_showstring_Ch  ili9486.o
    0x08002bf0   0x08002bf0   0x000000ac   Code   RO         3891    i.ILI9486_showstring_En  ili9486.o
    0x08002c9c   0x08002c9c   0x00000080   Code   RO         3892    i.ILI9486_tftlcd_gpio_config  ili9486.o
    0x08002d1c   0x08002d1c   0x000001b4   Code   RO         3893    i.ILI9486_tftlcd_init  ili9486.o
    0x08002ed0   0x08002ed0   0x00000028   Code   RO         3894    i.ILI9486_write_cmd  ili9486.o
    0x08002ef8   0x08002ef8   0x00000028   Code   RO         3895    i.ILI9486_write_cmd_data  ili9486.o
    0x08002f20   0x08002f20   0x00000038   Code   RO         3896    i.ILI9486_write_data  ili9486.o
    0x08002f58   0x08002f58   0x00000010   Code   RO         1560    i.IWDG_Enable       stm32f10x_iwdg.o
    0x08002f68   0x08002f68   0x00000010   Code   RO         1562    i.IWDG_ReloadCounter  stm32f10x_iwdg.o
    0x08002f78   0x08002f78   0x0000000c   Code   RO         1563    i.IWDG_SetPrescaler  stm32f10x_iwdg.o
    0x08002f84   0x08002f84   0x0000000c   Code   RO         1564    i.IWDG_SetReload    stm32f10x_iwdg.o
    0x08002f90   0x08002f90   0x00000010   Code   RO         3114    i.IWDG_Task         main.o
    0x08002fa0   0x08002fa0   0x0000000c   Code   RO         1565    i.IWDG_WriteAccessCmd  stm32f10x_iwdg.o
    0x08002fac   0x08002fac   0x0000001c   Code   RO         4221    i.InitializePrint   dp_print_lib.o
    0x08002fc8   0x08002fc8   0x0000001e   Code   RO         3115    i.KeyScan_Task      main.o
    0x08002fe6   0x08002fe6   0x00000002   PAD
    0x08002fe8   0x08002fe8   0x00000054   Code   RO         3661    i.Key_Init          bsp_key.o
    0x0800303c   0x0800303c   0x000000cc   Code   RO         3662    i.Key_Scan          bsp_key.o
    0x08003108   0x08003108   0x000000d0   Code   RO         3793    i.Lap_Test_Menu     bsp_interface.o
    0x080031d8   0x080031d8   0x000001d8   Code   RO         3794    i.MainMenu          bsp_interface.o
    0x080033b0   0x080033b0   0x00000004   Code   RO         3377    i.MemManage_Handler  stm32f10x_it.o
    0x080033b4   0x080033b4   0x000001b4   Code   RO         3795    i.Multi_slave_function_interface  bsp_interface.o
    0x08003568   0x08003568   0x00000002   Code   RO         3378    i.NMI_Handler       stm32f10x_it.o
    0x0800356a   0x0800356a   0x00000002   PAD
    0x0800356c   0x0800356c   0x00000070   Code   RO           10    i.NVIC_Init         misc.o
    0x080035dc   0x080035dc   0x00000014   Code   RO           11    i.NVIC_PriorityGroupConfig  misc.o
    0x080035f0   0x080035f0   0x00000254   Code   RO         3796    i.Page_Down         bsp_interface.o
    0x08003844   0x08003844   0x00000270   Code   RO         3797    i.Page_Up           bsp_interface.o
    0x08003ab4   0x08003ab4   0x00000016   Code   RO         4227    i.Print_ASCII       dp_print_lib.o
    0x08003aca   0x08003aca   0x00000002   PAD
    0x08003acc   0x08003acc   0x00000020   Code   RO         1664    i.RCC_APB1PeriphClockCmd  stm32f10x_rcc.o
    0x08003aec   0x08003aec   0x00000020   Code   RO         1665    i.RCC_APB1PeriphResetCmd  stm32f10x_rcc.o
    0x08003b0c   0x08003b0c   0x00000020   Code   RO         1666    i.RCC_APB2PeriphClockCmd  stm32f10x_rcc.o
    0x08003b2c   0x08003b2c   0x00000020   Code   RO         1667    i.RCC_APB2PeriphResetCmd  stm32f10x_rcc.o
    0x08003b4c   0x08003b4c   0x000000d4   Code   RO         1674    i.RCC_GetClocksFreq  stm32f10x_rcc.o
    0x08003c20   0x08003c20   0x0000006c   Code   RO         3691    i.Ready_Fun         bsp_button.o
    0x08003c8c   0x08003c8c   0x00000018   Code   RO         2143    i.SPI_Cmd           stm32f10x_spi.o
    0x08003ca4   0x08003ca4   0x00000050   Code   RO         4027    i.SPI_Config        bsp_spi.o
    0x08003cf4   0x08003cf4   0x0000006c   Code   RO         4028    i.SPI_GPIO_Config   bsp_spi.o
    0x08003d60   0x08003d60   0x00000012   Code   RO         2151    i.SPI_I2S_GetFlagStatus  stm32f10x_spi.o
    0x08003d72   0x08003d72   0x00000006   Code   RO         2154    i.SPI_I2S_ReceiveData  stm32f10x_spi.o
    0x08003d78   0x08003d78   0x00000004   Code   RO         2155    i.SPI_I2S_SendData  stm32f10x_spi.o
    0x08003d7c   0x08003d7c   0x0000000c   Code   RO         4029    i.SPI_ILI9486_Init  bsp_spi.o
    0x08003d88   0x08003d88   0x0000003c   Code   RO         2156    i.SPI_Init          stm32f10x_spi.o
    0x08003dc4   0x08003dc4   0x00000078   Code   RO         4030    i.SPI_SendByte      bsp_spi.o
    0x08003e3c   0x08003e3c   0x00000040   Code   RO         4031    i.SPI_TIMEOUT_UsertCallback  bsp_spi.o
    0x08003e7c   0x08003e7c   0x00000020   Code   RO         4228    i.SelChineseChar    dp_print_lib.o
    0x08003e9c   0x08003e9c   0x00000008   Code   RO         3074    i.SetSysClock       system_stm32f10x.o
    0x08003ea4   0x08003ea4   0x000000e0   Code   RO         3075    i.SetSysClockTo72   system_stm32f10x.o
    0x08003f84   0x08003f84   0x000001b4   Code   RO         3798    i.Show_AcceleratedRecords  bsp_interface.o
    0x08004138   0x08004138   0x0000008e   Code   RO         3799    i.Show_Data         bsp_interface.o
    0x080041c6   0x080041c6   0x00000002   PAD
    0x080041c8   0x080041c8   0x000001bc   Code   RO         3800    i.Show_LapRecords   bsp_interface.o
    0x08004384   0x08004384   0x00000064   Code   RO         3801    i.Slaver_Check_Interface  bsp_interface.o
    0x080043e8   0x080043e8   0x00000028   Code   RO           14    i.SysTick_CLKSourceConfig  misc.o
    0x08004410   0x08004410   0x00000010   Code   RO         3379    i.SysTick_Handler   stm32f10x_it.o
    0x08004420   0x08004420   0x00000060   Code   RO         3077    i.SystemInit        system_stm32f10x.o
    0x08004480   0x08004480   0x00000070   Code   RO         3380    i.TIM1_UP_IRQHandler  stm32f10x_it.o
    0x080044f0   0x080044f0   0x00000040   Code   RO         3381    i.TIM2_IRQHandler   stm32f10x_it.o
    0x08004530   0x08004530   0x0000003c   Code   RO         3382    i.TIM3_IRQHandler   stm32f10x_it.o
    0x0800456c   0x0800456c   0x00000028   Code   RO         3383    i.TIM4_IRQHandler   stm32f10x_it.o
    0x08004594   0x08004594   0x00000088   Code   RO         3582    i.TIMER1_Init       bsp_timer.o
    0x0800461c   0x0800461c   0x00000066   Code   RO         3583    i.TIMER2_Init       bsp_timer.o
    0x08004682   0x08004682   0x00000002   PAD
    0x08004684   0x08004684   0x00000068   Code   RO         3584    i.TIMER3_Init       bsp_timer.o
    0x080046ec   0x080046ec   0x00000068   Code   RO         3585    i.TIMER4_Init       bsp_timer.o
    0x08004754   0x08004754   0x00000006   Code   RO         2293    i.TIM_ClearITPendingBit  stm32f10x_tim.o
    0x0800475a   0x0800475a   0x00000018   Code   RO         2298    i.TIM_Cmd           stm32f10x_tim.o
    0x08004772   0x08004772   0x00000022   Code   RO         2319    i.TIM_GetITStatus   stm32f10x_tim.o
    0x08004794   0x08004794   0x00000012   Code   RO         2323    i.TIM_ITConfig      stm32f10x_tim.o
    0x080047a6   0x080047a6   0x00000004   Code   RO         2363    i.TIM_SetCounter    stm32f10x_tim.o
    0x080047aa   0x080047aa   0x00000002   PAD
    0x080047ac   0x080047ac   0x000000a4   Code   RO         2369    i.TIM_TimeBaseInit  stm32f10x_tim.o
    0x08004850   0x08004850   0x0000004c   Code   RO         3116    i.TestData_Save     main.o
    0x0800489c   0x0800489c   0x00000018   Code   RO         3586    i.Timer1_Off        bsp_timer.o
    0x080048b4   0x080048b4   0x00000024   Code   RO         3587    i.Timer1_Open       bsp_timer.o
    0x080048d8   0x080048d8   0x00000018   Code   RO         3590    i.Timer3_Off        bsp_timer.o
    0x080048f0   0x080048f0   0x00000018   Code   RO         3591    i.Timer3_Open       bsp_timer.o
    0x08004908   0x08004908   0x0000001c   Code   RO         4256    i.UART_SendByte     dp_print_lib.o
    0x08004924   0x08004924   0x00000204   Code   RO         3117    i.USART2_DealTask   main.o
    0x08004b28   0x08004b28   0x00000054   Code   RO         3384    i.USART2_IRQHandler  stm32f10x_it.o
    0x08004b7c   0x08004b7c   0x00000012   Code   RO         2830    i.USART_ClearFlag   stm32f10x_usart.o
    0x08004b8e   0x08004b8e   0x0000001e   Code   RO         2831    i.USART_ClearITPendingBit  stm32f10x_usart.o
    0x08004bac   0x08004bac   0x00000018   Code   RO         2834    i.USART_Cmd         stm32f10x_usart.o
    0x08004bc4   0x08004bc4   0x0000009c   Code   RO         2836    i.USART_DeInit      stm32f10x_usart.o
    0x08004c60   0x08004c60   0x00000054   Code   RO         2838    i.USART_GetITStatus  stm32f10x_usart.o
    0x08004cb4   0x08004cb4   0x0000004a   Code   RO         2840    i.USART_ITConfig    stm32f10x_usart.o
    0x08004cfe   0x08004cfe   0x00000002   PAD
    0x08004d00   0x08004d00   0x000000d8   Code   RO         2841    i.USART_Init        stm32f10x_usart.o
    0x08004dd8   0x08004dd8   0x0000000a   Code   RO         2848    i.USART_ReceiveData  stm32f10x_usart.o
    0x08004de2   0x08004de2   0x00000008   Code   RO         2851    i.USART_SendData    stm32f10x_usart.o
    0x08004dea   0x08004dea   0x00000002   PAD
    0x08004dec   0x08004dec   0x00000138   Code   RO         3692    i.Up_Fun            bsp_button.o
    0x08004f24   0x08004f24   0x00000004   Code   RO         3385    i.UsageFault_Handler  stm32f10x_it.o
    0x08004f28   0x08004f28   0x000001fc   Code   RO         3118    i.Usart_Handle      main.o
    0x08005124   0x08005124   0x0000004c   Code   RO         3693    i.View_Fun          bsp_button.o
    0x08005170   0x08005170   0x00000024   Code   RO         4202    i.WWDG_Config       bsp_iwdg.o
    0x08005194   0x08005194   0x00000020   Code   RO         5449    i.__0printf         mc_w.l(printfa.o)
    0x080051b4   0x080051b4   0x00000028   Code   RO         5451    i.__0sprintf        mc_w.l(printfa.o)
    0x080051dc   0x080051dc   0x0000000e   Code   RO         5535    i.__scatterload_copy  mc_w.l(handlers.o)
    0x080051ea   0x080051ea   0x00000002   Code   RO         5536    i.__scatterload_null  mc_w.l(handlers.o)
    0x080051ec   0x080051ec   0x0000000e   Code   RO         5537    i.__scatterload_zeroinit  mc_w.l(handlers.o)
    0x080051fa   0x080051fa   0x00000002   PAD
    0x080051fc   0x080051fc   0x00000184   Code   RO         5456    i._fp_digits        mc_w.l(printfa.o)
    0x08005380   0x08005380   0x000006b4   Code   RO         5457    i._printf_core      mc_w.l(printfa.o)
    0x08005a34   0x08005a34   0x00000024   Code   RO         5458    i._printf_post_padding  mc_w.l(printfa.o)
    0x08005a58   0x08005a58   0x0000002e   Code   RO         5459    i._printf_pre_padding  mc_w.l(printfa.o)
    0x08005a86   0x08005a86   0x0000000a   Code   RO         5461    i._sputc            mc_w.l(printfa.o)
    0x08005a90   0x08005a90   0x00000048   Code   RO         3508    i.delay_us          bsp_delay.o
    0x08005ad8   0x08005ad8   0x00000018   Code   RO         3509    i.delay_xms         bsp_delay.o
    0x08005af0   0x08005af0   0x0000001c   Code   RO         3545    i.fputc             bsp_usart.o
    0x08005b0c   0x08005b0c   0x0000008c   Code   RO         3119    i.main              main.o
    0x08005b98   0x08005b98   0x0000000a   Code   RO         4259    i.print_And_Line    dp_print_lib.o
    0x08005ba2   0x08005ba2   0x00000002   PAD
    0x08005ba4   0x08005ba4   0x00000098   Code   RO         4787    i.prvAddCurrentTaskToDelayedList  tasks.o
    0x08005c3c   0x08005c3c   0x000000b4   Code   RO         4788    i.prvAddNewTaskToReadyList  tasks.o
    0x08005cf0   0x08005cf0   0x00000064   Code   RO         4789    i.prvCheckTasksWaitingTermination  tasks.o
    0x08005d54   0x08005d54   0x0000002a   Code   RO         4636    i.prvCopyDataFromQueue  queue.o
    0x08005d7e   0x08005d7e   0x0000006a   Code   RO         4637    i.prvCopyDataToQueue  queue.o
    0x08005de8   0x08005de8   0x00000028   Code   RO         4790    i.prvDeleteTCB      tasks.o
    0x08005e10   0x08005e10   0x0000007c   Code   RO         5158    i.prvHeapInit       heap_4.o
    0x08005e8c   0x08005e8c   0x00000028   Code   RO         4791    i.prvIdleTask       tasks.o
    0x08005eb4   0x08005eb4   0x00000026   Code   RO         4638    i.prvInitialiseNewQueue  queue.o
    0x08005eda   0x08005eda   0x00000080   Code   RO         4792    i.prvInitialiseNewTask  tasks.o
    0x08005f5a   0x08005f5a   0x00000002   PAD
    0x08005f5c   0x08005f5c   0x00000068   Code   RO         4793    i.prvInitialiseTaskLists  tasks.o
    0x08005fc4   0x08005fc4   0x00000068   Code   RO         5159    i.prvInsertBlockIntoFreeList  heap_4.o
    0x0800602c   0x0800602c   0x0000001a   Code   RO         4639    i.prvIsQueueEmpty   queue.o
    0x08006046   0x08006046   0x0000001e   Code   RO         4640    i.prvIsQueueFull    queue.o
    0x08006064   0x08006064   0x00000034   Code   RO         4794    i.prvResetNextTaskUnblockTime  tasks.o
    0x08006098   0x08006098   0x00000016   Code   RO         5088    i.prvTaskExitError  port.o
    0x080060ae   0x080060ae   0x0000001e   Code   RO         4501    i.prvTestWaitCondition  event_groups.o
    0x080060cc   0x080060cc   0x0000007e   Code   RO         4641    i.prvUnlockQueue    queue.o
    0x0800614a   0x0800614a   0x00000002   PAD
    0x0800614c   0x0800614c   0x000000d0   Code   RO         5160    i.pvPortMalloc      heap_4.o
    0x0800621c   0x0800621c   0x00000024   Code   RO         5089    i.pxPortInitialiseStack  port.o
    0x08006240   0x08006240   0x00000016   Code   RO         4260    i.select_lines      dp_print_lib.o
    0x08006256   0x08006256   0x00000002   PAD
    0x08006258   0x08006258   0x00000078   Code   RO         3546    i.uart1_init        bsp_usart.o
    0x080062d0   0x080062d0   0x000000bc   Code   RO         3547    i.uart2_init        bsp_usart.o
    0x0800638c   0x0800638c   0x00000084   Code   RO         3548    i.uart3_init        bsp_usart.o
    0x08006410   0x08006410   0x00000028   Code   RO         4599    i.uxListRemove      list.o
    0x08006438   0x08006438   0x0000001c   Code   RO         4800    i.uxTaskResetEventItemValue  tasks.o
    0x08006454   0x08006454   0x00000018   Code   RO         3120    i.vApplicationGetIdleTaskMemory  main.o
    0x0800646c   0x0800646c   0x0000001a   Code   RO         4600    i.vListInitialise   list.o
    0x08006486   0x08006486   0x00000006   Code   RO         4601    i.vListInitialiseItem  list.o
    0x0800648c   0x0800648c   0x00000034   Code   RO         4602    i.vListInsert       list.o
    0x080064c0   0x080064c0   0x00000018   Code   RO         4603    i.vListInsertEnd    list.o
    0x080064d8   0x080064d8   0x00000024   Code   RO         5091    i.vPortEnterCritical  port.o
    0x080064fc   0x080064fc   0x00000020   Code   RO         5092    i.vPortExitCritical  port.o
    0x0800651c   0x0800651c   0x00000048   Code   RO         5161    i.vPortFree         heap_4.o
    0x08006564   0x08006564   0x00000014   Code   RO         5093    i.vPortSetupTimerInterrupt  port.o
    0x08006578   0x08006578   0x00000034   Code   RO         4801    i.vTaskDelay        tasks.o
    0x080065ac   0x080065ac   0x000000cc   Code   RO         4803    i.vTaskDelete       tasks.o
    0x08006678   0x08006678   0x0000000c   Code   RO         4805    i.vTaskMissedYield  tasks.o
    0x08006684   0x08006684   0x00000020   Code   RO         4807    i.vTaskPlaceOnEventList  tasks.o
    0x080066a4   0x080066a4   0x0000002c   Code   RO         4808    i.vTaskPlaceOnUnorderedEventList  tasks.o
    0x080066d0   0x080066d0   0x00000018   Code   RO         4811    i.vTaskSetTimeOutState  tasks.o
    0x080066e8   0x080066e8   0x00000094   Code   RO         4812    i.vTaskStartScheduler  tasks.o
    0x0800677c   0x0800677c   0x00000010   Code   RO         4814    i.vTaskSuspendAll   tasks.o
    0x0800678c   0x0800678c   0x00000060   Code   RO         4815    i.vTaskSwitchContext  tasks.o
    0x080067ec   0x080067ec   0x00000020   Code   RO         4505    i.xEventGroupClearBits  event_groups.o
    0x0800680c   0x0800680c   0x0000001e   Code   RO         4506    i.xEventGroupCreate  event_groups.o
    0x0800682a   0x0800682a   0x00000092   Code   RO         4509    i.xEventGroupSetBits  event_groups.o
    0x080068bc   0x080068bc   0x000000c8   Code   RO         4511    i.xEventGroupWaitBits  event_groups.o
    0x08006984   0x08006984   0x00000034   Code   RO         5094    i.xPortStartScheduler  port.o
    0x080069b8   0x080069b8   0x00000034   Code   RO         5095    i.xPortSysTickHandler  port.o
    0x080069ec   0x080069ec   0x0000003e   Code   RO         4648    i.xQueueGenericCreate  queue.o
    0x08006a2a   0x08006a2a   0x00000002   PAD
    0x08006a2c   0x08006a2c   0x0000013c   Code   RO         4650    i.xQueueGenericReceive  queue.o
    0x08006b68   0x08006b68   0x00000080   Code   RO         4651    i.xQueueGenericReset  queue.o
    0x08006be8   0x08006be8   0x00000118   Code   RO         4652    i.xQueueGenericSend  queue.o
    0x08006d00   0x08006d00   0x00000078   Code   RO         4654    i.xQueueGiveFromISR  queue.o
    0x08006d78   0x08006d78   0x0000005c   Code   RO         4816    i.xTaskCheckForTimeOut  tasks.o
    0x08006dd4   0x08006dd4   0x00000064   Code   RO         4817    i.xTaskCreate       tasks.o
    0x08006e38   0x08006e38   0x0000004e   Code   RO         4818    i.xTaskCreateStatic  tasks.o
    0x08006e86   0x08006e86   0x00000002   PAD
    0x08006e88   0x08006e88   0x00000020   Code   RO         4821    i.xTaskGetSchedulerState  tasks.o
    0x08006ea8   0x08006ea8   0x0000011c   Code   RO         4824    i.xTaskIncrementTick  tasks.o
    0x08006fc4   0x08006fc4   0x00000080   Code   RO         4827    i.xTaskRemoveFromEventList  tasks.o
    0x08007044   0x08007044   0x00000070   Code   RO         4828    i.xTaskRemoveFromUnorderedEventList  tasks.o
    0x080070b4   0x080070b4   0x000000e8   Code   RO         4829    i.xTaskResumeAll    tasks.o
    0x0800719c   0x0800719c   0x00000020   Data   RO         5533    Region$$Table       anon$$obj.o


    Execution Region RW_IRAM1 (Exec base: 0x20000000, Load base: 0x080071bc, Size: 0x00004d20, Max: 0x00005000, ABSOLUTE)

    Exec Addr    Load Addr    Size         Type   Attr      Idx    E Section Name        Object

    0x20000000   0x080071bc   0x00000014   Data   RW         1694    .data               stm32f10x_rcc.o
    0x20000014   0x080071d0   0x00000050   Data   RW         3123    .data               main.o
    0x20000064   0x08007220   0x00000012   Data   RW         3386    .data               stm32f10x_it.o
    0x20000076   0x08007232   0x00000004   Data   RW         3510    .data               bsp_delay.o
    0x2000007a   0x08007236   0x00000001   Data   RW         3663    .data               bsp_key.o
    0x2000007b   0x08007237   0x00000001   PAD
    0x2000007c   0x08007238   0x00000008   Data   RW         3802    .data               bsp_interface.o
    0x20000084   0x08007240   0x0000000c   Data   RW         3897    .data               ili9486.o
    0x20000090   0x0800724c   0x00000004   Data   RW         4032    .data               bsp_spi.o
    0x20000094   0x08007250   0x00000001   Data   RW         4261    .data               dp_print_lib.o
    0x20000095   0x08007251   0x00000003   PAD
    0x20000098   0x08007254   0x0000003c   Data   RW         4832    .data               tasks.o
    0x200000d4   0x08007290   0x00000004   Data   RW         5096    .data               port.o
    0x200000d8   0x08007294   0x00000018   Data   RW         5166    .data               heap_4.o
    0x200000f0   0x080072ac   0x00000004   Data   RW         5507    .data               mc_w.l(stdout.o)
    0x200000f4        -       0x00001a94   Zero   RW         3122    .bss                main.o
    0x20001b88        -       0x000000b4   Zero   RW         3694    .bss                bsp_button.o
    0x20001c3c        -       0x000002e4   Zero   RW         4831    .bss                tasks.o
    0x20001f20        -       0x00002800   Zero   RW         5165    .bss                heap_4.o
    0x20004720        -       0x00000600   Zero   RW            1    STACK               startup_stm32f10x_md.o


==============================================================================

Image component sizes


      Code (inc. data)   RO Data    RW Data    ZI Data      Debug   Object Name

        96         12          0          0          0        963   as32-100-c.o
        80         12          0          0          0        939   bsp_beep.o
      2664        316          0          0        180       9290   bsp_button.o
       164         14          0          4          0       1956   bsp_delay.o
       172         12          0          0          0       1469   bsp_exti.o
      3854        730          0          8          0       9350   bsp_interface.o
        36          0          0          0          0        550   bsp_iwdg.o
       288         16          0          1          0       1162   bsp_key.o
       384         66          0          4          0       2781   bsp_spi.o
       554         44          0          0          0       4486   bsp_timer.o
       468         28          0          0          0       3755   bsp_usart.o
       142         18          0          1          0       3161   dp_print_lib.o
       438          6          0          0          0      21774   event_groups.o
      1124         64          0          0          0       8749   gt30l32s4w.o
       508         62          0         24      10240       3759   heap_4.o
      1972         68          0         12          0      11136   ili9486.o
       148          0          0          0          0       3086   list.o
      4338       1422          0         80       6804     233474   main.o
       172         22          0          0          0     263017   misc.o
       400         50          0          4          0       8784   port.o
      1274         14          0          0          0      10338   queue.o
        36          8        236          0       1536        852   startup_stm32f10x_md.o
       200         18          0          0          0       2240   stm32f10x_exti.o
       522         10          0          0          0       5936   stm32f10x_gpio.o
       528         94          0         18          0      19248   stm32f10x_it.o
        68         30          0          0          0       2610   stm32f10x_iwdg.o
       340         44          0         20          0       5784   stm32f10x_rcc.o
       112          0          0          0          0       4022   stm32f10x_spi.o
       250         42          0          0          0       4303   stm32f10x_tim.o
       620         28          0          0          0       7638   stm32f10x_usart.o
       328         28          0          0          0       1909   system_stm32f10x.o
      2510        392          0         60        740      35057   tasks.o

    ----------------------------------------------------------------------
     24828       3670        268        240      19500     693578   Object Totals
         0          0         32          0          0          0   (incl. Generated)
        38          0          0          4          0          0   (incl. Padding)

    ----------------------------------------------------------------------

      Code (inc. data)   RO Data    RW Data    ZI Data      Debug   Library Member Name

         0          0          0          0          0          0   entry.o
         0          0          0          0          0          0   entry10a.o
         0          0          0          0          0          0   entry11a.o
         4          0          0          0          0          0   entry12b.o
         8          4          0          0          0          0   entry2.o
         4          0          0          0          0          0   entry5.o
         0          0          0          0          0          0   entry7b.o
         0          0          0          0          0          0   entry8b.o
         8          4          0          0          0          0   entry9a.o
        30          0          0          0          0          0   handlers.o
        36          8          0          0          0         68   init.o
         0          0          0          0          0          0   iusefp.o
        30          0          0          0          0         68   llshl.o
        36          0          0          0          0         68   llsshr.o
        32          0          0          0          0         68   llushr.o
        36          0          0          0          0         68   memcpya.o
        36          0          0          0          0        108   memseta.o
      2268         96          0          0          0        616   printfa.o
         0          0          0          4          0          0   stdout.o
        44          0          0          0          0         80   uidiv.o
        98          0          0          0          0         92   uldiv.o
        48          0          0          0          0         68   cdrcmple.o
       334          0          0          0          0        148   dadd.o
       222          0          0          0          0        100   ddiv.o
       186          0          0          0          0        176   depilogue.o
        48          0          0          0          0         68   dfixul.o
       228          0          0          0          0         96   dmul.o
        38          0          0          0          0         68   f2d.o
       124          0          0          0          0         88   fdiv.o
       110          0          0          0          0        168   fepilogue.o
        10          0          0          0          0         68   ffltui.o

    ----------------------------------------------------------------------
      4020        112          0          4          0       2284   Library Totals
         2          0          0          0          0          0   (incl. Padding)

    ----------------------------------------------------------------------

      Code (inc. data)   RO Data    RW Data    ZI Data      Debug   Library Name

      2670        112          0          4          0       1236   mc_w.l
      1348          0          0          0          0       1048   mf_w.l

    ----------------------------------------------------------------------
      4020        112          0          4          0       2284   Library Totals

    ----------------------------------------------------------------------

==============================================================================


      Code (inc. data)   RO Data    RW Data    ZI Data      Debug   

     28848       3782        268        244      19500     683742   Grand Totals
     28848       3782        268        244      19500     683742   ELF Image Totals
     28848       3782        268        244          0          0   ROM Totals

==============================================================================

    Total RO  Size (Code + RO Data)                29116 (  28.43kB)
    Total RW  Size (RW Data + ZI Data)             19744 (  19.28kB)
    Total ROM Size (Code + RO Data + RW Data)      29360 (  28.67kB)

==============================================================================

