<!doctype html public "-//w3c//dtd html 4.0 transitional//en">
<html><head>
<title>Static Call Graph - [.\Objects\Timer_master_project.axf]</title></head>
<body><HR>
<H1>Static Call Graph for image .\Objects\Timer_master_project.axf</H1><HR>
<BR><P>#&#060CALLGRAPH&#062# ARM Linker, 5060960: Last Updated: Wed Feb 15 19:30:22 2023
<BR><P>
<H3>Maximum Stack Usage =        344 bytes + Unknown(Cycles, Untraceable Function Pointers)</H3><H3>
Call chain for Maximum Stack Depth:</H3>
Face_SwitchTask &rArr; Show_LapRecords &rArr; ILI9486_showstring_Ch &rArr; ILI9486_showchar_Ch &rArr; ILI9486_putpixel &rArr; ILI9486_write_data &rArr; SPI_SendByte &rArr; SPI_TIMEOUT_UsertCallback &rArr; __2printf
<P>
<H3>
Mutually Recursive functions
</H3> <LI><a href="#[1c]">ADC1_2_IRQHandler</a>&nbsp;&nbsp;&nbsp;&rArr;&nbsp;&nbsp;&nbsp;<a href="#[1c]">ADC1_2_IRQHandler</a><BR>
</UL>
<P>
<H3>
Function Pointers
</H3><UL>
 <LI><a href="#[1c]">ADC1_2_IRQHandler</a> from startup_stm32f10x_md.o(.text) referenced from startup_stm32f10x_md.o(RESET)
 <LI><a href="#[47]">AppTaskCreate</a> from main.o(i.AppTaskCreate) referenced from main.o(i.main)
 <LI><a href="#[44]">Backtrack1_Fun</a> from bsp_button.o(i.Backtrack1_Fun) referenced from bsp_button.o(i.Button_Init)
 <LI><a href="#[3e]">Backtrack_Fun</a> from bsp_button.o(i.Backtrack_Fun) referenced from bsp_button.o(i.Button_Init)
 <LI><a href="#[4]">BusFault_Handler</a> from stm32f10x_it.o(i.BusFault_Handler) referenced from startup_stm32f10x_md.o(RESET)
 <LI><a href="#[3c]">Button_Draw</a> from bsp_button.o(i.Button_Draw) referenced from bsp_button.o(i.Button_Init)
 <LI><a href="#[1f]">CAN1_RX1_IRQHandler</a> from startup_stm32f10x_md.o(.text) referenced from startup_stm32f10x_md.o(RESET)
 <LI><a href="#[20]">CAN1_SCE_IRQHandler</a> from startup_stm32f10x_md.o(.text) referenced from startup_stm32f10x_md.o(RESET)
 <LI><a href="#[15]">DMA1_Channel1_IRQHandler</a> from startup_stm32f10x_md.o(.text) referenced from startup_stm32f10x_md.o(RESET)
 <LI><a href="#[16]">DMA1_Channel2_IRQHandler</a> from startup_stm32f10x_md.o(.text) referenced from startup_stm32f10x_md.o(RESET)
 <LI><a href="#[17]">DMA1_Channel3_IRQHandler</a> from startup_stm32f10x_md.o(.text) referenced from startup_stm32f10x_md.o(RESET)
 <LI><a href="#[18]">DMA1_Channel4_IRQHandler</a> from startup_stm32f10x_md.o(.text) referenced from startup_stm32f10x_md.o(RESET)
 <LI><a href="#[19]">DMA1_Channel5_IRQHandler</a> from startup_stm32f10x_md.o(.text) referenced from startup_stm32f10x_md.o(RESET)
 <LI><a href="#[1a]">DMA1_Channel6_IRQHandler</a> from startup_stm32f10x_md.o(.text) referenced from startup_stm32f10x_md.o(RESET)
 <LI><a href="#[1b]">DMA1_Channel7_IRQHandler</a> from startup_stm32f10x_md.o(.text) referenced from startup_stm32f10x_md.o(RESET)
 <LI><a href="#[7]">DebugMon_Handler</a> from stm32f10x_it.o(i.DebugMon_Handler) referenced from startup_stm32f10x_md.o(RESET)
 <LI><a href="#[3d]">Determine_Fun</a> from bsp_button.o(i.Determine_Fun) referenced from bsp_button.o(i.Button_Init)
 <LI><a href="#[41]">Down_Fun</a> from bsp_button.o(i.Down_Fun) referenced from bsp_button.o(i.Button_Init)
 <LI><a href="#[10]">EXTI0_IRQHandler</a> from startup_stm32f10x_md.o(.text) referenced from startup_stm32f10x_md.o(RESET)
 <LI><a href="#[32]">EXTI15_10_IRQHandler</a> from startup_stm32f10x_md.o(.text) referenced from startup_stm32f10x_md.o(RESET)
 <LI><a href="#[11]">EXTI1_IRQHandler</a> from startup_stm32f10x_md.o(.text) referenced from startup_stm32f10x_md.o(RESET)
 <LI><a href="#[12]">EXTI2_IRQHandler</a> from startup_stm32f10x_md.o(.text) referenced from startup_stm32f10x_md.o(RESET)
 <LI><a href="#[13]">EXTI3_IRQHandler</a> from startup_stm32f10x_md.o(.text) referenced from startup_stm32f10x_md.o(RESET)
 <LI><a href="#[14]">EXTI4_IRQHandler</a> from startup_stm32f10x_md.o(.text) referenced from startup_stm32f10x_md.o(RESET)
 <LI><a href="#[21]">EXTI9_5_IRQHandler</a> from stm32f10x_it.o(i.EXTI9_5_IRQHandler) referenced from startup_stm32f10x_md.o(RESET)
 <LI><a href="#[39]">EXTIX_DealTask</a> from main.o(i.EXTIX_DealTask) referenced from main.o(i.AppTaskCreate)
 <LI><a href="#[43]">Empty_Fun</a> from bsp_button.o(i.Empty_Fun) referenced from bsp_button.o(i.Button_Init)
 <LI><a href="#[e]">FLASH_IRQHandler</a> from startup_stm32f10x_md.o(.text) referenced from startup_stm32f10x_md.o(RESET)
 <LI><a href="#[3b]">Face_SwitchTask</a> from main.o(i.Face_SwitchTask) referenced from main.o(i.AppTaskCreate)
 <LI><a href="#[2]">HardFault_Handler</a> from stm32f10x_it.o(i.HardFault_Handler) referenced from startup_stm32f10x_md.o(RESET)
 <LI><a href="#[2a]">I2C1_ER_IRQHandler</a> from startup_stm32f10x_md.o(.text) referenced from startup_stm32f10x_md.o(RESET)
 <LI><a href="#[29]">I2C1_EV_IRQHandler</a> from startup_stm32f10x_md.o(.text) referenced from startup_stm32f10x_md.o(RESET)
 <LI><a href="#[2c]">I2C2_ER_IRQHandler</a> from startup_stm32f10x_md.o(.text) referenced from startup_stm32f10x_md.o(RESET)
 <LI><a href="#[2b]">I2C2_EV_IRQHandler</a> from startup_stm32f10x_md.o(.text) referenced from startup_stm32f10x_md.o(RESET)
 <LI><a href="#[38]">KeyScan_Task</a> from main.o(i.KeyScan_Task) referenced from main.o(i.AppTaskCreate)
 <LI><a href="#[3]">MemManage_Handler</a> from stm32f10x_it.o(i.MemManage_Handler) referenced from startup_stm32f10x_md.o(RESET)
 <LI><a href="#[1]">NMI_Handler</a> from stm32f10x_it.o(i.NMI_Handler) referenced from startup_stm32f10x_md.o(RESET)
 <LI><a href="#[b]">PVD_IRQHandler</a> from startup_stm32f10x_md.o(.text) referenced from startup_stm32f10x_md.o(RESET)
 <LI><a href="#[8]">PendSV_Handler</a> from port.o(.emb_text) referenced from startup_stm32f10x_md.o(RESET)
 <LI><a href="#[f]">RCC_IRQHandler</a> from startup_stm32f10x_md.o(.text) referenced from startup_stm32f10x_md.o(RESET)
 <LI><a href="#[33]">RTCAlarm_IRQHandler</a> from startup_stm32f10x_md.o(.text) referenced from startup_stm32f10x_md.o(RESET)
 <LI><a href="#[d]">RTC_IRQHandler</a> from startup_stm32f10x_md.o(.text) referenced from startup_stm32f10x_md.o(RESET)
 <LI><a href="#[42]">Ready_Fun</a> from bsp_button.o(i.Ready_Fun) referenced from bsp_button.o(i.Button_Init)
 <LI><a href="#[0]">Reset_Handler</a> from startup_stm32f10x_md.o(.text) referenced from startup_stm32f10x_md.o(RESET)
 <LI><a href="#[2d]">SPI1_IRQHandler</a> from startup_stm32f10x_md.o(.text) referenced from startup_stm32f10x_md.o(RESET)
 <LI><a href="#[2e]">SPI2_IRQHandler</a> from startup_stm32f10x_md.o(.text) referenced from startup_stm32f10x_md.o(RESET)
 <LI><a href="#[6]">SVC_Handler</a> from port.o(.emb_text) referenced from startup_stm32f10x_md.o(RESET)
 <LI><a href="#[9]">SysTick_Handler</a> from stm32f10x_it.o(i.SysTick_Handler) referenced from startup_stm32f10x_md.o(RESET)
 <LI><a href="#[36]">SystemInit</a> from system_stm32f10x.o(i.SystemInit) referenced from startup_stm32f10x_md.o(.text)
 <LI><a href="#[c]">TAMPER_IRQHandler</a> from startup_stm32f10x_md.o(.text) referenced from startup_stm32f10x_md.o(RESET)
 <LI><a href="#[22]">TIM1_BRK_IRQHandler</a> from startup_stm32f10x_md.o(.text) referenced from startup_stm32f10x_md.o(RESET)
 <LI><a href="#[25]">TIM1_CC_IRQHandler</a> from startup_stm32f10x_md.o(.text) referenced from startup_stm32f10x_md.o(RESET)
 <LI><a href="#[24]">TIM1_TRG_COM_IRQHandler</a> from startup_stm32f10x_md.o(.text) referenced from startup_stm32f10x_md.o(RESET)
 <LI><a href="#[23]">TIM1_UP_IRQHandler</a> from stm32f10x_it.o(i.TIM1_UP_IRQHandler) referenced from startup_stm32f10x_md.o(RESET)
 <LI><a href="#[26]">TIM2_IRQHandler</a> from startup_stm32f10x_md.o(.text) referenced from startup_stm32f10x_md.o(RESET)
 <LI><a href="#[27]">TIM3_IRQHandler</a> from stm32f10x_it.o(i.TIM3_IRQHandler) referenced from startup_stm32f10x_md.o(RESET)
 <LI><a href="#[28]">TIM4_IRQHandler</a> from startup_stm32f10x_md.o(.text) referenced from startup_stm32f10x_md.o(RESET)
 <LI><a href="#[2f]">USART1_IRQHandler</a> from stm32f10x_it.o(i.USART1_IRQHandler) referenced from startup_stm32f10x_md.o(RESET)
 <LI><a href="#[3a]">USART2_DealTask</a> from main.o(i.USART2_DealTask) referenced from main.o(i.AppTaskCreate)
 <LI><a href="#[30]">USART2_IRQHandler</a> from startup_stm32f10x_md.o(.text) referenced from startup_stm32f10x_md.o(RESET)
 <LI><a href="#[31]">USART3_IRQHandler</a> from startup_stm32f10x_md.o(.text) referenced from startup_stm32f10x_md.o(RESET)
 <LI><a href="#[34]">USBWakeUp_IRQHandler</a> from startup_stm32f10x_md.o(.text) referenced from startup_stm32f10x_md.o(RESET)
 <LI><a href="#[1d]">USB_HP_CAN1_TX_IRQHandler</a> from startup_stm32f10x_md.o(.text) referenced from startup_stm32f10x_md.o(RESET)
 <LI><a href="#[1e]">USB_LP_CAN1_RX0_IRQHandler</a> from startup_stm32f10x_md.o(.text) referenced from startup_stm32f10x_md.o(RESET)
 <LI><a href="#[40]">Up_Fun</a> from bsp_button.o(i.Up_Fun) referenced from bsp_button.o(i.Button_Init)
 <LI><a href="#[5]">UsageFault_Handler</a> from stm32f10x_it.o(i.UsageFault_Handler) referenced from startup_stm32f10x_md.o(RESET)
 <LI><a href="#[3f]">View_Fun</a> from bsp_button.o(i.View_Fun) referenced from bsp_button.o(i.Button_Init)
 <LI><a href="#[a]">WWDG_IRQHandler</a> from startup_stm32f10x_md.o(.text) referenced from startup_stm32f10x_md.o(RESET)
 <LI><a href="#[37]">__main</a> from entry.o(.ARM.Collect$$$$00000000) referenced from startup_stm32f10x_md.o(.text)
 <LI><a href="#[46]">_sputc</a> from printf6.o(i._sputc) referenced from printf6.o(i.__0sprintf$6)
 <LI><a href="#[45]">fputc</a> from bsp_usart.o(i.fputc) referenced from printf6.o(i.__0printf$6)
 <LI><a href="#[35]">main</a> from main.o(i.main) referenced from entry9a.o(.ARM.Collect$$$$0000000B)
 <LI><a href="#[49]">prvIdleTask</a> from tasks.o(i.prvIdleTask) referenced from tasks.o(i.vTaskStartScheduler)
 <LI><a href="#[48]">prvTaskExitError</a> from port.o(i.prvTaskExitError) referenced from port.o(i.pxPortInitialiseStack)
</UL>
<P>
<H3>
Global Symbols
</H3>
<P><STRONG><a name="[37]"></a>__main</STRONG> (Thumb, 0 bytes, Stack size unknown bytes, entry.o(.ARM.Collect$$$$00000000))
<BR>[Address Reference Count : 1]<UL><LI> startup_stm32f10x_md.o(.text)
</UL>
<P><STRONG><a name="[f0]"></a>_main_stk</STRONG> (Thumb, 0 bytes, Stack size unknown bytes, entry2.o(.ARM.Collect$$$$00000001))

<P><STRONG><a name="[4a]"></a>_main_scatterload</STRONG> (Thumb, 0 bytes, Stack size unknown bytes, entry5.o(.ARM.Collect$$$$00000004))
<BR><BR>[Calls]<UL><LI><a href="#[4b]">&gt;&gt;</a>&nbsp;&nbsp;&nbsp;__scatterload
</UL>

<P><STRONG><a name="[50]"></a>__main_after_scatterload</STRONG> (Thumb, 0 bytes, Stack size unknown bytes, entry5.o(.ARM.Collect$$$$00000004))
<BR><BR>[Called By]<UL><LI><a href="#[4b]">&gt;&gt;</a>&nbsp;&nbsp;&nbsp;__scatterload
</UL>

<P><STRONG><a name="[f1]"></a>_main_clock</STRONG> (Thumb, 0 bytes, Stack size unknown bytes, entry7b.o(.ARM.Collect$$$$00000008))

<P><STRONG><a name="[f2]"></a>_main_cpp_init</STRONG> (Thumb, 0 bytes, Stack size unknown bytes, entry8b.o(.ARM.Collect$$$$0000000A))

<P><STRONG><a name="[f3]"></a>_main_init</STRONG> (Thumb, 0 bytes, Stack size unknown bytes, entry9a.o(.ARM.Collect$$$$0000000B))

<P><STRONG><a name="[f4]"></a>__rt_lib_shutdown_fini</STRONG> (Thumb, 0 bytes, Stack size unknown bytes, entry12b.o(.ARM.Collect$$$$0000000E))

<P><STRONG><a name="[f5]"></a>__rt_final_cpp</STRONG> (Thumb, 0 bytes, Stack size unknown bytes, entry10a.o(.ARM.Collect$$$$0000000F))

<P><STRONG><a name="[f6]"></a>__rt_final_exit</STRONG> (Thumb, 0 bytes, Stack size unknown bytes, entry11a.o(.ARM.Collect$$$$00000011))

<P><STRONG><a name="[6]"></a>SVC_Handler</STRONG> (Thumb, 32 bytes, Stack size 0 bytes, port.o(.emb_text))
<BR>[Address Reference Count : 1]<UL><LI> startup_stm32f10x_md.o(RESET)
</UL>
<P><STRONG><a name="[ec]"></a>__asm___6_port_c_39a90d8d__prvStartFirstTask</STRONG> (Thumb, 28 bytes, Stack size 0 bytes, port.o(.emb_text))
<BR><BR>[Called By]<UL><LI><a href="#[ea]">&gt;&gt;</a>&nbsp;&nbsp;&nbsp;xPortStartScheduler
</UL>

<P><STRONG><a name="[8]"></a>PendSV_Handler</STRONG> (Thumb, 72 bytes, Stack size 0 bytes, port.o(.emb_text))
<BR><BR>[Calls]<UL><LI><a href="#[4c]">&gt;&gt;</a>&nbsp;&nbsp;&nbsp;vTaskSwitchContext
</UL>
<BR>[Address Reference Count : 1]<UL><LI> startup_stm32f10x_md.o(RESET)
</UL>
<P><STRONG><a name="[f7]"></a>vPortGetIPSR</STRONG> (Thumb, 6 bytes, Stack size 0 bytes, port.o(.emb_text), UNUSED)

<P><STRONG><a name="[0]"></a>Reset_Handler</STRONG> (Thumb, 8 bytes, Stack size 0 bytes, startup_stm32f10x_md.o(.text))
<BR>[Address Reference Count : 1]<UL><LI> startup_stm32f10x_md.o(RESET)
</UL>
<P><STRONG><a name="[1c]"></a>ADC1_2_IRQHandler</STRONG> (Thumb, 0 bytes, Stack size 0 bytes, startup_stm32f10x_md.o(.text))
<BR><BR>[Calls]<UL><LI><a href="#[1c]">&gt;&gt;</a>&nbsp;&nbsp;&nbsp;ADC1_2_IRQHandler
</UL>
<BR>[Called By]<UL><LI><a href="#[1c]">&gt;&gt;</a>&nbsp;&nbsp;&nbsp;ADC1_2_IRQHandler
</UL>
<BR>[Address Reference Count : 1]<UL><LI> startup_stm32f10x_md.o(RESET)
</UL>
<P><STRONG><a name="[1f]"></a>CAN1_RX1_IRQHandler</STRONG> (Thumb, 0 bytes, Stack size 0 bytes, startup_stm32f10x_md.o(.text))
<BR>[Address Reference Count : 1]<UL><LI> startup_stm32f10x_md.o(RESET)
</UL>
<P><STRONG><a name="[20]"></a>CAN1_SCE_IRQHandler</STRONG> (Thumb, 0 bytes, Stack size 0 bytes, startup_stm32f10x_md.o(.text))
<BR>[Address Reference Count : 1]<UL><LI> startup_stm32f10x_md.o(RESET)
</UL>
<P><STRONG><a name="[15]"></a>DMA1_Channel1_IRQHandler</STRONG> (Thumb, 0 bytes, Stack size 0 bytes, startup_stm32f10x_md.o(.text))
<BR>[Address Reference Count : 1]<UL><LI> startup_stm32f10x_md.o(RESET)
</UL>
<P><STRONG><a name="[16]"></a>DMA1_Channel2_IRQHandler</STRONG> (Thumb, 0 bytes, Stack size 0 bytes, startup_stm32f10x_md.o(.text))
<BR>[Address Reference Count : 1]<UL><LI> startup_stm32f10x_md.o(RESET)
</UL>
<P><STRONG><a name="[17]"></a>DMA1_Channel3_IRQHandler</STRONG> (Thumb, 0 bytes, Stack size 0 bytes, startup_stm32f10x_md.o(.text))
<BR>[Address Reference Count : 1]<UL><LI> startup_stm32f10x_md.o(RESET)
</UL>
<P><STRONG><a name="[18]"></a>DMA1_Channel4_IRQHandler</STRONG> (Thumb, 0 bytes, Stack size 0 bytes, startup_stm32f10x_md.o(.text))
<BR>[Address Reference Count : 1]<UL><LI> startup_stm32f10x_md.o(RESET)
</UL>
<P><STRONG><a name="[19]"></a>DMA1_Channel5_IRQHandler</STRONG> (Thumb, 0 bytes, Stack size 0 bytes, startup_stm32f10x_md.o(.text))
<BR>[Address Reference Count : 1]<UL><LI> startup_stm32f10x_md.o(RESET)
</UL>
<P><STRONG><a name="[1a]"></a>DMA1_Channel6_IRQHandler</STRONG> (Thumb, 0 bytes, Stack size 0 bytes, startup_stm32f10x_md.o(.text))
<BR>[Address Reference Count : 1]<UL><LI> startup_stm32f10x_md.o(RESET)
</UL>
<P><STRONG><a name="[1b]"></a>DMA1_Channel7_IRQHandler</STRONG> (Thumb, 0 bytes, Stack size 0 bytes, startup_stm32f10x_md.o(.text))
<BR>[Address Reference Count : 1]<UL><LI> startup_stm32f10x_md.o(RESET)
</UL>
<P><STRONG><a name="[10]"></a>EXTI0_IRQHandler</STRONG> (Thumb, 0 bytes, Stack size 0 bytes, startup_stm32f10x_md.o(.text))
<BR>[Address Reference Count : 1]<UL><LI> startup_stm32f10x_md.o(RESET)
</UL>
<P><STRONG><a name="[32]"></a>EXTI15_10_IRQHandler</STRONG> (Thumb, 0 bytes, Stack size 0 bytes, startup_stm32f10x_md.o(.text))
<BR>[Address Reference Count : 1]<UL><LI> startup_stm32f10x_md.o(RESET)
</UL>
<P><STRONG><a name="[11]"></a>EXTI1_IRQHandler</STRONG> (Thumb, 0 bytes, Stack size 0 bytes, startup_stm32f10x_md.o(.text))
<BR>[Address Reference Count : 1]<UL><LI> startup_stm32f10x_md.o(RESET)
</UL>
<P><STRONG><a name="[12]"></a>EXTI2_IRQHandler</STRONG> (Thumb, 0 bytes, Stack size 0 bytes, startup_stm32f10x_md.o(.text))
<BR>[Address Reference Count : 1]<UL><LI> startup_stm32f10x_md.o(RESET)
</UL>
<P><STRONG><a name="[13]"></a>EXTI3_IRQHandler</STRONG> (Thumb, 0 bytes, Stack size 0 bytes, startup_stm32f10x_md.o(.text))
<BR>[Address Reference Count : 1]<UL><LI> startup_stm32f10x_md.o(RESET)
</UL>
<P><STRONG><a name="[14]"></a>EXTI4_IRQHandler</STRONG> (Thumb, 0 bytes, Stack size 0 bytes, startup_stm32f10x_md.o(.text))
<BR>[Address Reference Count : 1]<UL><LI> startup_stm32f10x_md.o(RESET)
</UL>
<P><STRONG><a name="[e]"></a>FLASH_IRQHandler</STRONG> (Thumb, 0 bytes, Stack size 0 bytes, startup_stm32f10x_md.o(.text))
<BR>[Address Reference Count : 1]<UL><LI> startup_stm32f10x_md.o(RESET)
</UL>
<P><STRONG><a name="[2a]"></a>I2C1_ER_IRQHandler</STRONG> (Thumb, 0 bytes, Stack size 0 bytes, startup_stm32f10x_md.o(.text))
<BR>[Address Reference Count : 1]<UL><LI> startup_stm32f10x_md.o(RESET)
</UL>
<P><STRONG><a name="[29]"></a>I2C1_EV_IRQHandler</STRONG> (Thumb, 0 bytes, Stack size 0 bytes, startup_stm32f10x_md.o(.text))
<BR>[Address Reference Count : 1]<UL><LI> startup_stm32f10x_md.o(RESET)
</UL>
<P><STRONG><a name="[2c]"></a>I2C2_ER_IRQHandler</STRONG> (Thumb, 0 bytes, Stack size 0 bytes, startup_stm32f10x_md.o(.text))
<BR>[Address Reference Count : 1]<UL><LI> startup_stm32f10x_md.o(RESET)
</UL>
<P><STRONG><a name="[2b]"></a>I2C2_EV_IRQHandler</STRONG> (Thumb, 0 bytes, Stack size 0 bytes, startup_stm32f10x_md.o(.text))
<BR>[Address Reference Count : 1]<UL><LI> startup_stm32f10x_md.o(RESET)
</UL>
<P><STRONG><a name="[b]"></a>PVD_IRQHandler</STRONG> (Thumb, 0 bytes, Stack size 0 bytes, startup_stm32f10x_md.o(.text))
<BR>[Address Reference Count : 1]<UL><LI> startup_stm32f10x_md.o(RESET)
</UL>
<P><STRONG><a name="[f]"></a>RCC_IRQHandler</STRONG> (Thumb, 0 bytes, Stack size 0 bytes, startup_stm32f10x_md.o(.text))
<BR>[Address Reference Count : 1]<UL><LI> startup_stm32f10x_md.o(RESET)
</UL>
<P><STRONG><a name="[33]"></a>RTCAlarm_IRQHandler</STRONG> (Thumb, 0 bytes, Stack size 0 bytes, startup_stm32f10x_md.o(.text))
<BR>[Address Reference Count : 1]<UL><LI> startup_stm32f10x_md.o(RESET)
</UL>
<P><STRONG><a name="[d]"></a>RTC_IRQHandler</STRONG> (Thumb, 0 bytes, Stack size 0 bytes, startup_stm32f10x_md.o(.text))
<BR>[Address Reference Count : 1]<UL><LI> startup_stm32f10x_md.o(RESET)
</UL>
<P><STRONG><a name="[2d]"></a>SPI1_IRQHandler</STRONG> (Thumb, 0 bytes, Stack size 0 bytes, startup_stm32f10x_md.o(.text))
<BR>[Address Reference Count : 1]<UL><LI> startup_stm32f10x_md.o(RESET)
</UL>
<P><STRONG><a name="[2e]"></a>SPI2_IRQHandler</STRONG> (Thumb, 0 bytes, Stack size 0 bytes, startup_stm32f10x_md.o(.text))
<BR>[Address Reference Count : 1]<UL><LI> startup_stm32f10x_md.o(RESET)
</UL>
<P><STRONG><a name="[c]"></a>TAMPER_IRQHandler</STRONG> (Thumb, 0 bytes, Stack size 0 bytes, startup_stm32f10x_md.o(.text))
<BR>[Address Reference Count : 1]<UL><LI> startup_stm32f10x_md.o(RESET)
</UL>
<P><STRONG><a name="[22]"></a>TIM1_BRK_IRQHandler</STRONG> (Thumb, 0 bytes, Stack size 0 bytes, startup_stm32f10x_md.o(.text))
<BR>[Address Reference Count : 1]<UL><LI> startup_stm32f10x_md.o(RESET)
</UL>
<P><STRONG><a name="[25]"></a>TIM1_CC_IRQHandler</STRONG> (Thumb, 0 bytes, Stack size 0 bytes, startup_stm32f10x_md.o(.text))
<BR>[Address Reference Count : 1]<UL><LI> startup_stm32f10x_md.o(RESET)
</UL>
<P><STRONG><a name="[24]"></a>TIM1_TRG_COM_IRQHandler</STRONG> (Thumb, 0 bytes, Stack size 0 bytes, startup_stm32f10x_md.o(.text))
<BR>[Address Reference Count : 1]<UL><LI> startup_stm32f10x_md.o(RESET)
</UL>
<P><STRONG><a name="[26]"></a>TIM2_IRQHandler</STRONG> (Thumb, 0 bytes, Stack size 0 bytes, startup_stm32f10x_md.o(.text))
<BR>[Address Reference Count : 1]<UL><LI> startup_stm32f10x_md.o(RESET)
</UL>
<P><STRONG><a name="[28]"></a>TIM4_IRQHandler</STRONG> (Thumb, 0 bytes, Stack size 0 bytes, startup_stm32f10x_md.o(.text))
<BR>[Address Reference Count : 1]<UL><LI> startup_stm32f10x_md.o(RESET)
</UL>
<P><STRONG><a name="[30]"></a>USART2_IRQHandler</STRONG> (Thumb, 0 bytes, Stack size 0 bytes, startup_stm32f10x_md.o(.text))
<BR>[Address Reference Count : 1]<UL><LI> startup_stm32f10x_md.o(RESET)
</UL>
<P><STRONG><a name="[31]"></a>USART3_IRQHandler</STRONG> (Thumb, 0 bytes, Stack size 0 bytes, startup_stm32f10x_md.o(.text))
<BR>[Address Reference Count : 1]<UL><LI> startup_stm32f10x_md.o(RESET)
</UL>
<P><STRONG><a name="[34]"></a>USBWakeUp_IRQHandler</STRONG> (Thumb, 0 bytes, Stack size 0 bytes, startup_stm32f10x_md.o(.text))
<BR>[Address Reference Count : 1]<UL><LI> startup_stm32f10x_md.o(RESET)
</UL>
<P><STRONG><a name="[1d]"></a>USB_HP_CAN1_TX_IRQHandler</STRONG> (Thumb, 0 bytes, Stack size 0 bytes, startup_stm32f10x_md.o(.text))
<BR>[Address Reference Count : 1]<UL><LI> startup_stm32f10x_md.o(RESET)
</UL>
<P><STRONG><a name="[1e]"></a>USB_LP_CAN1_RX0_IRQHandler</STRONG> (Thumb, 0 bytes, Stack size 0 bytes, startup_stm32f10x_md.o(.text))
<BR>[Address Reference Count : 1]<UL><LI> startup_stm32f10x_md.o(RESET)
</UL>
<P><STRONG><a name="[a]"></a>WWDG_IRQHandler</STRONG> (Thumb, 0 bytes, Stack size 0 bytes, startup_stm32f10x_md.o(.text))
<BR>[Address Reference Count : 1]<UL><LI> startup_stm32f10x_md.o(RESET)
</UL>
<P><STRONG><a name="[d5]"></a>__aeabi_memcpy</STRONG> (Thumb, 36 bytes, Stack size 0 bytes, memcpya.o(.text))
<BR><BR>[Called By]<UL><LI><a href="#[d6]">&gt;&gt;</a>&nbsp;&nbsp;&nbsp;prvCopyDataToQueue
<LI><a href="#[d4]">&gt;&gt;</a>&nbsp;&nbsp;&nbsp;prvCopyDataFromQueue
</UL>

<P><STRONG><a name="[f8]"></a>__aeabi_memcpy4</STRONG> (Thumb, 0 bytes, Stack size 0 bytes, memcpya.o(.text), UNUSED)

<P><STRONG><a name="[f9]"></a>__aeabi_memcpy8</STRONG> (Thumb, 0 bytes, Stack size 0 bytes, memcpya.o(.text), UNUSED)

<P><STRONG><a name="[4e]"></a>__aeabi_memset</STRONG> (Thumb, 14 bytes, Stack size 0 bytes, memseta.o(.text), UNUSED)
<BR><BR>[Called By]<UL><LI><a href="#[4f]">&gt;&gt;</a>&nbsp;&nbsp;&nbsp;_memset$wrapper
<LI><a href="#[4d]">&gt;&gt;</a>&nbsp;&nbsp;&nbsp;__aeabi_memclr
</UL>

<P><STRONG><a name="[fa]"></a>__aeabi_memset4</STRONG> (Thumb, 0 bytes, Stack size 0 bytes, memseta.o(.text), UNUSED)

<P><STRONG><a name="[fb]"></a>__aeabi_memset8</STRONG> (Thumb, 0 bytes, Stack size 0 bytes, memseta.o(.text), UNUSED)

<P><STRONG><a name="[4d]"></a>__aeabi_memclr</STRONG> (Thumb, 4 bytes, Stack size 0 bytes, memseta.o(.text), UNUSED)
<BR><BR>[Calls]<UL><LI><a href="#[4e]">&gt;&gt;</a>&nbsp;&nbsp;&nbsp;__aeabi_memset
</UL>

<P><STRONG><a name="[7e]"></a>__aeabi_memclr4</STRONG> (Thumb, 0 bytes, Stack size 0 bytes, memseta.o(.text))
<BR><BR>[Called By]<UL><LI><a href="#[a3]">&gt;&gt;</a>&nbsp;&nbsp;&nbsp;ILI9486_showchar_En
<LI><a href="#[a2]">&gt;&gt;</a>&nbsp;&nbsp;&nbsp;ILI9486_showchar_Ch
<LI><a href="#[42]">&gt;&gt;</a>&nbsp;&nbsp;&nbsp;Ready_Fun
<LI><a href="#[85]">&gt;&gt;</a>&nbsp;&nbsp;&nbsp;Show_Data
<LI><a href="#[91]">&gt;&gt;</a>&nbsp;&nbsp;&nbsp;Multi_slave_function_interface
<LI><a href="#[3a]">&gt;&gt;</a>&nbsp;&nbsp;&nbsp;USART2_DealTask
<LI><a href="#[39]">&gt;&gt;</a>&nbsp;&nbsp;&nbsp;EXTIX_DealTask
</UL>

<P><STRONG><a name="[fc]"></a>__aeabi_memclr8</STRONG> (Thumb, 0 bytes, Stack size 0 bytes, memseta.o(.text), UNUSED)

<P><STRONG><a name="[4f]"></a>_memset$wrapper</STRONG> (Thumb, 18 bytes, Stack size 8 bytes, memseta.o(.text), UNUSED)
<BR><BR>[Calls]<UL><LI><a href="#[4e]">&gt;&gt;</a>&nbsp;&nbsp;&nbsp;__aeabi_memset
</UL>

<P><STRONG><a name="[fd]"></a>__aeabi_uidiv</STRONG> (Thumb, 0 bytes, Stack size 12 bytes, uidiv.o(.text), UNUSED)

<P><STRONG><a name="[c6]"></a>__aeabi_uidivmod</STRONG> (Thumb, 44 bytes, Stack size 12 bytes, uidiv.o(.text), UNUSED)
<BR><BR>[Called By]<UL><LI><a href="#[c3]">&gt;&gt;</a>&nbsp;&nbsp;&nbsp;_printf_core
</UL>

<P><STRONG><a name="[4b]"></a>__scatterload</STRONG> (Thumb, 28 bytes, Stack size 0 bytes, init.o(.text))
<BR><BR>[Calls]<UL><LI><a href="#[50]">&gt;&gt;</a>&nbsp;&nbsp;&nbsp;__main_after_scatterload
</UL>
<BR>[Called By]<UL><LI><a href="#[4a]">&gt;&gt;</a>&nbsp;&nbsp;&nbsp;_main_scatterload
</UL>

<P><STRONG><a name="[fe]"></a>__scatterload_rt2</STRONG> (Thumb, 0 bytes, Stack size 0 bytes, init.o(.text), UNUSED)

<P><STRONG><a name="[54]"></a>ASCII_12X24_ADDR</STRONG> (Thumb, 32 bytes, Stack size 0 bytes, gt30l32s4w.o(i.ASCII_12X24_ADDR))
<BR><BR>[Called By]<UL><LI><a href="#[51]">&gt;&gt;</a>&nbsp;&nbsp;&nbsp;ASCII_Addr_Tans
</UL>

<P><STRONG><a name="[55]"></a>ASCII_16X32_ADDR</STRONG> (Thumb, 28 bytes, Stack size 0 bytes, gt30l32s4w.o(i.ASCII_16X32_ADDR))
<BR><BR>[Called By]<UL><LI><a href="#[51]">&gt;&gt;</a>&nbsp;&nbsp;&nbsp;ASCII_Addr_Tans
</UL>

<P><STRONG><a name="[52]"></a>ASCII_6X12_ADDR</STRONG> (Thumb, 32 bytes, Stack size 0 bytes, gt30l32s4w.o(i.ASCII_6X12_ADDR))
<BR><BR>[Called By]<UL><LI><a href="#[51]">&gt;&gt;</a>&nbsp;&nbsp;&nbsp;ASCII_Addr_Tans
</UL>

<P><STRONG><a name="[53]"></a>ASCII_8X16_ADDR</STRONG> (Thumb, 28 bytes, Stack size 0 bytes, gt30l32s4w.o(i.ASCII_8X16_ADDR))
<BR><BR>[Called By]<UL><LI><a href="#[51]">&gt;&gt;</a>&nbsp;&nbsp;&nbsp;ASCII_Addr_Tans
</UL>

<P><STRONG><a name="[51]"></a>ASCII_Addr_Tans</STRONG> (Thumb, 80 bytes, Stack size 12 bytes, gt30l32s4w.o(i.ASCII_Addr_Tans))
<BR><BR>[Stack]<UL><LI>Max Depth = 12<LI>Call Chain = ASCII_Addr_Tans
</UL>
<BR>[Calls]<UL><LI><a href="#[53]">&gt;&gt;</a>&nbsp;&nbsp;&nbsp;ASCII_8X16_ADDR
<LI><a href="#[52]">&gt;&gt;</a>&nbsp;&nbsp;&nbsp;ASCII_6X12_ADDR
<LI><a href="#[55]">&gt;&gt;</a>&nbsp;&nbsp;&nbsp;ASCII_16X32_ADDR
<LI><a href="#[54]">&gt;&gt;</a>&nbsp;&nbsp;&nbsp;ASCII_12X24_ADDR
</UL>
<BR>[Called By]<UL><LI><a href="#[a3]">&gt;&gt;</a>&nbsp;&nbsp;&nbsp;ILI9486_showchar_En
<LI><a href="#[61]">&gt;&gt;</a>&nbsp;&nbsp;&nbsp;BSP_Init
</UL>

<P><STRONG><a name="[5d]"></a>BEEP_GPIO_Config</STRONG> (Thumb, 46 bytes, Stack size 8 bytes, bsp_beep.o(i.BEEP_GPIO_Config))
<BR><BR>[Stack]<UL><LI>Max Depth = 32<LI>Call Chain = BEEP_GPIO_Config &rArr; GPIO_Init
</UL>
<BR>[Calls]<UL><LI><a href="#[60]">&gt;&gt;</a>&nbsp;&nbsp;&nbsp;GPIO_ResetBits
<LI><a href="#[5f]">&gt;&gt;</a>&nbsp;&nbsp;&nbsp;GPIO_Init
<LI><a href="#[5e]">&gt;&gt;</a>&nbsp;&nbsp;&nbsp;RCC_APB2PeriphClockCmd
</UL>
<BR>[Called By]<UL><LI><a href="#[61]">&gt;&gt;</a>&nbsp;&nbsp;&nbsp;BSP_Init
</UL>

<P><STRONG><a name="[4]"></a>BusFault_Handler</STRONG> (Thumb, 4 bytes, Stack size 0 bytes, stm32f10x_it.o(i.BusFault_Handler))
<BR>[Address Reference Count : 1]<UL><LI> startup_stm32f10x_md.o(RESET)
</UL>
<P><STRONG><a name="[a6]"></a>Button_Dealing</STRONG> (Thumb, 392 bytes, Stack size 8 bytes, bsp_button.o(i.Button_Dealing))
<BR><BR>[Stack]<UL><LI>Max Depth = 8<LI>Call Chain = Button_Dealing
</UL>
<BR>[Called By]<UL><LI><a href="#[38]">&gt;&gt;</a>&nbsp;&nbsp;&nbsp;KeyScan_Task
</UL>

<P><STRONG><a name="[67]"></a>Button_Init</STRONG> (Thumb, 480 bytes, Stack size 0 bytes, bsp_button.o(i.Button_Init))
<BR><BR>[Called By]<UL><LI><a href="#[61]">&gt;&gt;</a>&nbsp;&nbsp;&nbsp;BSP_Init
</UL>

<P><STRONG><a name="[76]"></a>Connection_Count_Show</STRONG> (Thumb, 94 bytes, Stack size 8 bytes, bsp_interface.o(i.Connection_Count_Show))
<BR><BR>[Stack]<UL><LI>Max Depth = 296<LI>Call Chain = Connection_Count_Show &rArr; ILI9486_showstring_Ch &rArr; ILI9486_showchar_Ch &rArr; ILI9486_putpixel &rArr; ILI9486_write_data &rArr; SPI_SendByte &rArr; SPI_TIMEOUT_UsertCallback &rArr; __2printf
</UL>
<BR>[Calls]<UL><LI><a href="#[78]">&gt;&gt;</a>&nbsp;&nbsp;&nbsp;ILI9486_showstring_En
<LI><a href="#[71]">&gt;&gt;</a>&nbsp;&nbsp;&nbsp;ILI9486_showstring_Ch
<LI><a href="#[75]">&gt;&gt;</a>&nbsp;&nbsp;&nbsp;ILI9486_draw_rectangle
<LI><a href="#[77]">&gt;&gt;</a>&nbsp;&nbsp;&nbsp;ILI9486_clear_screen
</UL>
<BR>[Called By]<UL><LI><a href="#[3b]">&gt;&gt;</a>&nbsp;&nbsp;&nbsp;Face_SwitchTask
</UL>

<P><STRONG><a name="[7]"></a>DebugMon_Handler</STRONG> (Thumb, 2 bytes, Stack size 0 bytes, stm32f10x_it.o(i.DebugMon_Handler))
<BR>[Address Reference Count : 1]<UL><LI> startup_stm32f10x_md.o(RESET)
</UL>
<P><STRONG><a name="[63]"></a>Delay_Init</STRONG> (Thumb, 58 bytes, Stack size 16 bytes, bsp_delay.o(i.Delay_Init))
<BR><BR>[Stack]<UL><LI>Max Depth = 16<LI>Call Chain = Delay_Init
</UL>
<BR>[Calls]<UL><LI><a href="#[79]">&gt;&gt;</a>&nbsp;&nbsp;&nbsp;SysTick_CLKSourceConfig
</UL>
<BR>[Called By]<UL><LI><a href="#[61]">&gt;&gt;</a>&nbsp;&nbsp;&nbsp;BSP_Init
</UL>

<P><STRONG><a name="[21]"></a>EXTI9_5_IRQHandler</STRONG> (Thumb, 60 bytes, Stack size 16 bytes, stm32f10x_it.o(i.EXTI9_5_IRQHandler))
<BR><BR>[Stack]<UL><LI>Max Depth = 64<LI>Call Chain = EXTI9_5_IRQHandler &rArr; xQueueGiveFromISR &rArr; xTaskRemoveFromEventList
</UL>
<BR>[Calls]<UL><LI><a href="#[7b]">&gt;&gt;</a>&nbsp;&nbsp;&nbsp;EXTI_GetITStatus
<LI><a href="#[7c]">&gt;&gt;</a>&nbsp;&nbsp;&nbsp;EXTI_ClearITPendingBit
<LI><a href="#[7d]">&gt;&gt;</a>&nbsp;&nbsp;&nbsp;xQueueGiveFromISR
</UL>
<BR>[Address Reference Count : 1]<UL><LI> startup_stm32f10x_md.o(RESET)
</UL>
<P><STRONG><a name="[7c]"></a>EXTI_ClearITPendingBit</STRONG> (Thumb, 6 bytes, Stack size 0 bytes, stm32f10x_exti.o(i.EXTI_ClearITPendingBit))
<BR><BR>[Called By]<UL><LI><a href="#[21]">&gt;&gt;</a>&nbsp;&nbsp;&nbsp;EXTI9_5_IRQHandler
<LI><a href="#[8d]">&gt;&gt;</a>&nbsp;&nbsp;&nbsp;Exti_Open
<LI><a href="#[68]">&gt;&gt;</a>&nbsp;&nbsp;&nbsp;Exti_Init
<LI><a href="#[87]">&gt;&gt;</a>&nbsp;&nbsp;&nbsp;Exti_Close
</UL>

<P><STRONG><a name="[7b]"></a>EXTI_GetITStatus</STRONG> (Thumb, 34 bytes, Stack size 0 bytes, stm32f10x_exti.o(i.EXTI_GetITStatus))
<BR><BR>[Called By]<UL><LI><a href="#[21]">&gt;&gt;</a>&nbsp;&nbsp;&nbsp;EXTI9_5_IRQHandler
</UL>

<P><STRONG><a name="[8b]"></a>EXTI_Init</STRONG> (Thumb, 142 bytes, Stack size 0 bytes, stm32f10x_exti.o(i.EXTI_Init))
<BR><BR>[Called By]<UL><LI><a href="#[68]">&gt;&gt;</a>&nbsp;&nbsp;&nbsp;Exti_Init
</UL>

<P><STRONG><a name="[43]"></a>Empty_Fun</STRONG> (Thumb, 18 bytes, Stack size 8 bytes, bsp_button.o(i.Empty_Fun))
<BR><BR>[Stack]<UL><LI>Max Depth = 304<LI>Call Chain = Empty_Fun &rArr; Empty_Records &rArr; ILI9486_showstring_Ch &rArr; ILI9486_showchar_Ch &rArr; ILI9486_putpixel &rArr; ILI9486_write_data &rArr; SPI_SendByte &rArr; SPI_TIMEOUT_UsertCallback &rArr; __2printf
</UL>
<BR>[Calls]<UL><LI><a href="#[89]">&gt;&gt;</a>&nbsp;&nbsp;&nbsp;Empty_Records
</UL>
<BR>[Address Reference Count : 1]<UL><LI> bsp_button.o(i.Button_Init)
</UL>
<P><STRONG><a name="[89]"></a>Empty_Records</STRONG> (Thumb, 172 bytes, Stack size 8 bytes, bsp_interface.o(i.Empty_Records))
<BR><BR>[Stack]<UL><LI>Max Depth = 296<LI>Call Chain = Empty_Records &rArr; ILI9486_showstring_Ch &rArr; ILI9486_showchar_Ch &rArr; ILI9486_putpixel &rArr; ILI9486_write_data &rArr; SPI_SendByte &rArr; SPI_TIMEOUT_UsertCallback &rArr; __2printf
</UL>
<BR>[Calls]<UL><LI><a href="#[71]">&gt;&gt;</a>&nbsp;&nbsp;&nbsp;ILI9486_showstring_Ch
<LI><a href="#[75]">&gt;&gt;</a>&nbsp;&nbsp;&nbsp;ILI9486_draw_rectangle
<LI><a href="#[77]">&gt;&gt;</a>&nbsp;&nbsp;&nbsp;ILI9486_clear_screen
</UL>
<BR>[Called By]<UL><LI><a href="#[43]">&gt;&gt;</a>&nbsp;&nbsp;&nbsp;Empty_Fun
</UL>

<P><STRONG><a name="[87]"></a>Exti_Close</STRONG> (Thumb, 24 bytes, Stack size 8 bytes, bsp_exti.o(i.Exti_Close))
<BR><BR>[Stack]<UL><LI>Max Depth = 8<LI>Call Chain = Exti_Close
</UL>
<BR>[Calls]<UL><LI><a href="#[7c]">&gt;&gt;</a>&nbsp;&nbsp;&nbsp;EXTI_ClearITPendingBit
</UL>
<BR>[Called By]<UL><LI><a href="#[3f]">&gt;&gt;</a>&nbsp;&nbsp;&nbsp;View_Fun
<LI><a href="#[91]">&gt;&gt;</a>&nbsp;&nbsp;&nbsp;Multi_slave_function_interface
<LI><a href="#[3b]">&gt;&gt;</a>&nbsp;&nbsp;&nbsp;Face_SwitchTask
<LI><a href="#[39]">&gt;&gt;</a>&nbsp;&nbsp;&nbsp;EXTIX_DealTask
</UL>

<P><STRONG><a name="[68]"></a>Exti_Init</STRONG> (Thumb, 108 bytes, Stack size 24 bytes, bsp_exti.o(i.Exti_Init))
<BR><BR>[Stack]<UL><LI>Max Depth = 48<LI>Call Chain = Exti_Init &rArr; GPIO_Init
</UL>
<BR>[Calls]<UL><LI><a href="#[8c]">&gt;&gt;</a>&nbsp;&nbsp;&nbsp;NVIC_Init
<LI><a href="#[5f]">&gt;&gt;</a>&nbsp;&nbsp;&nbsp;GPIO_Init
<LI><a href="#[8a]">&gt;&gt;</a>&nbsp;&nbsp;&nbsp;GPIO_EXTILineConfig
<LI><a href="#[8b]">&gt;&gt;</a>&nbsp;&nbsp;&nbsp;EXTI_Init
<LI><a href="#[7c]">&gt;&gt;</a>&nbsp;&nbsp;&nbsp;EXTI_ClearITPendingBit
<LI><a href="#[5e]">&gt;&gt;</a>&nbsp;&nbsp;&nbsp;RCC_APB2PeriphClockCmd
</UL>
<BR>[Called By]<UL><LI><a href="#[61]">&gt;&gt;</a>&nbsp;&nbsp;&nbsp;BSP_Init
</UL>

<P><STRONG><a name="[8d]"></a>Exti_Open</STRONG> (Thumb, 24 bytes, Stack size 8 bytes, bsp_exti.o(i.Exti_Open))
<BR><BR>[Stack]<UL><LI>Max Depth = 8<LI>Call Chain = Exti_Open
</UL>
<BR>[Calls]<UL><LI><a href="#[7c]">&gt;&gt;</a>&nbsp;&nbsp;&nbsp;EXTI_ClearITPendingBit
</UL>
<BR>[Called By]<UL><LI><a href="#[42]">&gt;&gt;</a>&nbsp;&nbsp;&nbsp;Ready_Fun
<LI><a href="#[3a]">&gt;&gt;</a>&nbsp;&nbsp;&nbsp;USART2_DealTask
</UL>

<P><STRONG><a name="[95]"></a>GB2312_12X12_ADDR</STRONG> (Thumb, 104 bytes, Stack size 0 bytes, gt30l32s4w.o(i.GB2312_12X12_ADDR))
<BR><BR>[Called By]<UL><LI><a href="#[94]">&gt;&gt;</a>&nbsp;&nbsp;&nbsp;GB2312_Addr_Tans
</UL>

<P><STRONG><a name="[96]"></a>GB2312_15X16_ADDR</STRONG> (Thumb, 104 bytes, Stack size 0 bytes, gt30l32s4w.o(i.GB2312_15X16_ADDR))
<BR><BR>[Called By]<UL><LI><a href="#[94]">&gt;&gt;</a>&nbsp;&nbsp;&nbsp;GB2312_Addr_Tans
</UL>

<P><STRONG><a name="[97]"></a>GB2312_24X24_ADDR</STRONG> (Thumb, 112 bytes, Stack size 0 bytes, gt30l32s4w.o(i.GB2312_24X24_ADDR))
<BR><BR>[Called By]<UL><LI><a href="#[94]">&gt;&gt;</a>&nbsp;&nbsp;&nbsp;GB2312_Addr_Tans
</UL>

<P><STRONG><a name="[98]"></a>GB2312_32X32_ADDR</STRONG> (Thumb, 104 bytes, Stack size 0 bytes, gt30l32s4w.o(i.GB2312_32X32_ADDR))
<BR><BR>[Called By]<UL><LI><a href="#[94]">&gt;&gt;</a>&nbsp;&nbsp;&nbsp;GB2312_Addr_Tans
</UL>

<P><STRONG><a name="[9a]"></a>GB2312_6X12_ADDR</STRONG> (Thumb, 84 bytes, Stack size 0 bytes, gt30l32s4w.o(i.GB2312_6X12_ADDR))
<BR><BR>[Called By]<UL><LI><a href="#[94]">&gt;&gt;</a>&nbsp;&nbsp;&nbsp;GB2312_Addr_Tans
</UL>

<P><STRONG><a name="[99]"></a>GB2312_8X16_ADDR</STRONG> (Thumb, 76 bytes, Stack size 0 bytes, gt30l32s4w.o(i.GB2312_8X16_ADDR))
<BR><BR>[Called By]<UL><LI><a href="#[94]">&gt;&gt;</a>&nbsp;&nbsp;&nbsp;GB2312_Addr_Tans
</UL>

<P><STRONG><a name="[94]"></a>GB2312_Addr_Tans</STRONG> (Thumb, 96 bytes, Stack size 16 bytes, gt30l32s4w.o(i.GB2312_Addr_Tans))
<BR><BR>[Stack]<UL><LI>Max Depth = 16<LI>Call Chain = GB2312_Addr_Tans
</UL>
<BR>[Calls]<UL><LI><a href="#[99]">&gt;&gt;</a>&nbsp;&nbsp;&nbsp;GB2312_8X16_ADDR
<LI><a href="#[9a]">&gt;&gt;</a>&nbsp;&nbsp;&nbsp;GB2312_6X12_ADDR
<LI><a href="#[98]">&gt;&gt;</a>&nbsp;&nbsp;&nbsp;GB2312_32X32_ADDR
<LI><a href="#[97]">&gt;&gt;</a>&nbsp;&nbsp;&nbsp;GB2312_24X24_ADDR
<LI><a href="#[96]">&gt;&gt;</a>&nbsp;&nbsp;&nbsp;GB2312_15X16_ADDR
<LI><a href="#[95]">&gt;&gt;</a>&nbsp;&nbsp;&nbsp;GB2312_12X12_ADDR
</UL>
<BR>[Called By]<UL><LI><a href="#[a2]">&gt;&gt;</a>&nbsp;&nbsp;&nbsp;ILI9486_showchar_Ch
</UL>

<P><STRONG><a name="[8a]"></a>GPIO_EXTILineConfig</STRONG> (Thumb, 60 bytes, Stack size 12 bytes, stm32f10x_gpio.o(i.GPIO_EXTILineConfig))
<BR><BR>[Stack]<UL><LI>Max Depth = 12<LI>Call Chain = GPIO_EXTILineConfig
</UL>
<BR>[Called By]<UL><LI><a href="#[68]">&gt;&gt;</a>&nbsp;&nbsp;&nbsp;Exti_Init
</UL>

<P><STRONG><a name="[5f]"></a>GPIO_Init</STRONG> (Thumb, 278 bytes, Stack size 24 bytes, stm32f10x_gpio.o(i.GPIO_Init))
<BR><BR>[Stack]<UL><LI>Max Depth = 24<LI>Call Chain = GPIO_Init
</UL>
<BR>[Called By]<UL><LI><a href="#[ab]">&gt;&gt;</a>&nbsp;&nbsp;&nbsp;SPI_GPIO_Config
<LI><a href="#[a4]">&gt;&gt;</a>&nbsp;&nbsp;&nbsp;ILI9486_tftlcd_gpio_config
<LI><a href="#[65]">&gt;&gt;</a>&nbsp;&nbsp;&nbsp;uart2_init
<LI><a href="#[64]">&gt;&gt;</a>&nbsp;&nbsp;&nbsp;uart1_init
<LI><a href="#[66]">&gt;&gt;</a>&nbsp;&nbsp;&nbsp;Key_Init
<LI><a href="#[6f]">&gt;&gt;</a>&nbsp;&nbsp;&nbsp;GT30L32S4W_Init
<LI><a href="#[68]">&gt;&gt;</a>&nbsp;&nbsp;&nbsp;Exti_Init
<LI><a href="#[5d]">&gt;&gt;</a>&nbsp;&nbsp;&nbsp;BEEP_GPIO_Config
</UL>

<P><STRONG><a name="[81]"></a>GPIO_ReadInputDataBit</STRONG> (Thumb, 18 bytes, Stack size 0 bytes, stm32f10x_gpio.o(i.GPIO_ReadInputDataBit))
<BR><BR>[Called By]<UL><LI><a href="#[a5]">&gt;&gt;</a>&nbsp;&nbsp;&nbsp;Key_Scan
<LI><a href="#[39]">&gt;&gt;</a>&nbsp;&nbsp;&nbsp;EXTIX_DealTask
</UL>

<P><STRONG><a name="[60]"></a>GPIO_ResetBits</STRONG> (Thumb, 4 bytes, Stack size 0 bytes, stm32f10x_gpio.o(i.GPIO_ResetBits))
<BR><BR>[Called By]<UL><LI><a href="#[9e]">&gt;&gt;</a>&nbsp;&nbsp;&nbsp;ILI9486_write_data
<LI><a href="#[a1]">&gt;&gt;</a>&nbsp;&nbsp;&nbsp;ILI9486_write_cmd_data
<LI><a href="#[9d]">&gt;&gt;</a>&nbsp;&nbsp;&nbsp;ILI9486_write_cmd
<LI><a href="#[a4]">&gt;&gt;</a>&nbsp;&nbsp;&nbsp;ILI9486_tftlcd_gpio_config
<LI><a href="#[70]">&gt;&gt;</a>&nbsp;&nbsp;&nbsp;GT30L32S4W_Read
<LI><a href="#[5d]">&gt;&gt;</a>&nbsp;&nbsp;&nbsp;BEEP_GPIO_Config
<LI><a href="#[39]">&gt;&gt;</a>&nbsp;&nbsp;&nbsp;EXTIX_DealTask
</UL>

<P><STRONG><a name="[80]"></a>GPIO_SetBits</STRONG> (Thumb, 4 bytes, Stack size 0 bytes, stm32f10x_gpio.o(i.GPIO_SetBits))
<BR><BR>[Called By]<UL><LI><a href="#[9e]">&gt;&gt;</a>&nbsp;&nbsp;&nbsp;ILI9486_write_data
<LI><a href="#[a1]">&gt;&gt;</a>&nbsp;&nbsp;&nbsp;ILI9486_write_cmd_data
<LI><a href="#[9d]">&gt;&gt;</a>&nbsp;&nbsp;&nbsp;ILI9486_write_cmd
<LI><a href="#[a4]">&gt;&gt;</a>&nbsp;&nbsp;&nbsp;ILI9486_tftlcd_gpio_config
<LI><a href="#[70]">&gt;&gt;</a>&nbsp;&nbsp;&nbsp;GT30L32S4W_Read
<LI><a href="#[39]">&gt;&gt;</a>&nbsp;&nbsp;&nbsp;EXTIX_DealTask
</UL>

<P><STRONG><a name="[6f]"></a>GT30L32S4W_Init</STRONG> (Thumb, 30 bytes, Stack size 8 bytes, gt30l32s4w.o(i.GT30L32S4W_Init))
<BR><BR>[Stack]<UL><LI>Max Depth = 32<LI>Call Chain = GT30L32S4W_Init &rArr; GPIO_Init
</UL>
<BR>[Calls]<UL><LI><a href="#[5f]">&gt;&gt;</a>&nbsp;&nbsp;&nbsp;GPIO_Init
</UL>
<BR>[Called By]<UL><LI><a href="#[61]">&gt;&gt;</a>&nbsp;&nbsp;&nbsp;BSP_Init
</UL>

<P><STRONG><a name="[70]"></a>GT30L32S4W_Read</STRONG> (Thumb, 166 bytes, Stack size 24 bytes, gt30l32s4w.o(i.GT30L32S4W_Read))
<BR><BR>[Stack]<UL><LI>Max Depth = 64<LI>Call Chain = GT30L32S4W_Read &rArr; SPI_SendByte &rArr; SPI_TIMEOUT_UsertCallback &rArr; __2printf
</UL>
<BR>[Calls]<UL><LI><a href="#[80]">&gt;&gt;</a>&nbsp;&nbsp;&nbsp;GPIO_SetBits
<LI><a href="#[60]">&gt;&gt;</a>&nbsp;&nbsp;&nbsp;GPIO_ResetBits
<LI><a href="#[9b]">&gt;&gt;</a>&nbsp;&nbsp;&nbsp;SPI_SendByte
</UL>
<BR>[Called By]<UL><LI><a href="#[a3]">&gt;&gt;</a>&nbsp;&nbsp;&nbsp;ILI9486_showchar_En
<LI><a href="#[a2]">&gt;&gt;</a>&nbsp;&nbsp;&nbsp;ILI9486_showchar_Ch
<LI><a href="#[61]">&gt;&gt;</a>&nbsp;&nbsp;&nbsp;BSP_Init
</UL>

<P><STRONG><a name="[2]"></a>HardFault_Handler</STRONG> (Thumb, 4 bytes, Stack size 0 bytes, stm32f10x_it.o(i.HardFault_Handler))
<BR>[Address Reference Count : 1]<UL><LI> startup_stm32f10x_md.o(RESET)
</UL>
<P><STRONG><a name="[77]"></a>ILI9486_clear_screen</STRONG> (Thumb, 58 bytes, Stack size 24 bytes, ili9486.o(i.ILI9486_clear_screen))
<BR><BR>[Stack]<UL><LI>Max Depth = 104<LI>Call Chain = ILI9486_clear_screen &rArr; ILI9486_open_window &rArr; ILI9486_write_cmd_data &rArr; SPI_SendByte &rArr; SPI_TIMEOUT_UsertCallback &rArr; __2printf
</UL>
<BR>[Calls]<UL><LI><a href="#[9e]">&gt;&gt;</a>&nbsp;&nbsp;&nbsp;ILI9486_write_data
<LI><a href="#[9d]">&gt;&gt;</a>&nbsp;&nbsp;&nbsp;ILI9486_write_cmd
<LI><a href="#[9c]">&gt;&gt;</a>&nbsp;&nbsp;&nbsp;ILI9486_open_window
</UL>
<BR>[Called By]<UL><LI><a href="#[a7]">&gt;&gt;</a>&nbsp;&nbsp;&nbsp;Page_Up
<LI><a href="#[7a]">&gt;&gt;</a>&nbsp;&nbsp;&nbsp;Page_Down
<LI><a href="#[89]">&gt;&gt;</a>&nbsp;&nbsp;&nbsp;Empty_Records
<LI><a href="#[42]">&gt;&gt;</a>&nbsp;&nbsp;&nbsp;Ready_Fun
<LI><a href="#[40]">&gt;&gt;</a>&nbsp;&nbsp;&nbsp;Up_Fun
<LI><a href="#[41]">&gt;&gt;</a>&nbsp;&nbsp;&nbsp;Down_Fun
<LI><a href="#[90]">&gt;&gt;</a>&nbsp;&nbsp;&nbsp;Slaver_Check_Interface
<LI><a href="#[92]">&gt;&gt;</a>&nbsp;&nbsp;&nbsp;Show_LapRecords
<LI><a href="#[93]">&gt;&gt;</a>&nbsp;&nbsp;&nbsp;Show_AcceleratedRecords
<LI><a href="#[91]">&gt;&gt;</a>&nbsp;&nbsp;&nbsp;Multi_slave_function_interface
<LI><a href="#[8e]">&gt;&gt;</a>&nbsp;&nbsp;&nbsp;MainMenu
<LI><a href="#[8f]">&gt;&gt;</a>&nbsp;&nbsp;&nbsp;Lap_Test_Menu
<LI><a href="#[6d]">&gt;&gt;</a>&nbsp;&nbsp;&nbsp;ILI9486_tftlcd_init
<LI><a href="#[76]">&gt;&gt;</a>&nbsp;&nbsp;&nbsp;Connection_Count_Show
<LI><a href="#[3a]">&gt;&gt;</a>&nbsp;&nbsp;&nbsp;USART2_DealTask
<LI><a href="#[39]">&gt;&gt;</a>&nbsp;&nbsp;&nbsp;EXTIX_DealTask
</UL>

<P><STRONG><a name="[9f]"></a>ILI9486_draw_line</STRONG> (Thumb, 160 bytes, Stack size 40 bytes, ili9486.o(i.ILI9486_draw_line))
<BR><BR>[Stack]<UL><LI>Max Depth = 104<LI>Call Chain = ILI9486_draw_line &rArr; ILI9486_putpixel &rArr; ILI9486_write_data &rArr; SPI_SendByte &rArr; SPI_TIMEOUT_UsertCallback &rArr; __2printf
</UL>
<BR>[Calls]<UL><LI><a href="#[a0]">&gt;&gt;</a>&nbsp;&nbsp;&nbsp;ILI9486_putpixel
</UL>
<BR>[Called By]<UL><LI><a href="#[75]">&gt;&gt;</a>&nbsp;&nbsp;&nbsp;ILI9486_draw_rectangle
</UL>

<P><STRONG><a name="[75]"></a>ILI9486_draw_rectangle</STRONG> (Thumb, 84 bytes, Stack size 24 bytes, ili9486.o(i.ILI9486_draw_rectangle))
<BR><BR>[Stack]<UL><LI>Max Depth = 128<LI>Call Chain = ILI9486_draw_rectangle &rArr; ILI9486_draw_line &rArr; ILI9486_putpixel &rArr; ILI9486_write_data &rArr; SPI_SendByte &rArr; SPI_TIMEOUT_UsertCallback &rArr; __2printf
</UL>
<BR>[Calls]<UL><LI><a href="#[9f]">&gt;&gt;</a>&nbsp;&nbsp;&nbsp;ILI9486_draw_line
</UL>
<BR>[Called By]<UL><LI><a href="#[89]">&gt;&gt;</a>&nbsp;&nbsp;&nbsp;Empty_Records
<LI><a href="#[42]">&gt;&gt;</a>&nbsp;&nbsp;&nbsp;Ready_Fun
<LI><a href="#[3c]">&gt;&gt;</a>&nbsp;&nbsp;&nbsp;Button_Draw
<LI><a href="#[92]">&gt;&gt;</a>&nbsp;&nbsp;&nbsp;Show_LapRecords
<LI><a href="#[93]">&gt;&gt;</a>&nbsp;&nbsp;&nbsp;Show_AcceleratedRecords
<LI><a href="#[91]">&gt;&gt;</a>&nbsp;&nbsp;&nbsp;Multi_slave_function_interface
<LI><a href="#[8f]">&gt;&gt;</a>&nbsp;&nbsp;&nbsp;Lap_Test_Menu
<LI><a href="#[76]">&gt;&gt;</a>&nbsp;&nbsp;&nbsp;Connection_Count_Show
<LI><a href="#[3a]">&gt;&gt;</a>&nbsp;&nbsp;&nbsp;USART2_DealTask
<LI><a href="#[39]">&gt;&gt;</a>&nbsp;&nbsp;&nbsp;EXTIX_DealTask
</UL>

<P><STRONG><a name="[9c]"></a>ILI9486_open_window</STRONG> (Thumb, 102 bytes, Stack size 32 bytes, ili9486.o(i.ILI9486_open_window))
<BR><BR>[Stack]<UL><LI>Max Depth = 80<LI>Call Chain = ILI9486_open_window &rArr; ILI9486_write_cmd_data &rArr; SPI_SendByte &rArr; SPI_TIMEOUT_UsertCallback &rArr; __2printf
</UL>
<BR>[Calls]<UL><LI><a href="#[a1]">&gt;&gt;</a>&nbsp;&nbsp;&nbsp;ILI9486_write_cmd_data
<LI><a href="#[9d]">&gt;&gt;</a>&nbsp;&nbsp;&nbsp;ILI9486_write_cmd
</UL>
<BR>[Called By]<UL><LI><a href="#[77]">&gt;&gt;</a>&nbsp;&nbsp;&nbsp;ILI9486_clear_screen
</UL>

<P><STRONG><a name="[a0]"></a>ILI9486_putpixel</STRONG> (Thumb, 82 bytes, Stack size 16 bytes, ili9486.o(i.ILI9486_putpixel))
<BR><BR>[Stack]<UL><LI>Max Depth = 64<LI>Call Chain = ILI9486_putpixel &rArr; ILI9486_write_data &rArr; SPI_SendByte &rArr; SPI_TIMEOUT_UsertCallback &rArr; __2printf
</UL>
<BR>[Calls]<UL><LI><a href="#[9e]">&gt;&gt;</a>&nbsp;&nbsp;&nbsp;ILI9486_write_data
<LI><a href="#[a1]">&gt;&gt;</a>&nbsp;&nbsp;&nbsp;ILI9486_write_cmd_data
<LI><a href="#[9d]">&gt;&gt;</a>&nbsp;&nbsp;&nbsp;ILI9486_write_cmd
</UL>
<BR>[Called By]<UL><LI><a href="#[9f]">&gt;&gt;</a>&nbsp;&nbsp;&nbsp;ILI9486_draw_line
<LI><a href="#[a3]">&gt;&gt;</a>&nbsp;&nbsp;&nbsp;ILI9486_showchar_En
<LI><a href="#[a2]">&gt;&gt;</a>&nbsp;&nbsp;&nbsp;ILI9486_showchar_Ch
</UL>

<P><STRONG><a name="[a2]"></a>ILI9486_showchar_Ch</STRONG> (Thumb, 210 bytes, Stack size 176 bytes, ili9486.o(i.ILI9486_showchar_Ch))
<BR><BR>[Stack]<UL><LI>Max Depth = 240<LI>Call Chain = ILI9486_showchar_Ch &rArr; ILI9486_putpixel &rArr; ILI9486_write_data &rArr; SPI_SendByte &rArr; SPI_TIMEOUT_UsertCallback &rArr; __2printf
</UL>
<BR>[Calls]<UL><LI><a href="#[94]">&gt;&gt;</a>&nbsp;&nbsp;&nbsp;GB2312_Addr_Tans
<LI><a href="#[a0]">&gt;&gt;</a>&nbsp;&nbsp;&nbsp;ILI9486_putpixel
<LI><a href="#[70]">&gt;&gt;</a>&nbsp;&nbsp;&nbsp;GT30L32S4W_Read
<LI><a href="#[7e]">&gt;&gt;</a>&nbsp;&nbsp;&nbsp;__aeabi_memclr4
</UL>
<BR>[Called By]<UL><LI><a href="#[a7]">&gt;&gt;</a>&nbsp;&nbsp;&nbsp;Page_Up
<LI><a href="#[7a]">&gt;&gt;</a>&nbsp;&nbsp;&nbsp;Page_Down
<LI><a href="#[92]">&gt;&gt;</a>&nbsp;&nbsp;&nbsp;Show_LapRecords
<LI><a href="#[93]">&gt;&gt;</a>&nbsp;&nbsp;&nbsp;Show_AcceleratedRecords
<LI><a href="#[71]">&gt;&gt;</a>&nbsp;&nbsp;&nbsp;ILI9486_showstring_Ch
</UL>

<P><STRONG><a name="[a3]"></a>ILI9486_showchar_En</STRONG> (Thumb, 196 bytes, Stack size 112 bytes, ili9486.o(i.ILI9486_showchar_En))
<BR><BR>[Stack]<UL><LI>Max Depth = 176<LI>Call Chain = ILI9486_showchar_En &rArr; ILI9486_putpixel &rArr; ILI9486_write_data &rArr; SPI_SendByte &rArr; SPI_TIMEOUT_UsertCallback &rArr; __2printf
</UL>
<BR>[Calls]<UL><LI><a href="#[a0]">&gt;&gt;</a>&nbsp;&nbsp;&nbsp;ILI9486_putpixel
<LI><a href="#[70]">&gt;&gt;</a>&nbsp;&nbsp;&nbsp;GT30L32S4W_Read
<LI><a href="#[51]">&gt;&gt;</a>&nbsp;&nbsp;&nbsp;ASCII_Addr_Tans
<LI><a href="#[7e]">&gt;&gt;</a>&nbsp;&nbsp;&nbsp;__aeabi_memclr4
</UL>
<BR>[Called By]<UL><LI><a href="#[78]">&gt;&gt;</a>&nbsp;&nbsp;&nbsp;ILI9486_showstring_En
<LI><a href="#[a7]">&gt;&gt;</a>&nbsp;&nbsp;&nbsp;Page_Up
<LI><a href="#[7a]">&gt;&gt;</a>&nbsp;&nbsp;&nbsp;Page_Down
<LI><a href="#[92]">&gt;&gt;</a>&nbsp;&nbsp;&nbsp;Show_LapRecords
<LI><a href="#[85]">&gt;&gt;</a>&nbsp;&nbsp;&nbsp;Show_Data
<LI><a href="#[93]">&gt;&gt;</a>&nbsp;&nbsp;&nbsp;Show_AcceleratedRecords
</UL>

<P><STRONG><a name="[71]"></a>ILI9486_showstring_Ch</STRONG> (Thumb, 186 bytes, Stack size 48 bytes, ili9486.o(i.ILI9486_showstring_Ch))
<BR><BR>[Stack]<UL><LI>Max Depth = 288<LI>Call Chain = ILI9486_showstring_Ch &rArr; ILI9486_showchar_Ch &rArr; ILI9486_putpixel &rArr; ILI9486_write_data &rArr; SPI_SendByte &rArr; SPI_TIMEOUT_UsertCallback &rArr; __2printf
</UL>
<BR>[Calls]<UL><LI><a href="#[a2]">&gt;&gt;</a>&nbsp;&nbsp;&nbsp;ILI9486_showchar_Ch
</UL>
<BR>[Called By]<UL><LI><a href="#[a7]">&gt;&gt;</a>&nbsp;&nbsp;&nbsp;Page_Up
<LI><a href="#[7a]">&gt;&gt;</a>&nbsp;&nbsp;&nbsp;Page_Down
<LI><a href="#[89]">&gt;&gt;</a>&nbsp;&nbsp;&nbsp;Empty_Records
<LI><a href="#[42]">&gt;&gt;</a>&nbsp;&nbsp;&nbsp;Ready_Fun
<LI><a href="#[40]">&gt;&gt;</a>&nbsp;&nbsp;&nbsp;Up_Fun
<LI><a href="#[41]">&gt;&gt;</a>&nbsp;&nbsp;&nbsp;Down_Fun
<LI><a href="#[3c]">&gt;&gt;</a>&nbsp;&nbsp;&nbsp;Button_Draw
<LI><a href="#[90]">&gt;&gt;</a>&nbsp;&nbsp;&nbsp;Slaver_Check_Interface
<LI><a href="#[92]">&gt;&gt;</a>&nbsp;&nbsp;&nbsp;Show_LapRecords
<LI><a href="#[93]">&gt;&gt;</a>&nbsp;&nbsp;&nbsp;Show_AcceleratedRecords
<LI><a href="#[91]">&gt;&gt;</a>&nbsp;&nbsp;&nbsp;Multi_slave_function_interface
<LI><a href="#[8e]">&gt;&gt;</a>&nbsp;&nbsp;&nbsp;MainMenu
<LI><a href="#[8f]">&gt;&gt;</a>&nbsp;&nbsp;&nbsp;Lap_Test_Menu
<LI><a href="#[76]">&gt;&gt;</a>&nbsp;&nbsp;&nbsp;Connection_Count_Show
<LI><a href="#[3a]">&gt;&gt;</a>&nbsp;&nbsp;&nbsp;USART2_DealTask
<LI><a href="#[39]">&gt;&gt;</a>&nbsp;&nbsp;&nbsp;EXTIX_DealTask
<LI><a href="#[61]">&gt;&gt;</a>&nbsp;&nbsp;&nbsp;BSP_Init
</UL>

<P><STRONG><a name="[78]"></a>ILI9486_showstring_En</STRONG> (Thumb, 164 bytes, Stack size 40 bytes, ili9486.o(i.ILI9486_showstring_En))
<BR><BR>[Stack]<UL><LI>Max Depth = 216<LI>Call Chain = ILI9486_showstring_En &rArr; ILI9486_showchar_En &rArr; ILI9486_putpixel &rArr; ILI9486_write_data &rArr; SPI_SendByte &rArr; SPI_TIMEOUT_UsertCallback &rArr; __2printf
</UL>
<BR>[Calls]<UL><LI><a href="#[a3]">&gt;&gt;</a>&nbsp;&nbsp;&nbsp;ILI9486_showchar_En
</UL>
<BR>[Called By]<UL><LI><a href="#[a7]">&gt;&gt;</a>&nbsp;&nbsp;&nbsp;Page_Up
<LI><a href="#[7a]">&gt;&gt;</a>&nbsp;&nbsp;&nbsp;Page_Down
<LI><a href="#[90]">&gt;&gt;</a>&nbsp;&nbsp;&nbsp;Slaver_Check_Interface
<LI><a href="#[92]">&gt;&gt;</a>&nbsp;&nbsp;&nbsp;Show_LapRecords
<LI><a href="#[93]">&gt;&gt;</a>&nbsp;&nbsp;&nbsp;Show_AcceleratedRecords
<LI><a href="#[8e]">&gt;&gt;</a>&nbsp;&nbsp;&nbsp;MainMenu
<LI><a href="#[76]">&gt;&gt;</a>&nbsp;&nbsp;&nbsp;Connection_Count_Show
</UL>

<P><STRONG><a name="[a4]"></a>ILI9486_tftlcd_gpio_config</STRONG> (Thumb, 124 bytes, Stack size 8 bytes, ili9486.o(i.ILI9486_tftlcd_gpio_config))
<BR><BR>[Stack]<UL><LI>Max Depth = 36<LI>Call Chain = ILI9486_tftlcd_gpio_config &rArr; delay_xms &rArr; delay_us
</UL>
<BR>[Calls]<UL><LI><a href="#[80]">&gt;&gt;</a>&nbsp;&nbsp;&nbsp;GPIO_SetBits
<LI><a href="#[60]">&gt;&gt;</a>&nbsp;&nbsp;&nbsp;GPIO_ResetBits
<LI><a href="#[5f]">&gt;&gt;</a>&nbsp;&nbsp;&nbsp;GPIO_Init
<LI><a href="#[5e]">&gt;&gt;</a>&nbsp;&nbsp;&nbsp;RCC_APB2PeriphClockCmd
<LI><a href="#[6e]">&gt;&gt;</a>&nbsp;&nbsp;&nbsp;delay_xms
</UL>
<BR>[Called By]<UL><LI><a href="#[6d]">&gt;&gt;</a>&nbsp;&nbsp;&nbsp;ILI9486_tftlcd_init
</UL>

<P><STRONG><a name="[6d]"></a>ILI9486_tftlcd_init</STRONG> (Thumb, 426 bytes, Stack size 8 bytes, ili9486.o(i.ILI9486_tftlcd_init))
<BR><BR>[Stack]<UL><LI>Max Depth = 112<LI>Call Chain = ILI9486_tftlcd_init &rArr; ILI9486_clear_screen &rArr; ILI9486_open_window &rArr; ILI9486_write_cmd_data &rArr; SPI_SendByte &rArr; SPI_TIMEOUT_UsertCallback &rArr; __2printf
</UL>
<BR>[Calls]<UL><LI><a href="#[a1]">&gt;&gt;</a>&nbsp;&nbsp;&nbsp;ILI9486_write_cmd_data
<LI><a href="#[9d]">&gt;&gt;</a>&nbsp;&nbsp;&nbsp;ILI9486_write_cmd
<LI><a href="#[a4]">&gt;&gt;</a>&nbsp;&nbsp;&nbsp;ILI9486_tftlcd_gpio_config
<LI><a href="#[6e]">&gt;&gt;</a>&nbsp;&nbsp;&nbsp;delay_xms
<LI><a href="#[77]">&gt;&gt;</a>&nbsp;&nbsp;&nbsp;ILI9486_clear_screen
</UL>
<BR>[Called By]<UL><LI><a href="#[61]">&gt;&gt;</a>&nbsp;&nbsp;&nbsp;BSP_Init
</UL>

<P><STRONG><a name="[9d]"></a>ILI9486_write_cmd</STRONG> (Thumb, 36 bytes, Stack size 8 bytes, ili9486.o(i.ILI9486_write_cmd))
<BR><BR>[Stack]<UL><LI>Max Depth = 48<LI>Call Chain = ILI9486_write_cmd &rArr; SPI_SendByte &rArr; SPI_TIMEOUT_UsertCallback &rArr; __2printf
</UL>
<BR>[Calls]<UL><LI><a href="#[80]">&gt;&gt;</a>&nbsp;&nbsp;&nbsp;GPIO_SetBits
<LI><a href="#[60]">&gt;&gt;</a>&nbsp;&nbsp;&nbsp;GPIO_ResetBits
<LI><a href="#[9b]">&gt;&gt;</a>&nbsp;&nbsp;&nbsp;SPI_SendByte
</UL>
<BR>[Called By]<UL><LI><a href="#[a0]">&gt;&gt;</a>&nbsp;&nbsp;&nbsp;ILI9486_putpixel
<LI><a href="#[9c]">&gt;&gt;</a>&nbsp;&nbsp;&nbsp;ILI9486_open_window
<LI><a href="#[6d]">&gt;&gt;</a>&nbsp;&nbsp;&nbsp;ILI9486_tftlcd_init
<LI><a href="#[77]">&gt;&gt;</a>&nbsp;&nbsp;&nbsp;ILI9486_clear_screen
</UL>

<P><STRONG><a name="[a1]"></a>ILI9486_write_cmd_data</STRONG> (Thumb, 36 bytes, Stack size 8 bytes, ili9486.o(i.ILI9486_write_cmd_data))
<BR><BR>[Stack]<UL><LI>Max Depth = 48<LI>Call Chain = ILI9486_write_cmd_data &rArr; SPI_SendByte &rArr; SPI_TIMEOUT_UsertCallback &rArr; __2printf
</UL>
<BR>[Calls]<UL><LI><a href="#[80]">&gt;&gt;</a>&nbsp;&nbsp;&nbsp;GPIO_SetBits
<LI><a href="#[60]">&gt;&gt;</a>&nbsp;&nbsp;&nbsp;GPIO_ResetBits
<LI><a href="#[9b]">&gt;&gt;</a>&nbsp;&nbsp;&nbsp;SPI_SendByte
</UL>
<BR>[Called By]<UL><LI><a href="#[a0]">&gt;&gt;</a>&nbsp;&nbsp;&nbsp;ILI9486_putpixel
<LI><a href="#[9c]">&gt;&gt;</a>&nbsp;&nbsp;&nbsp;ILI9486_open_window
<LI><a href="#[6d]">&gt;&gt;</a>&nbsp;&nbsp;&nbsp;ILI9486_tftlcd_init
</UL>

<P><STRONG><a name="[9e]"></a>ILI9486_write_data</STRONG> (Thumb, 52 bytes, Stack size 8 bytes, ili9486.o(i.ILI9486_write_data))
<BR><BR>[Stack]<UL><LI>Max Depth = 48<LI>Call Chain = ILI9486_write_data &rArr; SPI_SendByte &rArr; SPI_TIMEOUT_UsertCallback &rArr; __2printf
</UL>
<BR>[Calls]<UL><LI><a href="#[80]">&gt;&gt;</a>&nbsp;&nbsp;&nbsp;GPIO_SetBits
<LI><a href="#[60]">&gt;&gt;</a>&nbsp;&nbsp;&nbsp;GPIO_ResetBits
<LI><a href="#[9b]">&gt;&gt;</a>&nbsp;&nbsp;&nbsp;SPI_SendByte
</UL>
<BR>[Called By]<UL><LI><a href="#[a0]">&gt;&gt;</a>&nbsp;&nbsp;&nbsp;ILI9486_putpixel
<LI><a href="#[77]">&gt;&gt;</a>&nbsp;&nbsp;&nbsp;ILI9486_clear_screen
</UL>

<P><STRONG><a name="[66]"></a>Key_Init</STRONG> (Thumb, 82 bytes, Stack size 8 bytes, bsp_key.o(i.Key_Init))
<BR><BR>[Stack]<UL><LI>Max Depth = 32<LI>Call Chain = Key_Init &rArr; GPIO_Init
</UL>
<BR>[Calls]<UL><LI><a href="#[5f]">&gt;&gt;</a>&nbsp;&nbsp;&nbsp;GPIO_Init
<LI><a href="#[5e]">&gt;&gt;</a>&nbsp;&nbsp;&nbsp;RCC_APB2PeriphClockCmd
</UL>
<BR>[Called By]<UL><LI><a href="#[61]">&gt;&gt;</a>&nbsp;&nbsp;&nbsp;BSP_Init
</UL>

<P><STRONG><a name="[a5]"></a>Key_Scan</STRONG> (Thumb, 202 bytes, Stack size 8 bytes, bsp_key.o(i.Key_Scan))
<BR><BR>[Stack]<UL><LI>Max Depth = 64<LI>Call Chain = Key_Scan &rArr; vTaskDelay &rArr; xTaskResumeAll &rArr; xTaskIncrementTick
</UL>
<BR>[Calls]<UL><LI><a href="#[81]">&gt;&gt;</a>&nbsp;&nbsp;&nbsp;GPIO_ReadInputDataBit
<LI><a href="#[82]">&gt;&gt;</a>&nbsp;&nbsp;&nbsp;vTaskDelay
</UL>
<BR>[Called By]<UL><LI><a href="#[38]">&gt;&gt;</a>&nbsp;&nbsp;&nbsp;KeyScan_Task
</UL>

<P><STRONG><a name="[8f]"></a>Lap_Test_Menu</STRONG> (Thumb, 138 bytes, Stack size 8 bytes, bsp_interface.o(i.Lap_Test_Menu))
<BR><BR>[Stack]<UL><LI>Max Depth = 296<LI>Call Chain = Lap_Test_Menu &rArr; ILI9486_showstring_Ch &rArr; ILI9486_showchar_Ch &rArr; ILI9486_putpixel &rArr; ILI9486_write_data &rArr; SPI_SendByte &rArr; SPI_TIMEOUT_UsertCallback &rArr; __2printf
</UL>
<BR>[Calls]<UL><LI><a href="#[71]">&gt;&gt;</a>&nbsp;&nbsp;&nbsp;ILI9486_showstring_Ch
<LI><a href="#[75]">&gt;&gt;</a>&nbsp;&nbsp;&nbsp;ILI9486_draw_rectangle
<LI><a href="#[77]">&gt;&gt;</a>&nbsp;&nbsp;&nbsp;ILI9486_clear_screen
</UL>
<BR>[Called By]<UL><LI><a href="#[3b]">&gt;&gt;</a>&nbsp;&nbsp;&nbsp;Face_SwitchTask
</UL>

<P><STRONG><a name="[8e]"></a>MainMenu</STRONG> (Thumb, 138 bytes, Stack size 8 bytes, bsp_interface.o(i.MainMenu))
<BR><BR>[Stack]<UL><LI>Max Depth = 296<LI>Call Chain = MainMenu &rArr; ILI9486_showstring_Ch &rArr; ILI9486_showchar_Ch &rArr; ILI9486_putpixel &rArr; ILI9486_write_data &rArr; SPI_SendByte &rArr; SPI_TIMEOUT_UsertCallback &rArr; __2printf
</UL>
<BR>[Calls]<UL><LI><a href="#[78]">&gt;&gt;</a>&nbsp;&nbsp;&nbsp;ILI9486_showstring_En
<LI><a href="#[82]">&gt;&gt;</a>&nbsp;&nbsp;&nbsp;vTaskDelay
<LI><a href="#[71]">&gt;&gt;</a>&nbsp;&nbsp;&nbsp;ILI9486_showstring_Ch
<LI><a href="#[77]">&gt;&gt;</a>&nbsp;&nbsp;&nbsp;ILI9486_clear_screen
</UL>
<BR>[Called By]<UL><LI><a href="#[3b]">&gt;&gt;</a>&nbsp;&nbsp;&nbsp;Face_SwitchTask
</UL>

<P><STRONG><a name="[3]"></a>MemManage_Handler</STRONG> (Thumb, 4 bytes, Stack size 0 bytes, stm32f10x_it.o(i.MemManage_Handler))
<BR>[Address Reference Count : 1]<UL><LI> startup_stm32f10x_md.o(RESET)
</UL>
<P><STRONG><a name="[91]"></a>Multi_slave_function_interface</STRONG> (Thumb, 198 bytes, Stack size 32 bytes, bsp_interface.o(i.Multi_slave_function_interface))
<BR><BR>[Stack]<UL><LI>Max Depth = 320<LI>Call Chain = Multi_slave_function_interface &rArr; ILI9486_showstring_Ch &rArr; ILI9486_showchar_Ch &rArr; ILI9486_putpixel &rArr; ILI9486_write_data &rArr; SPI_SendByte &rArr; SPI_TIMEOUT_UsertCallback &rArr; __2printf
</UL>
<BR>[Calls]<UL><LI><a href="#[73]">&gt;&gt;</a>&nbsp;&nbsp;&nbsp;Timer3_Off
<LI><a href="#[71]">&gt;&gt;</a>&nbsp;&nbsp;&nbsp;ILI9486_showstring_Ch
<LI><a href="#[75]">&gt;&gt;</a>&nbsp;&nbsp;&nbsp;ILI9486_draw_rectangle
<LI><a href="#[77]">&gt;&gt;</a>&nbsp;&nbsp;&nbsp;ILI9486_clear_screen
<LI><a href="#[87]">&gt;&gt;</a>&nbsp;&nbsp;&nbsp;Exti_Close
<LI><a href="#[7e]">&gt;&gt;</a>&nbsp;&nbsp;&nbsp;__aeabi_memclr4
<LI><a href="#[74]">&gt;&gt;</a>&nbsp;&nbsp;&nbsp;__2sprintf
</UL>
<BR>[Called By]<UL><LI><a href="#[3b]">&gt;&gt;</a>&nbsp;&nbsp;&nbsp;Face_SwitchTask
</UL>

<P><STRONG><a name="[1]"></a>NMI_Handler</STRONG> (Thumb, 2 bytes, Stack size 0 bytes, stm32f10x_it.o(i.NMI_Handler))
<BR>[Address Reference Count : 1]<UL><LI> startup_stm32f10x_md.o(RESET)
</UL>
<P><STRONG><a name="[8c]"></a>NVIC_Init</STRONG> (Thumb, 100 bytes, Stack size 16 bytes, misc.o(i.NVIC_Init))
<BR><BR>[Stack]<UL><LI>Max Depth = 16<LI>Call Chain = NVIC_Init
</UL>
<BR>[Called By]<UL><LI><a href="#[65]">&gt;&gt;</a>&nbsp;&nbsp;&nbsp;uart2_init
<LI><a href="#[64]">&gt;&gt;</a>&nbsp;&nbsp;&nbsp;uart1_init
<LI><a href="#[69]">&gt;&gt;</a>&nbsp;&nbsp;&nbsp;TIMER3_Init
<LI><a href="#[6a]">&gt;&gt;</a>&nbsp;&nbsp;&nbsp;TIMER2_Init
<LI><a href="#[6b]">&gt;&gt;</a>&nbsp;&nbsp;&nbsp;TIMER1_Init
<LI><a href="#[68]">&gt;&gt;</a>&nbsp;&nbsp;&nbsp;Exti_Init
</UL>

<P><STRONG><a name="[62]"></a>NVIC_PriorityGroupConfig</STRONG> (Thumb, 10 bytes, Stack size 0 bytes, misc.o(i.NVIC_PriorityGroupConfig))
<BR><BR>[Called By]<UL><LI><a href="#[61]">&gt;&gt;</a>&nbsp;&nbsp;&nbsp;BSP_Init
</UL>

<P><STRONG><a name="[7a]"></a>Page_Down</STRONG> (Thumb, 552 bytes, Stack size 48 bytes, bsp_interface.o(i.Page_Down))
<BR><BR>[Stack]<UL><LI>Max Depth = 336<LI>Call Chain = Page_Down &rArr; ILI9486_showstring_Ch &rArr; ILI9486_showchar_Ch &rArr; ILI9486_putpixel &rArr; ILI9486_write_data &rArr; SPI_SendByte &rArr; SPI_TIMEOUT_UsertCallback &rArr; __2printf
</UL>
<BR>[Calls]<UL><LI><a href="#[78]">&gt;&gt;</a>&nbsp;&nbsp;&nbsp;ILI9486_showstring_En
<LI><a href="#[a3]">&gt;&gt;</a>&nbsp;&nbsp;&nbsp;ILI9486_showchar_En
<LI><a href="#[a2]">&gt;&gt;</a>&nbsp;&nbsp;&nbsp;ILI9486_showchar_Ch
<LI><a href="#[71]">&gt;&gt;</a>&nbsp;&nbsp;&nbsp;ILI9486_showstring_Ch
<LI><a href="#[77]">&gt;&gt;</a>&nbsp;&nbsp;&nbsp;ILI9486_clear_screen
<LI><a href="#[74]">&gt;&gt;</a>&nbsp;&nbsp;&nbsp;__2sprintf
</UL>
<BR>[Called By]<UL><LI><a href="#[41]">&gt;&gt;</a>&nbsp;&nbsp;&nbsp;Down_Fun
</UL>

<P><STRONG><a name="[a7]"></a>Page_Up</STRONG> (Thumb, 578 bytes, Stack size 48 bytes, bsp_interface.o(i.Page_Up))
<BR><BR>[Stack]<UL><LI>Max Depth = 336<LI>Call Chain = Page_Up &rArr; ILI9486_showstring_Ch &rArr; ILI9486_showchar_Ch &rArr; ILI9486_putpixel &rArr; ILI9486_write_data &rArr; SPI_SendByte &rArr; SPI_TIMEOUT_UsertCallback &rArr; __2printf
</UL>
<BR>[Calls]<UL><LI><a href="#[78]">&gt;&gt;</a>&nbsp;&nbsp;&nbsp;ILI9486_showstring_En
<LI><a href="#[a3]">&gt;&gt;</a>&nbsp;&nbsp;&nbsp;ILI9486_showchar_En
<LI><a href="#[a2]">&gt;&gt;</a>&nbsp;&nbsp;&nbsp;ILI9486_showchar_Ch
<LI><a href="#[71]">&gt;&gt;</a>&nbsp;&nbsp;&nbsp;ILI9486_showstring_Ch
<LI><a href="#[77]">&gt;&gt;</a>&nbsp;&nbsp;&nbsp;ILI9486_clear_screen
<LI><a href="#[74]">&gt;&gt;</a>&nbsp;&nbsp;&nbsp;__2sprintf
</UL>
<BR>[Called By]<UL><LI><a href="#[40]">&gt;&gt;</a>&nbsp;&nbsp;&nbsp;Up_Fun
</UL>

<P><STRONG><a name="[b8]"></a>RCC_APB1PeriphClockCmd</STRONG> (Thumb, 26 bytes, Stack size 0 bytes, stm32f10x_rcc.o(i.RCC_APB1PeriphClockCmd))
<BR><BR>[Called By]<UL><LI><a href="#[65]">&gt;&gt;</a>&nbsp;&nbsp;&nbsp;uart2_init
<LI><a href="#[69]">&gt;&gt;</a>&nbsp;&nbsp;&nbsp;TIMER3_Init
<LI><a href="#[6a]">&gt;&gt;</a>&nbsp;&nbsp;&nbsp;TIMER2_Init
</UL>

<P><STRONG><a name="[5e]"></a>RCC_APB2PeriphClockCmd</STRONG> (Thumb, 26 bytes, Stack size 0 bytes, stm32f10x_rcc.o(i.RCC_APB2PeriphClockCmd))
<BR><BR>[Called By]<UL><LI><a href="#[ab]">&gt;&gt;</a>&nbsp;&nbsp;&nbsp;SPI_GPIO_Config
<LI><a href="#[a4]">&gt;&gt;</a>&nbsp;&nbsp;&nbsp;ILI9486_tftlcd_gpio_config
<LI><a href="#[65]">&gt;&gt;</a>&nbsp;&nbsp;&nbsp;uart2_init
<LI><a href="#[64]">&gt;&gt;</a>&nbsp;&nbsp;&nbsp;uart1_init
<LI><a href="#[6b]">&gt;&gt;</a>&nbsp;&nbsp;&nbsp;TIMER1_Init
<LI><a href="#[66]">&gt;&gt;</a>&nbsp;&nbsp;&nbsp;Key_Init
<LI><a href="#[68]">&gt;&gt;</a>&nbsp;&nbsp;&nbsp;Exti_Init
<LI><a href="#[5d]">&gt;&gt;</a>&nbsp;&nbsp;&nbsp;BEEP_GPIO_Config
</UL>

<P><STRONG><a name="[c1]"></a>RCC_GetClocksFreq</STRONG> (Thumb, 192 bytes, Stack size 12 bytes, stm32f10x_rcc.o(i.RCC_GetClocksFreq))
<BR><BR>[Stack]<UL><LI>Max Depth = 12<LI>Call Chain = RCC_GetClocksFreq
</UL>
<BR>[Called By]<UL><LI><a href="#[c0]">&gt;&gt;</a>&nbsp;&nbsp;&nbsp;USART_Init
</UL>

<P><STRONG><a name="[42]"></a>Ready_Fun</STRONG> (Thumb, 80 bytes, Stack size 32 bytes, bsp_button.o(i.Ready_Fun))
<BR><BR>[Stack]<UL><LI>Max Depth = 320<LI>Call Chain = Ready_Fun &rArr; ILI9486_showstring_Ch &rArr; ILI9486_showchar_Ch &rArr; ILI9486_putpixel &rArr; ILI9486_write_data &rArr; SPI_SendByte &rArr; SPI_TIMEOUT_UsertCallback &rArr; __2printf
</UL>
<BR>[Calls]<UL><LI><a href="#[73]">&gt;&gt;</a>&nbsp;&nbsp;&nbsp;Timer3_Off
<LI><a href="#[71]">&gt;&gt;</a>&nbsp;&nbsp;&nbsp;ILI9486_showstring_Ch
<LI><a href="#[75]">&gt;&gt;</a>&nbsp;&nbsp;&nbsp;ILI9486_draw_rectangle
<LI><a href="#[77]">&gt;&gt;</a>&nbsp;&nbsp;&nbsp;ILI9486_clear_screen
<LI><a href="#[8d]">&gt;&gt;</a>&nbsp;&nbsp;&nbsp;Exti_Open
<LI><a href="#[7e]">&gt;&gt;</a>&nbsp;&nbsp;&nbsp;__aeabi_memclr4
<LI><a href="#[74]">&gt;&gt;</a>&nbsp;&nbsp;&nbsp;__2sprintf
</UL>
<BR>[Address Reference Count : 1]<UL><LI> bsp_button.o(i.Button_Init)
</UL>
<P><STRONG><a name="[aa]"></a>SPI_Cmd</STRONG> (Thumb, 24 bytes, Stack size 0 bytes, stm32f10x_spi.o(i.SPI_Cmd))
<BR><BR>[Called By]<UL><LI><a href="#[a8]">&gt;&gt;</a>&nbsp;&nbsp;&nbsp;SPI_Config
</UL>

<P><STRONG><a name="[a8]"></a>SPI_Config</STRONG> (Thumb, 76 bytes, Stack size 24 bytes, bsp_spi.o(i.SPI_Config))
<BR><BR>[Stack]<UL><LI>Max Depth = 32<LI>Call Chain = SPI_Config &rArr; SPI_Init
</UL>
<BR>[Calls]<UL><LI><a href="#[a9]">&gt;&gt;</a>&nbsp;&nbsp;&nbsp;SPI_Init
<LI><a href="#[aa]">&gt;&gt;</a>&nbsp;&nbsp;&nbsp;SPI_Cmd
</UL>
<BR>[Called By]<UL><LI><a href="#[6c]">&gt;&gt;</a>&nbsp;&nbsp;&nbsp;SPI_ILI9486_Init
</UL>

<P><STRONG><a name="[ab]"></a>SPI_GPIO_Config</STRONG> (Thumb, 104 bytes, Stack size 8 bytes, bsp_spi.o(i.SPI_GPIO_Config))
<BR><BR>[Stack]<UL><LI>Max Depth = 32<LI>Call Chain = SPI_GPIO_Config &rArr; GPIO_Init
</UL>
<BR>[Calls]<UL><LI><a href="#[5f]">&gt;&gt;</a>&nbsp;&nbsp;&nbsp;GPIO_Init
<LI><a href="#[5e]">&gt;&gt;</a>&nbsp;&nbsp;&nbsp;RCC_APB2PeriphClockCmd
</UL>
<BR>[Called By]<UL><LI><a href="#[6c]">&gt;&gt;</a>&nbsp;&nbsp;&nbsp;SPI_ILI9486_Init
</UL>

<P><STRONG><a name="[ad]"></a>SPI_I2S_GetFlagStatus</STRONG> (Thumb, 18 bytes, Stack size 0 bytes, stm32f10x_spi.o(i.SPI_I2S_GetFlagStatus))
<BR><BR>[Called By]<UL><LI><a href="#[9b]">&gt;&gt;</a>&nbsp;&nbsp;&nbsp;SPI_SendByte
</UL>

<P><STRONG><a name="[af]"></a>SPI_I2S_ReceiveData</STRONG> (Thumb, 6 bytes, Stack size 0 bytes, stm32f10x_spi.o(i.SPI_I2S_ReceiveData))
<BR><BR>[Called By]<UL><LI><a href="#[9b]">&gt;&gt;</a>&nbsp;&nbsp;&nbsp;SPI_SendByte
</UL>

<P><STRONG><a name="[ae]"></a>SPI_I2S_SendData</STRONG> (Thumb, 4 bytes, Stack size 0 bytes, stm32f10x_spi.o(i.SPI_I2S_SendData))
<BR><BR>[Called By]<UL><LI><a href="#[9b]">&gt;&gt;</a>&nbsp;&nbsp;&nbsp;SPI_SendByte
</UL>

<P><STRONG><a name="[6c]"></a>SPI_ILI9486_Init</STRONG> (Thumb, 12 bytes, Stack size 8 bytes, bsp_spi.o(i.SPI_ILI9486_Init))
<BR><BR>[Stack]<UL><LI>Max Depth = 40<LI>Call Chain = SPI_ILI9486_Init &rArr; SPI_GPIO_Config &rArr; GPIO_Init
</UL>
<BR>[Calls]<UL><LI><a href="#[ab]">&gt;&gt;</a>&nbsp;&nbsp;&nbsp;SPI_GPIO_Config
<LI><a href="#[a8]">&gt;&gt;</a>&nbsp;&nbsp;&nbsp;SPI_Config
</UL>
<BR>[Called By]<UL><LI><a href="#[61]">&gt;&gt;</a>&nbsp;&nbsp;&nbsp;BSP_Init
</UL>

<P><STRONG><a name="[a9]"></a>SPI_Init</STRONG> (Thumb, 60 bytes, Stack size 8 bytes, stm32f10x_spi.o(i.SPI_Init))
<BR><BR>[Stack]<UL><LI>Max Depth = 8<LI>Call Chain = SPI_Init
</UL>
<BR>[Called By]<UL><LI><a href="#[a8]">&gt;&gt;</a>&nbsp;&nbsp;&nbsp;SPI_Config
</UL>

<P><STRONG><a name="[9b]"></a>SPI_SendByte</STRONG> (Thumb, 110 bytes, Stack size 8 bytes, bsp_spi.o(i.SPI_SendByte))
<BR><BR>[Stack]<UL><LI>Max Depth = 40<LI>Call Chain = SPI_SendByte &rArr; SPI_TIMEOUT_UsertCallback &rArr; __2printf
</UL>
<BR>[Calls]<UL><LI><a href="#[ae]">&gt;&gt;</a>&nbsp;&nbsp;&nbsp;SPI_I2S_SendData
<LI><a href="#[af]">&gt;&gt;</a>&nbsp;&nbsp;&nbsp;SPI_I2S_ReceiveData
<LI><a href="#[ad]">&gt;&gt;</a>&nbsp;&nbsp;&nbsp;SPI_I2S_GetFlagStatus
<LI><a href="#[ac]">&gt;&gt;</a>&nbsp;&nbsp;&nbsp;SPI_TIMEOUT_UsertCallback
</UL>
<BR>[Called By]<UL><LI><a href="#[9e]">&gt;&gt;</a>&nbsp;&nbsp;&nbsp;ILI9486_write_data
<LI><a href="#[a1]">&gt;&gt;</a>&nbsp;&nbsp;&nbsp;ILI9486_write_cmd_data
<LI><a href="#[9d]">&gt;&gt;</a>&nbsp;&nbsp;&nbsp;ILI9486_write_cmd
<LI><a href="#[70]">&gt;&gt;</a>&nbsp;&nbsp;&nbsp;GT30L32S4W_Read
</UL>

<P><STRONG><a name="[93]"></a>Show_AcceleratedRecords</STRONG> (Thumb, 358 bytes, Stack size 48 bytes, bsp_interface.o(i.Show_AcceleratedRecords))
<BR><BR>[Stack]<UL><LI>Max Depth = 336<LI>Call Chain = Show_AcceleratedRecords &rArr; ILI9486_showstring_Ch &rArr; ILI9486_showchar_Ch &rArr; ILI9486_putpixel &rArr; ILI9486_write_data &rArr; SPI_SendByte &rArr; SPI_TIMEOUT_UsertCallback &rArr; __2printf
</UL>
<BR>[Calls]<UL><LI><a href="#[78]">&gt;&gt;</a>&nbsp;&nbsp;&nbsp;ILI9486_showstring_En
<LI><a href="#[a3]">&gt;&gt;</a>&nbsp;&nbsp;&nbsp;ILI9486_showchar_En
<LI><a href="#[a2]">&gt;&gt;</a>&nbsp;&nbsp;&nbsp;ILI9486_showchar_Ch
<LI><a href="#[71]">&gt;&gt;</a>&nbsp;&nbsp;&nbsp;ILI9486_showstring_Ch
<LI><a href="#[75]">&gt;&gt;</a>&nbsp;&nbsp;&nbsp;ILI9486_draw_rectangle
<LI><a href="#[77]">&gt;&gt;</a>&nbsp;&nbsp;&nbsp;ILI9486_clear_screen
<LI><a href="#[74]">&gt;&gt;</a>&nbsp;&nbsp;&nbsp;__2sprintf
</UL>
<BR>[Called By]<UL><LI><a href="#[3b]">&gt;&gt;</a>&nbsp;&nbsp;&nbsp;Face_SwitchTask
</UL>

<P><STRONG><a name="[85]"></a>Show_Data</STRONG> (Thumb, 142 bytes, Stack size 48 bytes, bsp_interface.o(i.Show_Data))
<BR><BR>[Stack]<UL><LI>Max Depth = 224<LI>Call Chain = Show_Data &rArr; ILI9486_showchar_En &rArr; ILI9486_putpixel &rArr; ILI9486_write_data &rArr; SPI_SendByte &rArr; SPI_TIMEOUT_UsertCallback &rArr; __2printf
</UL>
<BR>[Calls]<UL><LI><a href="#[a3]">&gt;&gt;</a>&nbsp;&nbsp;&nbsp;ILI9486_showchar_En
<LI><a href="#[7e]">&gt;&gt;</a>&nbsp;&nbsp;&nbsp;__aeabi_memclr4
</UL>
<BR>[Called By]<UL><LI><a href="#[3a]">&gt;&gt;</a>&nbsp;&nbsp;&nbsp;USART2_DealTask
<LI><a href="#[39]">&gt;&gt;</a>&nbsp;&nbsp;&nbsp;EXTIX_DealTask
</UL>

<P><STRONG><a name="[92]"></a>Show_LapRecords</STRONG> (Thumb, 368 bytes, Stack size 56 bytes, bsp_interface.o(i.Show_LapRecords))
<BR><BR>[Stack]<UL><LI>Max Depth = 344<LI>Call Chain = Show_LapRecords &rArr; ILI9486_showstring_Ch &rArr; ILI9486_showchar_Ch &rArr; ILI9486_putpixel &rArr; ILI9486_write_data &rArr; SPI_SendByte &rArr; SPI_TIMEOUT_UsertCallback &rArr; __2printf
</UL>
<BR>[Calls]<UL><LI><a href="#[78]">&gt;&gt;</a>&nbsp;&nbsp;&nbsp;ILI9486_showstring_En
<LI><a href="#[a3]">&gt;&gt;</a>&nbsp;&nbsp;&nbsp;ILI9486_showchar_En
<LI><a href="#[a2]">&gt;&gt;</a>&nbsp;&nbsp;&nbsp;ILI9486_showchar_Ch
<LI><a href="#[71]">&gt;&gt;</a>&nbsp;&nbsp;&nbsp;ILI9486_showstring_Ch
<LI><a href="#[75]">&gt;&gt;</a>&nbsp;&nbsp;&nbsp;ILI9486_draw_rectangle
<LI><a href="#[77]">&gt;&gt;</a>&nbsp;&nbsp;&nbsp;ILI9486_clear_screen
<LI><a href="#[74]">&gt;&gt;</a>&nbsp;&nbsp;&nbsp;__2sprintf
</UL>
<BR>[Called By]<UL><LI><a href="#[3b]">&gt;&gt;</a>&nbsp;&nbsp;&nbsp;Face_SwitchTask
</UL>

<P><STRONG><a name="[90]"></a>Slaver_Check_Interface</STRONG> (Thumb, 66 bytes, Stack size 8 bytes, bsp_interface.o(i.Slaver_Check_Interface))
<BR><BR>[Stack]<UL><LI>Max Depth = 296<LI>Call Chain = Slaver_Check_Interface &rArr; ILI9486_showstring_Ch &rArr; ILI9486_showchar_Ch &rArr; ILI9486_putpixel &rArr; ILI9486_write_data &rArr; SPI_SendByte &rArr; SPI_TIMEOUT_UsertCallback &rArr; __2printf
</UL>
<BR>[Calls]<UL><LI><a href="#[78]">&gt;&gt;</a>&nbsp;&nbsp;&nbsp;ILI9486_showstring_En
<LI><a href="#[71]">&gt;&gt;</a>&nbsp;&nbsp;&nbsp;ILI9486_showstring_Ch
<LI><a href="#[77]">&gt;&gt;</a>&nbsp;&nbsp;&nbsp;ILI9486_clear_screen
</UL>
<BR>[Called By]<UL><LI><a href="#[3b]">&gt;&gt;</a>&nbsp;&nbsp;&nbsp;Face_SwitchTask
</UL>

<P><STRONG><a name="[79]"></a>SysTick_CLKSourceConfig</STRONG> (Thumb, 40 bytes, Stack size 0 bytes, misc.o(i.SysTick_CLKSourceConfig))
<BR><BR>[Called By]<UL><LI><a href="#[63]">&gt;&gt;</a>&nbsp;&nbsp;&nbsp;Delay_Init
</UL>

<P><STRONG><a name="[9]"></a>SysTick_Handler</STRONG> (Thumb, 16 bytes, Stack size 8 bytes, stm32f10x_it.o(i.SysTick_Handler))
<BR><BR>[Stack]<UL><LI>Max Depth = 40<LI>Call Chain = SysTick_Handler &rArr; xPortSysTickHandler &rArr; xTaskIncrementTick
</UL>
<BR>[Calls]<UL><LI><a href="#[b2]">&gt;&gt;</a>&nbsp;&nbsp;&nbsp;xTaskGetSchedulerState
<LI><a href="#[b3]">&gt;&gt;</a>&nbsp;&nbsp;&nbsp;xPortSysTickHandler
</UL>
<BR>[Address Reference Count : 1]<UL><LI> startup_stm32f10x_md.o(RESET)
</UL>
<P><STRONG><a name="[36]"></a>SystemInit</STRONG> (Thumb, 78 bytes, Stack size 8 bytes, system_stm32f10x.o(i.SystemInit))
<BR><BR>[Stack]<UL><LI>Max Depth = 28<LI>Call Chain = SystemInit &rArr; SetSysClock &rArr; SetSysClockTo72
</UL>
<BR>[Calls]<UL><LI><a href="#[b0]">&gt;&gt;</a>&nbsp;&nbsp;&nbsp;SetSysClock
</UL>
<BR>[Address Reference Count : 1]<UL><LI> startup_stm32f10x_md.o(.text)
</UL>
<P><STRONG><a name="[23]"></a>TIM1_UP_IRQHandler</STRONG> (Thumb, 90 bytes, Stack size 16 bytes, stm32f10x_it.o(i.TIM1_UP_IRQHandler))
<BR><BR>[Stack]<UL><LI>Max Depth = 64<LI>Call Chain = TIM1_UP_IRQHandler &rArr; xQueueGiveFromISR &rArr; xTaskRemoveFromEventList
</UL>
<BR>[Calls]<UL><LI><a href="#[7d]">&gt;&gt;</a>&nbsp;&nbsp;&nbsp;xQueueGiveFromISR
<LI><a href="#[b4]">&gt;&gt;</a>&nbsp;&nbsp;&nbsp;TIM_GetITStatus
<LI><a href="#[b5]">&gt;&gt;</a>&nbsp;&nbsp;&nbsp;TIM_ClearITPendingBit
</UL>
<BR>[Address Reference Count : 1]<UL><LI> startup_stm32f10x_md.o(RESET)
</UL>
<P><STRONG><a name="[27]"></a>TIM3_IRQHandler</STRONG> (Thumb, 50 bytes, Stack size 8 bytes, stm32f10x_it.o(i.TIM3_IRQHandler))
<BR><BR>[Stack]<UL><LI>Max Depth = 20<LI>Call Chain = TIM3_IRQHandler &rArr; TIM_GetITStatus
</UL>
<BR>[Calls]<UL><LI><a href="#[b4]">&gt;&gt;</a>&nbsp;&nbsp;&nbsp;TIM_GetITStatus
<LI><a href="#[b5]">&gt;&gt;</a>&nbsp;&nbsp;&nbsp;TIM_ClearITPendingBit
</UL>
<BR>[Address Reference Count : 1]<UL><LI> startup_stm32f10x_md.o(RESET)
</UL>
<P><STRONG><a name="[6b]"></a>TIMER1_Init</STRONG> (Thumb, 90 bytes, Stack size 32 bytes, bsp_timer.o(i.TIMER1_Init))
<BR><BR>[Stack]<UL><LI>Max Depth = 48<LI>Call Chain = TIMER1_Init &rArr; NVIC_Init
</UL>
<BR>[Calls]<UL><LI><a href="#[8c]">&gt;&gt;</a>&nbsp;&nbsp;&nbsp;NVIC_Init
<LI><a href="#[5e]">&gt;&gt;</a>&nbsp;&nbsp;&nbsp;RCC_APB2PeriphClockCmd
<LI><a href="#[b6]">&gt;&gt;</a>&nbsp;&nbsp;&nbsp;TIM_TimeBaseInit
<LI><a href="#[b7]">&gt;&gt;</a>&nbsp;&nbsp;&nbsp;TIM_ITConfig
<LI><a href="#[b5]">&gt;&gt;</a>&nbsp;&nbsp;&nbsp;TIM_ClearITPendingBit
</UL>
<BR>[Called By]<UL><LI><a href="#[61]">&gt;&gt;</a>&nbsp;&nbsp;&nbsp;BSP_Init
</UL>

<P><STRONG><a name="[6a]"></a>TIMER2_Init</STRONG> (Thumb, 92 bytes, Stack size 32 bytes, bsp_timer.o(i.TIMER2_Init))
<BR><BR>[Stack]<UL><LI>Max Depth = 48<LI>Call Chain = TIMER2_Init &rArr; NVIC_Init
</UL>
<BR>[Calls]<UL><LI><a href="#[8c]">&gt;&gt;</a>&nbsp;&nbsp;&nbsp;NVIC_Init
<LI><a href="#[b8]">&gt;&gt;</a>&nbsp;&nbsp;&nbsp;RCC_APB1PeriphClockCmd
<LI><a href="#[b6]">&gt;&gt;</a>&nbsp;&nbsp;&nbsp;TIM_TimeBaseInit
<LI><a href="#[b7]">&gt;&gt;</a>&nbsp;&nbsp;&nbsp;TIM_ITConfig
<LI><a href="#[b5]">&gt;&gt;</a>&nbsp;&nbsp;&nbsp;TIM_ClearITPendingBit
</UL>
<BR>[Called By]<UL><LI><a href="#[61]">&gt;&gt;</a>&nbsp;&nbsp;&nbsp;BSP_Init
</UL>

<P><STRONG><a name="[69]"></a>TIMER3_Init</STRONG> (Thumb, 90 bytes, Stack size 32 bytes, bsp_timer.o(i.TIMER3_Init))
<BR><BR>[Stack]<UL><LI>Max Depth = 48<LI>Call Chain = TIMER3_Init &rArr; NVIC_Init
</UL>
<BR>[Calls]<UL><LI><a href="#[8c]">&gt;&gt;</a>&nbsp;&nbsp;&nbsp;NVIC_Init
<LI><a href="#[b8]">&gt;&gt;</a>&nbsp;&nbsp;&nbsp;RCC_APB1PeriphClockCmd
<LI><a href="#[b6]">&gt;&gt;</a>&nbsp;&nbsp;&nbsp;TIM_TimeBaseInit
<LI><a href="#[b7]">&gt;&gt;</a>&nbsp;&nbsp;&nbsp;TIM_ITConfig
<LI><a href="#[b5]">&gt;&gt;</a>&nbsp;&nbsp;&nbsp;TIM_ClearITPendingBit
</UL>
<BR>[Called By]<UL><LI><a href="#[61]">&gt;&gt;</a>&nbsp;&nbsp;&nbsp;BSP_Init
</UL>

<P><STRONG><a name="[b5]"></a>TIM_ClearITPendingBit</STRONG> (Thumb, 6 bytes, Stack size 0 bytes, stm32f10x_tim.o(i.TIM_ClearITPendingBit))
<BR><BR>[Called By]<UL><LI><a href="#[27]">&gt;&gt;</a>&nbsp;&nbsp;&nbsp;TIM3_IRQHandler
<LI><a href="#[23]">&gt;&gt;</a>&nbsp;&nbsp;&nbsp;TIM1_UP_IRQHandler
<LI><a href="#[73]">&gt;&gt;</a>&nbsp;&nbsp;&nbsp;Timer3_Off
<LI><a href="#[b9]">&gt;&gt;</a>&nbsp;&nbsp;&nbsp;Timer1_Off
<LI><a href="#[69]">&gt;&gt;</a>&nbsp;&nbsp;&nbsp;TIMER3_Init
<LI><a href="#[6a]">&gt;&gt;</a>&nbsp;&nbsp;&nbsp;TIMER2_Init
<LI><a href="#[6b]">&gt;&gt;</a>&nbsp;&nbsp;&nbsp;TIMER1_Init
</UL>

<P><STRONG><a name="[ba]"></a>TIM_Cmd</STRONG> (Thumb, 24 bytes, Stack size 0 bytes, stm32f10x_tim.o(i.TIM_Cmd))
<BR><BR>[Called By]<UL><LI><a href="#[83]">&gt;&gt;</a>&nbsp;&nbsp;&nbsp;Timer3_Open
<LI><a href="#[73]">&gt;&gt;</a>&nbsp;&nbsp;&nbsp;Timer3_Off
<LI><a href="#[bb]">&gt;&gt;</a>&nbsp;&nbsp;&nbsp;Timer1_Open
<LI><a href="#[b9]">&gt;&gt;</a>&nbsp;&nbsp;&nbsp;Timer1_Off
</UL>

<P><STRONG><a name="[b4]"></a>TIM_GetITStatus</STRONG> (Thumb, 34 bytes, Stack size 12 bytes, stm32f10x_tim.o(i.TIM_GetITStatus))
<BR><BR>[Stack]<UL><LI>Max Depth = 12<LI>Call Chain = TIM_GetITStatus
</UL>
<BR>[Called By]<UL><LI><a href="#[27]">&gt;&gt;</a>&nbsp;&nbsp;&nbsp;TIM3_IRQHandler
<LI><a href="#[23]">&gt;&gt;</a>&nbsp;&nbsp;&nbsp;TIM1_UP_IRQHandler
</UL>

<P><STRONG><a name="[b7]"></a>TIM_ITConfig</STRONG> (Thumb, 18 bytes, Stack size 0 bytes, stm32f10x_tim.o(i.TIM_ITConfig))
<BR><BR>[Called By]<UL><LI><a href="#[69]">&gt;&gt;</a>&nbsp;&nbsp;&nbsp;TIMER3_Init
<LI><a href="#[6a]">&gt;&gt;</a>&nbsp;&nbsp;&nbsp;TIMER2_Init
<LI><a href="#[6b]">&gt;&gt;</a>&nbsp;&nbsp;&nbsp;TIMER1_Init
</UL>

<P><STRONG><a name="[84]"></a>TIM_SetCounter</STRONG> (Thumb, 4 bytes, Stack size 0 bytes, stm32f10x_tim.o(i.TIM_SetCounter))
<BR><BR>[Called By]<UL><LI><a href="#[83]">&gt;&gt;</a>&nbsp;&nbsp;&nbsp;Timer3_Open
<LI><a href="#[bb]">&gt;&gt;</a>&nbsp;&nbsp;&nbsp;Timer1_Open
<LI><a href="#[39]">&gt;&gt;</a>&nbsp;&nbsp;&nbsp;EXTIX_DealTask
</UL>

<P><STRONG><a name="[b6]"></a>TIM_TimeBaseInit</STRONG> (Thumb, 122 bytes, Stack size 0 bytes, stm32f10x_tim.o(i.TIM_TimeBaseInit))
<BR><BR>[Called By]<UL><LI><a href="#[69]">&gt;&gt;</a>&nbsp;&nbsp;&nbsp;TIMER3_Init
<LI><a href="#[6a]">&gt;&gt;</a>&nbsp;&nbsp;&nbsp;TIMER2_Init
<LI><a href="#[6b]">&gt;&gt;</a>&nbsp;&nbsp;&nbsp;TIMER1_Init
</UL>

<P><STRONG><a name="[b9]"></a>Timer1_Off</STRONG> (Thumb, 20 bytes, Stack size 8 bytes, bsp_timer.o(i.Timer1_Off))
<BR><BR>[Stack]<UL><LI>Max Depth = 8<LI>Call Chain = Timer1_Off
</UL>
<BR>[Calls]<UL><LI><a href="#[ba]">&gt;&gt;</a>&nbsp;&nbsp;&nbsp;TIM_Cmd
<LI><a href="#[b5]">&gt;&gt;</a>&nbsp;&nbsp;&nbsp;TIM_ClearITPendingBit
</UL>
<BR>[Called By]<UL><LI><a href="#[3a]">&gt;&gt;</a>&nbsp;&nbsp;&nbsp;USART2_DealTask
</UL>

<P><STRONG><a name="[bb]"></a>Timer1_Open</STRONG> (Thumb, 26 bytes, Stack size 8 bytes, bsp_timer.o(i.Timer1_Open))
<BR><BR>[Stack]<UL><LI>Max Depth = 8<LI>Call Chain = Timer1_Open
</UL>
<BR>[Calls]<UL><LI><a href="#[84]">&gt;&gt;</a>&nbsp;&nbsp;&nbsp;TIM_SetCounter
<LI><a href="#[ba]">&gt;&gt;</a>&nbsp;&nbsp;&nbsp;TIM_Cmd
</UL>
<BR>[Called By]<UL><LI><a href="#[3a]">&gt;&gt;</a>&nbsp;&nbsp;&nbsp;USART2_DealTask
</UL>

<P><STRONG><a name="[73]"></a>Timer3_Off</STRONG> (Thumb, 20 bytes, Stack size 8 bytes, bsp_timer.o(i.Timer3_Off))
<BR><BR>[Stack]<UL><LI>Max Depth = 8<LI>Call Chain = Timer3_Off
</UL>
<BR>[Calls]<UL><LI><a href="#[ba]">&gt;&gt;</a>&nbsp;&nbsp;&nbsp;TIM_Cmd
<LI><a href="#[b5]">&gt;&gt;</a>&nbsp;&nbsp;&nbsp;TIM_ClearITPendingBit
</UL>
<BR>[Called By]<UL><LI><a href="#[42]">&gt;&gt;</a>&nbsp;&nbsp;&nbsp;Ready_Fun
<LI><a href="#[3e]">&gt;&gt;</a>&nbsp;&nbsp;&nbsp;Backtrack_Fun
<LI><a href="#[91]">&gt;&gt;</a>&nbsp;&nbsp;&nbsp;Multi_slave_function_interface
<LI><a href="#[3a]">&gt;&gt;</a>&nbsp;&nbsp;&nbsp;USART2_DealTask
</UL>

<P><STRONG><a name="[83]"></a>Timer3_Open</STRONG> (Thumb, 20 bytes, Stack size 8 bytes, bsp_timer.o(i.Timer3_Open))
<BR><BR>[Stack]<UL><LI>Max Depth = 8<LI>Call Chain = Timer3_Open
</UL>
<BR>[Calls]<UL><LI><a href="#[84]">&gt;&gt;</a>&nbsp;&nbsp;&nbsp;TIM_SetCounter
<LI><a href="#[ba]">&gt;&gt;</a>&nbsp;&nbsp;&nbsp;TIM_Cmd
</UL>
<BR>[Called By]<UL><LI><a href="#[39]">&gt;&gt;</a>&nbsp;&nbsp;&nbsp;EXTIX_DealTask
</UL>

<P><STRONG><a name="[2f]"></a>USART1_IRQHandler</STRONG> (Thumb, 64 bytes, Stack size 16 bytes, stm32f10x_it.o(i.USART1_IRQHandler))
<BR><BR>[Stack]<UL><LI>Max Depth = 64<LI>Call Chain = USART1_IRQHandler &rArr; xQueueGiveFromISR &rArr; xTaskRemoveFromEventList
</UL>
<BR>[Calls]<UL><LI><a href="#[7d]">&gt;&gt;</a>&nbsp;&nbsp;&nbsp;xQueueGiveFromISR
<LI><a href="#[bc]">&gt;&gt;</a>&nbsp;&nbsp;&nbsp;USART_GetITStatus
<LI><a href="#[bd]">&gt;&gt;</a>&nbsp;&nbsp;&nbsp;USART_ClearITPendingBit
</UL>
<BR>[Address Reference Count : 1]<UL><LI> startup_stm32f10x_md.o(RESET)
</UL>
<P><STRONG><a name="[bd]"></a>USART_ClearITPendingBit</STRONG> (Thumb, 30 bytes, Stack size 8 bytes, stm32f10x_usart.o(i.USART_ClearITPendingBit))
<BR><BR>[Stack]<UL><LI>Max Depth = 8<LI>Call Chain = USART_ClearITPendingBit
</UL>
<BR>[Called By]<UL><LI><a href="#[2f]">&gt;&gt;</a>&nbsp;&nbsp;&nbsp;USART1_IRQHandler
</UL>

<P><STRONG><a name="[88]"></a>USART_Cmd</STRONG> (Thumb, 24 bytes, Stack size 0 bytes, stm32f10x_usart.o(i.USART_Cmd))
<BR><BR>[Called By]<UL><LI><a href="#[65]">&gt;&gt;</a>&nbsp;&nbsp;&nbsp;uart2_init
<LI><a href="#[64]">&gt;&gt;</a>&nbsp;&nbsp;&nbsp;uart1_init
<LI><a href="#[3b]">&gt;&gt;</a>&nbsp;&nbsp;&nbsp;Face_SwitchTask
<LI><a href="#[39]">&gt;&gt;</a>&nbsp;&nbsp;&nbsp;EXTIX_DealTask
</UL>

<P><STRONG><a name="[bc]"></a>USART_GetITStatus</STRONG> (Thumb, 84 bytes, Stack size 16 bytes, stm32f10x_usart.o(i.USART_GetITStatus))
<BR><BR>[Stack]<UL><LI>Max Depth = 16<LI>Call Chain = USART_GetITStatus
</UL>
<BR>[Called By]<UL><LI><a href="#[2f]">&gt;&gt;</a>&nbsp;&nbsp;&nbsp;USART1_IRQHandler
</UL>

<P><STRONG><a name="[e6]"></a>USART_ITConfig</STRONG> (Thumb, 74 bytes, Stack size 20 bytes, stm32f10x_usart.o(i.USART_ITConfig))
<BR><BR>[Stack]<UL><LI>Max Depth = 20<LI>Call Chain = USART_ITConfig
</UL>
<BR>[Called By]<UL><LI><a href="#[65]">&gt;&gt;</a>&nbsp;&nbsp;&nbsp;uart2_init
<LI><a href="#[64]">&gt;&gt;</a>&nbsp;&nbsp;&nbsp;uart1_init
</UL>

<P><STRONG><a name="[c0]"></a>USART_Init</STRONG> (Thumb, 210 bytes, Stack size 56 bytes, stm32f10x_usart.o(i.USART_Init))
<BR><BR>[Stack]<UL><LI>Max Depth = 68<LI>Call Chain = USART_Init &rArr; RCC_GetClocksFreq
</UL>
<BR>[Calls]<UL><LI><a href="#[c1]">&gt;&gt;</a>&nbsp;&nbsp;&nbsp;RCC_GetClocksFreq
</UL>
<BR>[Called By]<UL><LI><a href="#[65]">&gt;&gt;</a>&nbsp;&nbsp;&nbsp;uart2_init
<LI><a href="#[64]">&gt;&gt;</a>&nbsp;&nbsp;&nbsp;uart1_init
</UL>

<P><STRONG><a name="[be]"></a>USART_ReceiveData</STRONG> (Thumb, 10 bytes, Stack size 0 bytes, stm32f10x_usart.o(i.USART_ReceiveData))
<BR><BR>[Called By]<UL><LI><a href="#[3a]">&gt;&gt;</a>&nbsp;&nbsp;&nbsp;USART2_DealTask
</UL>

<P><STRONG><a name="[bf]"></a>USART_SendData</STRONG> (Thumb, 8 bytes, Stack size 0 bytes, stm32f10x_usart.o(i.USART_SendData))
<BR><BR>[Called By]<UL><LI><a href="#[3a]">&gt;&gt;</a>&nbsp;&nbsp;&nbsp;USART2_DealTask
</UL>

<P><STRONG><a name="[5]"></a>UsageFault_Handler</STRONG> (Thumb, 4 bytes, Stack size 0 bytes, stm32f10x_it.o(i.UsageFault_Handler))
<BR>[Address Reference Count : 1]<UL><LI> startup_stm32f10x_md.o(RESET)
</UL>
<P><STRONG><a name="[3f]"></a>View_Fun</STRONG> (Thumb, 68 bytes, Stack size 8 bytes, bsp_button.o(i.View_Fun))
<BR><BR>[Stack]<UL><LI>Max Depth = 112<LI>Call Chain = View_Fun &rArr; xQueueGenericSend &rArr; vTaskPlaceOnEventList &rArr; prvAddCurrentTaskToDelayedList &rArr; vListInsert
</UL>
<BR>[Calls]<UL><LI><a href="#[72]">&gt;&gt;</a>&nbsp;&nbsp;&nbsp;xQueueGenericSend
<LI><a href="#[87]">&gt;&gt;</a>&nbsp;&nbsp;&nbsp;Exti_Close
</UL>
<BR>[Address Reference Count : 1]<UL><LI> bsp_button.o(i.Button_Init)
</UL>
<P><STRONG><a name="[c2]"></a>__0printf$6</STRONG> (Thumb, 22 bytes, Stack size 24 bytes, printf6.o(i.__0printf$6), UNUSED)
<BR><BR>[Calls]<UL><LI><a href="#[c3]">&gt;&gt;</a>&nbsp;&nbsp;&nbsp;_printf_core
</UL>

<P><STRONG><a name="[ff]"></a>__1printf$6</STRONG> (Thumb, 0 bytes, Stack size 24 bytes, printf6.o(i.__0printf$6), UNUSED)

<P><STRONG><a name="[58]"></a>__2printf</STRONG> (Thumb, 0 bytes, Stack size 24 bytes, printf6.o(i.__0printf$6))
<BR><BR>[Stack]<UL><LI>Max Depth = 24<LI>Call Chain = __2printf
</UL>
<BR>[Called By]<UL><LI><a href="#[ac]">&gt;&gt;</a>&nbsp;&nbsp;&nbsp;SPI_TIMEOUT_UsertCallback
<LI><a href="#[35]">&gt;&gt;</a>&nbsp;&nbsp;&nbsp;main
<LI><a href="#[47]">&gt;&gt;</a>&nbsp;&nbsp;&nbsp;AppTaskCreate
</UL>

<P><STRONG><a name="[c4]"></a>__0sprintf$6</STRONG> (Thumb, 34 bytes, Stack size 24 bytes, printf6.o(i.__0sprintf$6), UNUSED)
<BR><BR>[Calls]<UL><LI><a href="#[46]">&gt;&gt;</a>&nbsp;&nbsp;&nbsp;_sputc
<LI><a href="#[c3]">&gt;&gt;</a>&nbsp;&nbsp;&nbsp;_printf_core
</UL>

<P><STRONG><a name="[100]"></a>__1sprintf$6</STRONG> (Thumb, 0 bytes, Stack size 24 bytes, printf6.o(i.__0sprintf$6), UNUSED)

<P><STRONG><a name="[74]"></a>__2sprintf</STRONG> (Thumb, 0 bytes, Stack size 24 bytes, printf6.o(i.__0sprintf$6))
<BR><BR>[Stack]<UL><LI>Max Depth = 24<LI>Call Chain = __2sprintf
</UL>
<BR>[Called By]<UL><LI><a href="#[a7]">&gt;&gt;</a>&nbsp;&nbsp;&nbsp;Page_Up
<LI><a href="#[7a]">&gt;&gt;</a>&nbsp;&nbsp;&nbsp;Page_Down
<LI><a href="#[42]">&gt;&gt;</a>&nbsp;&nbsp;&nbsp;Ready_Fun
<LI><a href="#[3c]">&gt;&gt;</a>&nbsp;&nbsp;&nbsp;Button_Draw
[...]
</UL>
<P><STRONG><a name="[61]"></a>BSP_Init</STRONG> (Thumb, 150 bytes, Stack size 24 bytes, main.o(i.BSP_Init))
<BR><BR>[Stack]<UL><LI>Max Depth = 312<LI>Call Chain = BSP_Init &rArr; ILI9486_showstring_Ch &rArr; ILI9486_showchar_Ch &rArr; ILI9486_putpixel &rArr; ILI9486_write_data &rArr; SPI_SendByte &rArr; SPI_TIMEOUT_UsertCallback &rArr; __2printf
</UL>
<BR>[Calls]<UL><LI><a href="#[62]">&gt;&gt;</a>&nbsp;&nbsp;&nbsp;NVIC_PriorityGroupConfig
<LI><a href="#[65]">&gt;&gt;</a>&nbsp;&nbsp;&nbsp;uart2_init
<LI><a href="#[64]">&gt;&gt;</a>&nbsp;&nbsp;&nbsp;uart1_init
<LI><a href="#[6e]">&gt;&gt;</a>&nbsp;&nbsp;&nbsp;delay_xms
<LI><a href="#[69]">&gt;&gt;</a>&nbsp;&nbsp;&nbsp;TIMER3_Init
<LI><a href="#[6a]">&gt;&gt;</a>&nbsp;&nbsp;&nbsp;TIMER2_Init
<LI><a href="#[6b]">&gt;&gt;</a>&nbsp;&nbsp;&nbsp;TIMER1_Init
<LI><a href="#[6c]">&gt;&gt;</a>&nbsp;&nbsp;&nbsp;SPI_ILI9486_Init
<LI><a href="#[66]">&gt;&gt;</a>&nbsp;&nbsp;&nbsp;Key_Init
<LI><a href="#[6d]">&gt;&gt;</a>&nbsp;&nbsp;&nbsp;ILI9486_tftlcd_init
<LI><a href="#[71]">&gt;&gt;</a>&nbsp;&nbsp;&nbsp;ILI9486_showstring_Ch
<LI><a href="#[70]">&gt;&gt;</a>&nbsp;&nbsp;&nbsp;GT30L32S4W_Read
<LI><a href="#[6f]">&gt;&gt;</a>&nbsp;&nbsp;&nbsp;GT30L32S4W_Init
<LI><a href="#[68]">&gt;&gt;</a>&nbsp;&nbsp;&nbsp;Exti_Init
<LI><a href="#[63]">&gt;&gt;</a>&nbsp;&nbsp;&nbsp;Delay_Init
<LI><a href="#[67]">&gt;&gt;</a>&nbsp;&nbsp;&nbsp;Button_Init
<LI><a href="#[5d]">&gt;&gt;</a>&nbsp;&nbsp;&nbsp;BEEP_GPIO_Config
<LI><a href="#[51]">&gt;&gt;</a>&nbsp;&nbsp;&nbsp;ASCII_Addr_Tans
</UL>
<BR>[Called By]<UL><LI><a href="#[35]">&gt;&gt;</a>&nbsp;&nbsp;&nbsp;main
</UL>

<P><STRONG><a name="[39]"></a>EXTIX_DealTask</STRONG> (Thumb, 452 bytes, Stack size 24 bytes, main.o(i.EXTIX_DealTask))
<BR><BR>[Stack]<UL><LI>Max Depth = 312<LI>Call Chain = EXTIX_DealTask &rArr; ILI9486_showstring_Ch &rArr; ILI9486_showchar_Ch &rArr; ILI9486_putpixel &rArr; ILI9486_write_data &rArr; SPI_SendByte &rArr; SPI_TIMEOUT_UsertCallback &rArr; __2printf
</UL>
<BR>[Calls]<UL><LI><a href="#[80]">&gt;&gt;</a>&nbsp;&nbsp;&nbsp;GPIO_SetBits
<LI><a href="#[60]">&gt;&gt;</a>&nbsp;&nbsp;&nbsp;GPIO_ResetBits
<LI><a href="#[81]">&gt;&gt;</a>&nbsp;&nbsp;&nbsp;GPIO_ReadInputDataBit
<LI><a href="#[7f]">&gt;&gt;</a>&nbsp;&nbsp;&nbsp;xQueueGenericReceive
<LI><a href="#[82]">&gt;&gt;</a>&nbsp;&nbsp;&nbsp;vTaskDelay
<LI><a href="#[83]">&gt;&gt;</a>&nbsp;&nbsp;&nbsp;Timer3_Open
<LI><a href="#[85]">&gt;&gt;</a>&nbsp;&nbsp;&nbsp;Show_Data
<LI><a href="#[71]">&gt;&gt;</a>&nbsp;&nbsp;&nbsp;ILI9486_showstring_Ch
<LI><a href="#[75]">&gt;&gt;</a>&nbsp;&nbsp;&nbsp;ILI9486_draw_rectangle
<LI><a href="#[77]">&gt;&gt;</a>&nbsp;&nbsp;&nbsp;ILI9486_clear_screen
<LI><a href="#[87]">&gt;&gt;</a>&nbsp;&nbsp;&nbsp;Exti_Close
<LI><a href="#[86]">&gt;&gt;</a>&nbsp;&nbsp;&nbsp;TestData_Save
<LI><a href="#[88]">&gt;&gt;</a>&nbsp;&nbsp;&nbsp;USART_Cmd
<LI><a href="#[84]">&gt;&gt;</a>&nbsp;&nbsp;&nbsp;TIM_SetCounter
<LI><a href="#[7e]">&gt;&gt;</a>&nbsp;&nbsp;&nbsp;__aeabi_memclr4
<LI><a href="#[74]">&gt;&gt;</a>&nbsp;&nbsp;&nbsp;__2sprintf
</UL>
<BR>[Address Reference Count : 1]<UL><LI> main.o(i.AppTaskCreate)
</UL>
<P><STRONG><a name="[3b]"></a>Face_SwitchTask</STRONG> (Thumb, 154 bytes, Stack size 0 bytes, main.o(i.Face_SwitchTask))
<BR><BR>[Stack]<UL><LI>Max Depth = 344<LI>Call Chain = Face_SwitchTask &rArr; Show_LapRecords &rArr; ILI9486_showstring_Ch &rArr; ILI9486_showchar_Ch &rArr; ILI9486_putpixel &rArr; ILI9486_write_data &rArr; SPI_SendByte &rArr; SPI_TIMEOUT_UsertCallback &rArr; __2printf
</UL>
<BR>[Calls]<UL><LI><a href="#[7f]">&gt;&gt;</a>&nbsp;&nbsp;&nbsp;xQueueGenericReceive
<LI><a href="#[90]">&gt;&gt;</a>&nbsp;&nbsp;&nbsp;Slaver_Check_Interface
<LI><a href="#[92]">&gt;&gt;</a>&nbsp;&nbsp;&nbsp;Show_LapRecords
<LI><a href="#[93]">&gt;&gt;</a>&nbsp;&nbsp;&nbsp;Show_AcceleratedRecords
<LI><a href="#[91]">&gt;&gt;</a>&nbsp;&nbsp;&nbsp;Multi_slave_function_interface
<LI><a href="#[8e]">&gt;&gt;</a>&nbsp;&nbsp;&nbsp;MainMenu
<LI><a href="#[8f]">&gt;&gt;</a>&nbsp;&nbsp;&nbsp;Lap_Test_Menu
<LI><a href="#[87]">&gt;&gt;</a>&nbsp;&nbsp;&nbsp;Exti_Close
<LI><a href="#[76]">&gt;&gt;</a>&nbsp;&nbsp;&nbsp;Connection_Count_Show
<LI><a href="#[88]">&gt;&gt;</a>&nbsp;&nbsp;&nbsp;USART_Cmd
</UL>
<BR>[Address Reference Count : 1]<UL><LI> main.o(i.AppTaskCreate)
</UL>
<P><STRONG><a name="[38]"></a>KeyScan_Task</STRONG> (Thumb, 30 bytes, Stack size 0 bytes, main.o(i.KeyScan_Task))
<BR><BR>[Stack]<UL><LI>Max Depth = 64<LI>Call Chain = KeyScan_Task &rArr; Key_Scan &rArr; vTaskDelay &rArr; xTaskResumeAll &rArr; xTaskIncrementTick
</UL>
<BR>[Calls]<UL><LI><a href="#[82]">&gt;&gt;</a>&nbsp;&nbsp;&nbsp;vTaskDelay
<LI><a href="#[a5]">&gt;&gt;</a>&nbsp;&nbsp;&nbsp;Key_Scan
<LI><a href="#[a6]">&gt;&gt;</a>&nbsp;&nbsp;&nbsp;Button_Dealing
</UL>
<BR>[Address Reference Count : 1]<UL><LI> main.o(i.AppTaskCreate)
</UL>
<P><STRONG><a name="[86]"></a>TestData_Save</STRONG> (Thumb, 56 bytes, Stack size 0 bytes, main.o(i.TestData_Save))
<BR><BR>[Called By]<UL><LI><a href="#[3a]">&gt;&gt;</a>&nbsp;&nbsp;&nbsp;USART2_DealTask
<LI><a href="#[39]">&gt;&gt;</a>&nbsp;&nbsp;&nbsp;EXTIX_DealTask
</UL>

<P><STRONG><a name="[3a]"></a>USART2_DealTask</STRONG> (Thumb, 522 bytes, Stack size 40 bytes, main.o(i.USART2_DealTask))
<BR><BR>[Stack]<UL><LI>Max Depth = 328<LI>Call Chain = USART2_DealTask &rArr; ILI9486_showstring_Ch &rArr; ILI9486_showchar_Ch &rArr; ILI9486_putpixel &rArr; ILI9486_write_data &rArr; SPI_SendByte &rArr; SPI_TIMEOUT_UsertCallback &rArr; __2printf
</UL>
<BR>[Calls]<UL><LI><a href="#[7f]">&gt;&gt;</a>&nbsp;&nbsp;&nbsp;xQueueGenericReceive
<LI><a href="#[82]">&gt;&gt;</a>&nbsp;&nbsp;&nbsp;vTaskDelay
<LI><a href="#[73]">&gt;&gt;</a>&nbsp;&nbsp;&nbsp;Timer3_Off
<LI><a href="#[bb]">&gt;&gt;</a>&nbsp;&nbsp;&nbsp;Timer1_Open
<LI><a href="#[b9]">&gt;&gt;</a>&nbsp;&nbsp;&nbsp;Timer1_Off
<LI><a href="#[85]">&gt;&gt;</a>&nbsp;&nbsp;&nbsp;Show_Data
<LI><a href="#[71]">&gt;&gt;</a>&nbsp;&nbsp;&nbsp;ILI9486_showstring_Ch
<LI><a href="#[75]">&gt;&gt;</a>&nbsp;&nbsp;&nbsp;ILI9486_draw_rectangle
<LI><a href="#[77]">&gt;&gt;</a>&nbsp;&nbsp;&nbsp;ILI9486_clear_screen
<LI><a href="#[8d]">&gt;&gt;</a>&nbsp;&nbsp;&nbsp;Exti_Open
<LI><a href="#[86]">&gt;&gt;</a>&nbsp;&nbsp;&nbsp;TestData_Save
<LI><a href="#[bf]">&gt;&gt;</a>&nbsp;&nbsp;&nbsp;USART_SendData
<LI><a href="#[be]">&gt;&gt;</a>&nbsp;&nbsp;&nbsp;USART_ReceiveData
<LI><a href="#[7e]">&gt;&gt;</a>&nbsp;&nbsp;&nbsp;__aeabi_memclr4
<LI><a href="#[74]">&gt;&gt;</a>&nbsp;&nbsp;&nbsp;__2sprintf
</UL>
<BR>[Address Reference Count : 1]<UL><LI> main.o(i.AppTaskCreate)
</UL>
<P><STRONG><a name="[44]"></a>Backtrack1_Fun</STRONG> (Thumb, 28 bytes, Stack size 8 bytes, bsp_button.o(i.Backtrack1_Fun))
<BR><BR>[Stack]<UL><LI>Max Depth = 112<LI>Call Chain = Backtrack1_Fun &rArr; xQueueGenericSend &rArr; vTaskPlaceOnEventList &rArr; prvAddCurrentTaskToDelayedList &rArr; vListInsert
</UL>
<BR>[Calls]<UL><LI><a href="#[72]">&gt;&gt;</a>&nbsp;&nbsp;&nbsp;xQueueGenericSend
</UL>
<BR>[Address Reference Count : 1]<UL><LI> bsp_button.o(i.Button_Init)
</UL>
<P><STRONG><a name="[3e]"></a>Backtrack_Fun</STRONG> (Thumb, 186 bytes, Stack size 8 bytes, bsp_button.o(i.Backtrack_Fun))
<BR><BR>[Stack]<UL><LI>Max Depth = 112<LI>Call Chain = Backtrack_Fun &rArr; xQueueGenericSend &rArr; vTaskPlaceOnEventList &rArr; prvAddCurrentTaskToDelayedList &rArr; vListInsert
</UL>
<BR>[Calls]<UL><LI><a href="#[72]">&gt;&gt;</a>&nbsp;&nbsp;&nbsp;xQueueGenericSend
<LI><a href="#[73]">&gt;&gt;</a>&nbsp;&nbsp;&nbsp;Timer3_Off
</UL>
<BR>[Address Reference Count : 1]<UL><LI> bsp_button.o(i.Button_Init)
</UL>
<P><STRONG><a name="[3c]"></a>Button_Draw</STRONG> (Thumb, 168 bytes, Stack size 24 bytes, bsp_button.o(i.Button_Draw))
<BR><BR>[Stack]<UL><LI>Max Depth = 312<LI>Call Chain = Button_Draw &rArr; ILI9486_showstring_Ch &rArr; ILI9486_showchar_Ch &rArr; ILI9486_putpixel &rArr; ILI9486_write_data &rArr; SPI_SendByte &rArr; SPI_TIMEOUT_UsertCallback &rArr; __2printf
</UL>
<BR>[Calls]<UL><LI><a href="#[71]">&gt;&gt;</a>&nbsp;&nbsp;&nbsp;ILI9486_showstring_Ch
<LI><a href="#[75]">&gt;&gt;</a>&nbsp;&nbsp;&nbsp;ILI9486_draw_rectangle
<LI><a href="#[74]">&gt;&gt;</a>&nbsp;&nbsp;&nbsp;__2sprintf
</UL>
<BR>[Address Reference Count : 1]<UL><LI> bsp_button.o(i.Button_Init)
</UL>
<P><STRONG><a name="[3d]"></a>Determine_Fun</STRONG> (Thumb, 156 bytes, Stack size 8 bytes, bsp_button.o(i.Determine_Fun))
<BR><BR>[Stack]<UL><LI>Max Depth = 112<LI>Call Chain = Determine_Fun &rArr; xQueueGenericSend &rArr; vTaskPlaceOnEventList &rArr; prvAddCurrentTaskToDelayedList &rArr; vListInsert
</UL>
<BR>[Calls]<UL><LI><a href="#[72]">&gt;&gt;</a>&nbsp;&nbsp;&nbsp;xQueueGenericSend
</UL>
<BR>[Address Reference Count : 1]<UL><LI> bsp_button.o(i.Button_Init)
</UL>
<P><STRONG><a name="[41]"></a>Down_Fun</STRONG> (Thumb, 130 bytes, Stack size 8 bytes, bsp_button.o(i.Down_Fun))
<BR><BR>[Stack]<UL><LI>Max Depth = 344<LI>Call Chain = Down_Fun &rArr; Page_Down &rArr; ILI9486_showstring_Ch &rArr; ILI9486_showchar_Ch &rArr; ILI9486_putpixel &rArr; ILI9486_write_data &rArr; SPI_SendByte &rArr; SPI_TIMEOUT_UsertCallback &rArr; __2printf
</UL>
<BR>[Calls]<UL><LI><a href="#[7a]">&gt;&gt;</a>&nbsp;&nbsp;&nbsp;Page_Down
<LI><a href="#[71]">&gt;&gt;</a>&nbsp;&nbsp;&nbsp;ILI9486_showstring_Ch
<LI><a href="#[77]">&gt;&gt;</a>&nbsp;&nbsp;&nbsp;ILI9486_clear_screen
</UL>
<BR>[Address Reference Count : 1]<UL><LI> bsp_button.o(i.Button_Init)
</UL>
<P><STRONG><a name="[40]"></a>Up_Fun</STRONG> (Thumb, 130 bytes, Stack size 8 bytes, bsp_button.o(i.Up_Fun))
<BR><BR>[Stack]<UL><LI>Max Depth = 344<LI>Call Chain = Up_Fun &rArr; Page_Up &rArr; ILI9486_showstring_Ch &rArr; ILI9486_showchar_Ch &rArr; ILI9486_putpixel &rArr; ILI9486_write_data &rArr; SPI_SendByte &rArr; SPI_TIMEOUT_UsertCallback &rArr; __2printf
</UL>
<BR>[Calls]<UL><LI><a href="#[a7]">&gt;&gt;</a>&nbsp;&nbsp;&nbsp;Page_Up
<LI><a href="#[71]">&gt;&gt;</a>&nbsp;&nbsp;&nbsp;ILI9486_showstring_Ch
<LI><a href="#[77]">&gt;&gt;</a>&nbsp;&nbsp;&nbsp;ILI9486_clear_screen
</UL>
<BR>[Address Reference Count : 1]<UL><LI> bsp_button.o(i.Button_Init)
</UL>
<P><STRONG><a name="[ac]"></a>SPI_TIMEOUT_UsertCallback</STRONG> (Thumb, 16 bytes, Stack size 8 bytes, bsp_spi.o(i.SPI_TIMEOUT_UsertCallback))
<BR><BR>[Stack]<UL><LI>Max Depth = 32<LI>Call Chain = SPI_TIMEOUT_UsertCallback &rArr; __2printf
</UL>
<BR>[Calls]<UL><LI><a href="#[58]">&gt;&gt;</a>&nbsp;&nbsp;&nbsp;__2printf
</UL>
<BR>[Called By]<UL><LI><a href="#[9b]">&gt;&gt;</a>&nbsp;&nbsp;&nbsp;SPI_SendByte
</UL>

<P><STRONG><a name="[d4]"></a>prvCopyDataFromQueue</STRONG> (Thumb, 42 bytes, Stack size 16 bytes, queue.o(i.prvCopyDataFromQueue))
<BR><BR>[Stack]<UL><LI>Max Depth = 16<LI>Call Chain = prvCopyDataFromQueue
</UL>
<BR>[Calls]<UL><LI><a href="#[d5]">&gt;&gt;</a>&nbsp;&nbsp;&nbsp;__aeabi_memcpy
</UL>
<BR>[Called By]<UL><LI><a href="#[7f]">&gt;&gt;</a>&nbsp;&nbsp;&nbsp;xQueueGenericReceive
</UL>

<P><STRONG><a name="[d6]"></a>prvCopyDataToQueue</STRONG> (Thumb, 106 bytes, Stack size 24 bytes, queue.o(i.prvCopyDataToQueue))
<BR><BR>[Stack]<UL><LI>Max Depth = 24<LI>Call Chain = prvCopyDataToQueue
</UL>
<BR>[Calls]<UL><LI><a href="#[d5]">&gt;&gt;</a>&nbsp;&nbsp;&nbsp;__aeabi_memcpy
</UL>
<BR>[Called By]<UL><LI><a href="#[72]">&gt;&gt;</a>&nbsp;&nbsp;&nbsp;xQueueGenericSend
</UL>

<P><STRONG><a name="[d8]"></a>prvInitialiseNewQueue</STRONG> (Thumb, 38 bytes, Stack size 24 bytes, queue.o(i.prvInitialiseNewQueue))
<BR><BR>[Stack]<UL><LI>Max Depth = 56<LI>Call Chain = prvInitialiseNewQueue &rArr; xQueueGenericReset &rArr; xTaskRemoveFromEventList
</UL>
<BR>[Calls]<UL><LI><a href="#[d9]">&gt;&gt;</a>&nbsp;&nbsp;&nbsp;xQueueGenericReset
</UL>
<BR>[Called By]<UL><LI><a href="#[57]">&gt;&gt;</a>&nbsp;&nbsp;&nbsp;xQueueGenericCreate
</UL>

<P><STRONG><a name="[de]"></a>prvIsQueueEmpty</STRONG> (Thumb, 26 bytes, Stack size 16 bytes, queue.o(i.prvIsQueueEmpty))
<BR><BR>[Stack]<UL><LI>Max Depth = 16<LI>Call Chain = prvIsQueueEmpty
</UL>
<BR>[Calls]<UL><LI><a href="#[5c]">&gt;&gt;</a>&nbsp;&nbsp;&nbsp;vPortExitCritical
<LI><a href="#[56]">&gt;&gt;</a>&nbsp;&nbsp;&nbsp;vPortEnterCritical
</UL>
<BR>[Called By]<UL><LI><a href="#[7f]">&gt;&gt;</a>&nbsp;&nbsp;&nbsp;xQueueGenericReceive
</UL>

<P><STRONG><a name="[df]"></a>prvIsQueueFull</STRONG> (Thumb, 30 bytes, Stack size 16 bytes, queue.o(i.prvIsQueueFull))
<BR><BR>[Stack]<UL><LI>Max Depth = 16<LI>Call Chain = prvIsQueueFull
</UL>
<BR>[Calls]<UL><LI><a href="#[5c]">&gt;&gt;</a>&nbsp;&nbsp;&nbsp;vPortExitCritical
<LI><a href="#[56]">&gt;&gt;</a>&nbsp;&nbsp;&nbsp;vPortEnterCritical
</UL>
<BR>[Called By]<UL><LI><a href="#[72]">&gt;&gt;</a>&nbsp;&nbsp;&nbsp;xQueueGenericSend
</UL>

<P><STRONG><a name="[e0]"></a>prvUnlockQueue</STRONG> (Thumb, 126 bytes, Stack size 16 bytes, queue.o(i.prvUnlockQueue))
<BR><BR>[Stack]<UL><LI>Max Depth = 32<LI>Call Chain = prvUnlockQueue &rArr; xTaskRemoveFromEventList
</UL>
<BR>[Calls]<UL><LI><a href="#[5c]">&gt;&gt;</a>&nbsp;&nbsp;&nbsp;vPortExitCritical
<LI><a href="#[56]">&gt;&gt;</a>&nbsp;&nbsp;&nbsp;vPortEnterCritical
<LI><a href="#[e1]">&gt;&gt;</a>&nbsp;&nbsp;&nbsp;xTaskRemoveFromEventList
<LI><a href="#[e2]">&gt;&gt;</a>&nbsp;&nbsp;&nbsp;vTaskMissedYield
</UL>
<BR>[Called By]<UL><LI><a href="#[72]">&gt;&gt;</a>&nbsp;&nbsp;&nbsp;xQueueGenericSend
<LI><a href="#[7f]">&gt;&gt;</a>&nbsp;&nbsp;&nbsp;xQueueGenericReceive
</UL>

<P><STRONG><a name="[ca]"></a>prvAddCurrentTaskToDelayedList</STRONG> (Thumb, 124 bytes, Stack size 24 bytes, tasks.o(i.prvAddCurrentTaskToDelayedList))
<BR><BR>[Stack]<UL><LI>Max Depth = 32<LI>Call Chain = prvAddCurrentTaskToDelayedList &rArr; vListInsert
</UL>
<BR>[Calls]<UL><LI><a href="#[cc]">&gt;&gt;</a>&nbsp;&nbsp;&nbsp;vListInsertEnd
<LI><a href="#[cd]">&gt;&gt;</a>&nbsp;&nbsp;&nbsp;vListInsert
<LI><a href="#[cb]">&gt;&gt;</a>&nbsp;&nbsp;&nbsp;uxListRemove
</UL>
<BR>[Called By]<UL><LI><a href="#[82]">&gt;&gt;</a>&nbsp;&nbsp;&nbsp;vTaskDelay
<LI><a href="#[e8]">&gt;&gt;</a>&nbsp;&nbsp;&nbsp;vTaskPlaceOnEventList
</UL>

<P><STRONG><a name="[ce]"></a>prvAddNewTaskToReadyList</STRONG> (Thumb, 150 bytes, Stack size 8 bytes, tasks.o(i.prvAddNewTaskToReadyList))
<BR><BR>[Stack]<UL><LI>Max Depth = 16<LI>Call Chain = prvAddNewTaskToReadyList &rArr; prvInitialiseTaskLists
</UL>
<BR>[Calls]<UL><LI><a href="#[cc]">&gt;&gt;</a>&nbsp;&nbsp;&nbsp;vListInsertEnd
<LI><a href="#[5c]">&gt;&gt;</a>&nbsp;&nbsp;&nbsp;vPortExitCritical
<LI><a href="#[56]">&gt;&gt;</a>&nbsp;&nbsp;&nbsp;vPortEnterCritical
<LI><a href="#[cf]">&gt;&gt;</a>&nbsp;&nbsp;&nbsp;prvInitialiseTaskLists
</UL>
<BR>[Called By]<UL><LI><a href="#[59]">&gt;&gt;</a>&nbsp;&nbsp;&nbsp;xTaskCreateStatic
<LI><a href="#[5a]">&gt;&gt;</a>&nbsp;&nbsp;&nbsp;xTaskCreate
</UL>

<P><STRONG><a name="[d0]"></a>prvCheckTasksWaitingTermination</STRONG> (Thumb, 86 bytes, Stack size 16 bytes, tasks.o(i.prvCheckTasksWaitingTermination))
<BR><BR>[Stack]<UL><LI>Max Depth = 80<LI>Call Chain = prvCheckTasksWaitingTermination &rArr; prvDeleteTCB &rArr; vPortFree &rArr; xTaskResumeAll &rArr; xTaskIncrementTick
</UL>
<BR>[Calls]<UL><LI><a href="#[cb]">&gt;&gt;</a>&nbsp;&nbsp;&nbsp;uxListRemove
<LI><a href="#[d2]">&gt;&gt;</a>&nbsp;&nbsp;&nbsp;xTaskResumeAll
<LI><a href="#[d1]">&gt;&gt;</a>&nbsp;&nbsp;&nbsp;vTaskSuspendAll
<LI><a href="#[5c]">&gt;&gt;</a>&nbsp;&nbsp;&nbsp;vPortExitCritical
<LI><a href="#[56]">&gt;&gt;</a>&nbsp;&nbsp;&nbsp;vPortEnterCritical
<LI><a href="#[d3]">&gt;&gt;</a>&nbsp;&nbsp;&nbsp;prvDeleteTCB
</UL>
<BR>[Called By]<UL><LI><a href="#[49]">&gt;&gt;</a>&nbsp;&nbsp;&nbsp;prvIdleTask
</UL>

<P><STRONG><a name="[d3]"></a>prvDeleteTCB</STRONG> (Thumb, 40 bytes, Stack size 8 bytes, tasks.o(i.prvDeleteTCB))
<BR><BR>[Stack]<UL><LI>Max Depth = 64<LI>Call Chain = prvDeleteTCB &rArr; vPortFree &rArr; xTaskResumeAll &rArr; xTaskIncrementTick
</UL>
<BR>[Calls]<UL><LI><a href="#[d7]">&gt;&gt;</a>&nbsp;&nbsp;&nbsp;vPortFree
</UL>
<BR>[Called By]<UL><LI><a href="#[5b]">&gt;&gt;</a>&nbsp;&nbsp;&nbsp;vTaskDelete
<LI><a href="#[d0]">&gt;&gt;</a>&nbsp;&nbsp;&nbsp;prvCheckTasksWaitingTermination
</UL>

<P><STRONG><a name="[49]"></a>prvIdleTask</STRONG> (Thumb, 32 bytes, Stack size 0 bytes, tasks.o(i.prvIdleTask))
<BR><BR>[Stack]<UL><LI>Max Depth = 80<LI>Call Chain = prvIdleTask &rArr; prvCheckTasksWaitingTermination &rArr; prvDeleteTCB &rArr; vPortFree &rArr; xTaskResumeAll &rArr; xTaskIncrementTick
</UL>
<BR>[Calls]<UL><LI><a href="#[d0]">&gt;&gt;</a>&nbsp;&nbsp;&nbsp;prvCheckTasksWaitingTermination
</UL>
<BR>[Address Reference Count : 1]<UL><LI> tasks.o(i.vTaskStartScheduler)
</UL>
<P><STRONG><a name="[da]"></a>prvInitialiseNewTask</STRONG> (Thumb, 128 bytes, Stack size 56 bytes, tasks.o(i.prvInitialiseNewTask))
<BR><BR>[Stack]<UL><LI>Max Depth = 56<LI>Call Chain = prvInitialiseNewTask
</UL>
<BR>[Calls]<UL><LI><a href="#[db]">&gt;&gt;</a>&nbsp;&nbsp;&nbsp;vListInitialiseItem
<LI><a href="#[dc]">&gt;&gt;</a>&nbsp;&nbsp;&nbsp;pxPortInitialiseStack
</UL>
<BR>[Called By]<UL><LI><a href="#[59]">&gt;&gt;</a>&nbsp;&nbsp;&nbsp;xTaskCreateStatic
<LI><a href="#[5a]">&gt;&gt;</a>&nbsp;&nbsp;&nbsp;xTaskCreate
</UL>

<P><STRONG><a name="[cf]"></a>prvInitialiseTaskLists</STRONG> (Thumb, 70 bytes, Stack size 8 bytes, tasks.o(i.prvInitialiseTaskLists))
<BR><BR>[Stack]<UL><LI>Max Depth = 8<LI>Call Chain = prvInitialiseTaskLists
</UL>
<BR>[Calls]<UL><LI><a href="#[dd]">&gt;&gt;</a>&nbsp;&nbsp;&nbsp;vListInitialise
</UL>
<BR>[Called By]<UL><LI><a href="#[ce]">&gt;&gt;</a>&nbsp;&nbsp;&nbsp;prvAddNewTaskToReadyList
</UL>

<P><STRONG><a name="[e7]"></a>prvResetNextTaskUnblockTime</STRONG> (Thumb, 42 bytes, Stack size 0 bytes, tasks.o(i.prvResetNextTaskUnblockTime))
<BR><BR>[Called By]<UL><LI><a href="#[d2]">&gt;&gt;</a>&nbsp;&nbsp;&nbsp;xTaskResumeAll
<LI><a href="#[5b]">&gt;&gt;</a>&nbsp;&nbsp;&nbsp;vTaskDelete
<LI><a href="#[ed]">&gt;&gt;</a>&nbsp;&nbsp;&nbsp;xTaskIncrementTick
</UL>

<P><STRONG><a name="[48]"></a>prvTaskExitError</STRONG> (Thumb, 22 bytes, Stack size 0 bytes, port.o(i.prvTaskExitError))
<BR>[Address Reference Count : 1]<UL><LI> port.o(i.pxPortInitialiseStack)
</UL>
<P><STRONG><a name="[e4]"></a>prvHeapInit</STRONG> (Thumb, 98 bytes, Stack size 12 bytes, heap_4.o(i.prvHeapInit))
<BR><BR>[Stack]<UL><LI>Max Depth = 12<LI>Call Chain = prvHeapInit
</UL>
<BR>[Called By]<UL><LI><a href="#[e3]">&gt;&gt;</a>&nbsp;&nbsp;&nbsp;pvPortMalloc
</UL>

<P><STRONG><a name="[e5]"></a>prvInsertBlockIntoFreeList</STRONG> (Thumb, 96 bytes, Stack size 8 bytes, heap_4.o(i.prvInsertBlockIntoFreeList))
<BR><BR>[Stack]<UL><LI>Max Depth = 8<LI>Call Chain = prvInsertBlockIntoFreeList
</UL>
<BR>[Called By]<UL><LI><a href="#[d7]">&gt;&gt;</a>&nbsp;&nbsp;&nbsp;vPortFree
<LI><a href="#[e3]">&gt;&gt;</a>&nbsp;&nbsp;&nbsp;pvPortMalloc
</UL>

<P><STRONG><a name="[c3]"></a>_printf_core</STRONG> (Thumb, 748 bytes, Stack size 96 bytes, printf6.o(i._printf_core), UNUSED)
<BR><BR>[Calls]<UL><LI><a href="#[c6]">&gt;&gt;</a>&nbsp;&nbsp;&nbsp;__aeabi_uidivmod
<LI><a href="#[c5]">&gt;&gt;</a>&nbsp;&nbsp;&nbsp;_printf_pre_padding
<LI><a href="#[c7]">&gt;&gt;</a>&nbsp;&nbsp;&nbsp;_printf_post_padding
</UL>
<BR>[Called By]<UL><LI><a href="#[c4]">&gt;&gt;</a>&nbsp;&nbsp;&nbsp;__0sprintf$6
<LI><a href="#[c2]">&gt;&gt;</a>&nbsp;&nbsp;&nbsp;__0printf$6
</UL>

<P><STRONG><a name="[c7]"></a>_printf_post_padding</STRONG> (Thumb, 36 bytes, Stack size 24 bytes, printf6.o(i._printf_post_padding), UNUSED)
<BR><BR>[Called By]<UL><LI><a href="#[c3]">&gt;&gt;</a>&nbsp;&nbsp;&nbsp;_printf_core
</UL>

<P><STRONG><a name="[c5]"></a>_printf_pre_padding</STRONG> (Thumb, 46 bytes, Stack size 24 bytes, printf6.o(i._printf_pre_padding), UNUSED)
<BR><BR>[Called By]<UL><LI><a href="#[c3]">&gt;&gt;</a>&nbsp;&nbsp;&nbsp;_printf_core
</UL>

<P><STRONG><a name="[46]"></a>_sputc</STRONG> (Thumb, 10 bytes, Stack size 0 bytes, printf6.o(i._sputc))
<BR><BR>[Called By]<UL><LI><a href="#[c4]">&gt;&gt;</a>&nbsp;&nbsp;&nbsp;__0sprintf$6
</UL>
<BR>[Address Reference Count : 1]<UL><LI> printf6.o(i.__0sprintf$6)
</UL><P>
<H3>
Undefined Global Symbols
</H3><HR></body></html>
